 WEC_Sim_Driver_sfun

 Timestamp is 5205088a (Fri Aug 09 09:19:38 2013)

 Preferred load address is 0000000180000000

 Start         Length     Name                   Class
 0001:00000000 00053914H .text                   CODE
 0001:00053920 00000092H .text$x                 CODE
 0002:00000000 000004a8H .idata$5                DATA
 0002:000004a8 00000008H .CRT$XCA                DATA
 0002:000004b0 00000008H .CRT$XCZ                DATA
 0002:000004b8 00000008H .CRT$XIA                DATA
 0002:000004c0 00000008H .CRT$XIAA               DATA
 0002:000004c8 00000008H .CRT$XIZ                DATA
 0002:000004d0 00004b2cH .rdata                  DATA
 0002:00005000 00000008H .rtc$IAA                DATA
 0002:00005008 00000008H .rtc$IZZ                DATA
 0002:00005010 00000008H .rtc$TAA                DATA
 0002:00005018 00000008H .rtc$TZZ                DATA
 0002:00005020 00004b64H .xdata                  DATA
 0002:00009b84 000000a0H .idata$2                DATA
 0002:00009c24 00000014H .idata$3                DATA
 0002:00009c38 000004a8H .idata$4                DATA
 0002:0000a0e0 00000af2H .idata$6                DATA
 0002:0000abe0 00000059H .edata                  DATA
 0003:00000000 000085f8H .data                   DATA
 0003:00008600 000600b8H .bss                    DATA
 0004:00000000 00003ce4H .pdata                  DATA

  Address         Publics by Value              Rva+Base               Lib:Object

 0000:00000000       ___safe_se_handler_count   0000000000000000     <absolute>
 0000:00000000       ___safe_se_handler_table   0000000000000000     <absolute>
 0000:00000000       __ImageBase                0000000180000000     <linker-defined>
 0001:00000000       sf_c1_WEC_Sim_Driver_get_eml_resolved_functions_info 0000000180001000 f   c1_WEC_Sim_Driver.obj
 0001:00000da0       sf_c1_WEC_Sim_Driver_get_check_sum 0000000180001da0 f   c1_WEC_Sim_Driver.obj
 0001:00000e20       sf_c1_WEC_Sim_Driver_get_autoinheritance_info 0000000180001e20 f   c1_WEC_Sim_Driver.obj
 0001:00001240       sf_c1_WEC_Sim_Driver_third_party_uses_info 0000000180002240 f   c1_WEC_Sim_Driver.obj
 0001:00001270       sf_internal_get_sim_state_c1_WEC_Sim_Driver 0000000180002270 f   c1_WEC_Sim_Driver.obj
 0001:00001620       sf_internal_set_sim_state_c1_WEC_Sim_Driver 0000000180002620 f   c1_WEC_Sim_Driver.obj
 0001:00001ac0       c1_WEC_Sim_Driver_method_dispatcher 0000000180002ac0 f   c1_WEC_Sim_Driver.obj
 0001:000042d0       sf_c2_WEC_Sim_Driver_get_eml_resolved_functions_info 00000001800052d0 f   c2_WEC_Sim_Driver.obj
 0001:000050e0       sf_c2_WEC_Sim_Driver_get_check_sum 00000001800060e0 f   c2_WEC_Sim_Driver.obj
 0001:00005160       sf_c2_WEC_Sim_Driver_get_autoinheritance_info 0000000180006160 f   c2_WEC_Sim_Driver.obj
 0001:00005580       sf_c2_WEC_Sim_Driver_third_party_uses_info 0000000180006580 f   c2_WEC_Sim_Driver.obj
 0001:000055b0       sf_internal_get_sim_state_c2_WEC_Sim_Driver 00000001800065b0 f   c2_WEC_Sim_Driver.obj
 0001:00005960       sf_internal_set_sim_state_c2_WEC_Sim_Driver 0000000180006960 f   c2_WEC_Sim_Driver.obj
 0001:00005e00       c2_WEC_Sim_Driver_method_dispatcher 0000000180006e00 f   c2_WEC_Sim_Driver.obj
 0001:00008620       sf_c3_WEC_Sim_Driver_get_eml_resolved_functions_info 0000000180009620 f   c3_WEC_Sim_Driver.obj
 0001:00009400       sf_c3_WEC_Sim_Driver_get_check_sum 000000018000a400 f   c3_WEC_Sim_Driver.obj
 0001:00009480       sf_c3_WEC_Sim_Driver_get_autoinheritance_info 000000018000a480 f   c3_WEC_Sim_Driver.obj
 0001:000098a0       sf_c3_WEC_Sim_Driver_third_party_uses_info 000000018000a8a0 f   c3_WEC_Sim_Driver.obj
 0001:000098d0       sf_internal_get_sim_state_c3_WEC_Sim_Driver 000000018000a8d0 f   c3_WEC_Sim_Driver.obj
 0001:00009c80       sf_internal_set_sim_state_c3_WEC_Sim_Driver 000000018000ac80 f   c3_WEC_Sim_Driver.obj
 0001:0000a120       c3_WEC_Sim_Driver_method_dispatcher 000000018000b120 f   c3_WEC_Sim_Driver.obj
 0001:0000c980       sf_c4_WEC_Sim_Driver_get_eml_resolved_functions_info 000000018000d980 f   c4_WEC_Sim_Driver.obj
 0001:0000d720       sf_c4_WEC_Sim_Driver_get_check_sum 000000018000e720 f   c4_WEC_Sim_Driver.obj
 0001:0000d7a0       sf_c4_WEC_Sim_Driver_get_autoinheritance_info 000000018000e7a0 f   c4_WEC_Sim_Driver.obj
 0001:0000dbc0       sf_c4_WEC_Sim_Driver_third_party_uses_info 000000018000ebc0 f   c4_WEC_Sim_Driver.obj
 0001:0000dbf0       sf_internal_get_sim_state_c4_WEC_Sim_Driver 000000018000ebf0 f   c4_WEC_Sim_Driver.obj
 0001:0000dfb0       sf_internal_set_sim_state_c4_WEC_Sim_Driver 000000018000efb0 f   c4_WEC_Sim_Driver.obj
 0001:0000e450       c4_WEC_Sim_Driver_method_dispatcher 000000018000f450 f   c4_WEC_Sim_Driver.obj
 0001:00010ce0       sf_c5_WEC_Sim_Driver_get_eml_resolved_functions_info 0000000180011ce0 f   c5_WEC_Sim_Driver.obj
 0001:00011af0       sf_c5_WEC_Sim_Driver_get_check_sum 0000000180012af0 f   c5_WEC_Sim_Driver.obj
 0001:00011b70       sf_c5_WEC_Sim_Driver_get_autoinheritance_info 0000000180012b70 f   c5_WEC_Sim_Driver.obj
 0001:00011f90       sf_c5_WEC_Sim_Driver_third_party_uses_info 0000000180012f90 f   c5_WEC_Sim_Driver.obj
 0001:00011fc0       sf_internal_get_sim_state_c5_WEC_Sim_Driver 0000000180012fc0 f   c5_WEC_Sim_Driver.obj
 0001:00012370       sf_internal_set_sim_state_c5_WEC_Sim_Driver 0000000180013370 f   c5_WEC_Sim_Driver.obj
 0001:00012810       c5_WEC_Sim_Driver_method_dispatcher 0000000180013810 f   c5_WEC_Sim_Driver.obj
 0001:00015060       sf_c7_WEC_Sim_Driver_get_eml_resolved_functions_info 0000000180016060 f   c7_WEC_Sim_Driver.obj
 0001:000157d0       sf_c7_WEC_Sim_Driver_get_check_sum 00000001800167d0 f   c7_WEC_Sim_Driver.obj
 0001:00015850       sf_c7_WEC_Sim_Driver_get_autoinheritance_info 0000000180016850 f   c7_WEC_Sim_Driver.obj
 0001:00015f00       sf_c7_WEC_Sim_Driver_third_party_uses_info 0000000180016f00 f   c7_WEC_Sim_Driver.obj
 0001:00015f30       sf_internal_get_sim_state_c7_WEC_Sim_Driver 0000000180016f30 f   c7_WEC_Sim_Driver.obj
 0001:00016300       sf_internal_set_sim_state_c7_WEC_Sim_Driver 0000000180017300 f   c7_WEC_Sim_Driver.obj
 0001:000167c0       c7_WEC_Sim_Driver_method_dispatcher 00000001800177c0 f   c7_WEC_Sim_Driver.obj
 0001:00018f10       sf_c14_WEC_Sim_Driver_get_eml_resolved_functions_info 0000000180019f10 f   c14_WEC_Sim_Driver.obj
 0001:00019640       sf_c14_WEC_Sim_Driver_get_check_sum 000000018001a640 f   c14_WEC_Sim_Driver.obj
 0001:000196c0       sf_c14_WEC_Sim_Driver_get_autoinheritance_info 000000018001a6c0 f   c14_WEC_Sim_Driver.obj
 0001:00019d70       sf_c14_WEC_Sim_Driver_third_party_uses_info 000000018001ad70 f   c14_WEC_Sim_Driver.obj
 0001:00019da0       sf_internal_get_sim_state_c14_WEC_Sim_Driver 000000018001ada0 f   c14_WEC_Sim_Driver.obj
 0001:0001a140       sf_internal_set_sim_state_c14_WEC_Sim_Driver 000000018001b140 f   c14_WEC_Sim_Driver.obj
 0001:0001a600       c14_WEC_Sim_Driver_method_dispatcher 000000018001b600 f   c14_WEC_Sim_Driver.obj
 0001:0001cd00       sf_c15_WEC_Sim_Driver_get_eml_resolved_functions_info 000000018001dd00 f   c15_WEC_Sim_Driver.obj
 0001:0001daa0       sf_c15_WEC_Sim_Driver_get_check_sum 000000018001eaa0 f   c15_WEC_Sim_Driver.obj
 0001:0001db20       sf_c15_WEC_Sim_Driver_get_autoinheritance_info 000000018001eb20 f   c15_WEC_Sim_Driver.obj
 0001:0001df40       sf_c15_WEC_Sim_Driver_third_party_uses_info 000000018001ef40 f   c15_WEC_Sim_Driver.obj
 0001:0001df70       sf_internal_get_sim_state_c15_WEC_Sim_Driver 000000018001ef70 f   c15_WEC_Sim_Driver.obj
 0001:0001e310       sf_internal_set_sim_state_c15_WEC_Sim_Driver 000000018001f310 f   c15_WEC_Sim_Driver.obj
 0001:0001e7b0       c15_WEC_Sim_Driver_method_dispatcher 000000018001f7b0 f   c15_WEC_Sim_Driver.obj
 0001:00021020       sf_process_check_sum_call  0000000180022020 f   WEC_Sim_Driver_sfun_registry.obj
 0001:00021070       sf_process_autoinheritance_call 0000000180022070 f   WEC_Sim_Driver_sfun_registry.obj
 0001:00021210       sf_process_get_third_party_uses_info_call 0000000180022210 f   WEC_Sim_Driver_sfun_registry.obj
 0001:000213b0       sf_process_get_eml_resolved_functions_info_call 00000001800223b0 f   WEC_Sim_Driver_sfun_registry.obj
 0001:00021530       sf_mex_unlock_call         0000000180022530 f   WEC_Sim_Driver_sfun_registry.obj
 0001:000215e0       sf_machine_global_initializer_called 00000001800225e0 f   WEC_Sim_Driver_sfun_registry.obj
 0001:00021610       sf_machine_global_method_dispatcher 0000000180022610 f   WEC_Sim_Driver_sfun_registry.obj
 0001:00021670       sf_machine_global_terminator 0000000180022670 f   WEC_Sim_Driver_sfun_registry.obj
 0001:000216c0       sf_register_machine_exported_symbols 00000001800226c0 f   WEC_Sim_Driver_sfun_registry.obj
 0001:000216e0       callCustomFcn              00000001800226e0 f   WEC_Sim_Driver_sfun_registry.obj
 0001:000216f0       sf_machine_global_initializer 00000001800226f0 f   WEC_Sim_Driver_sfun_registry.obj
 0001:00021770       _ssSetStateAbsTol          0000000180022770 f   WEC_Sim_Driver_sfun_registry.obj
 0001:00021850       _ssGetAbsTol               0000000180022850 f   WEC_Sim_Driver_sfun_registry.obj
 0001:000218c0       _ssSetInputPortMatrixDimensions 00000001800228c0 f   WEC_Sim_Driver_sfun_registry.obj
 0001:000219d0       _ssSetOutputPortMatrixDimensions 00000001800229d0 f   WEC_Sim_Driver_sfun_registry.obj
 0001:00021ae0       _ssSetInputPortVectorDimension 0000000180022ae0 f   WEC_Sim_Driver_sfun_registry.obj
 0001:00021bb0       _ssSetOutputPortVectorDimension 0000000180022bb0 f   WEC_Sim_Driver_sfun_registry.obj
 0001:00021c80       ssIsRunTimeParamTunable    0000000180022c80 f   WEC_Sim_Driver_sfun_registry.obj
 0001:00021cf0       ssGetSFuncBlockHandle      0000000180022cf0 f   WEC_Sim_Driver_sfun_registry.obj
 0001:00021d60       _ssGetCurrentInputPortWidth 0000000180022d60 f   WEC_Sim_Driver_sfun_registry.obj
 0001:00021e80       _ssGetCurrentOutputPortWidth 0000000180022e80 f   WEC_Sim_Driver_sfun_registry.obj
 0001:00021fa0       _ssGetCallSystemNumFcnCallDestinations 0000000180022fa0 f   WEC_Sim_Driver_sfun_registry.obj
 0001:00022010       ssWarning                  0000000180023010 f   WEC_Sim_Driver_sfun_registry.obj
 0001:00022120       ssGetIsZeroCrossControlDisabled 0000000180023120 f   WEC_Sim_Driver_sfun_registry.obj
 0001:00022190       ssSetIsInputPortUsedForContZcSignal 0000000180023190 f   WEC_Sim_Driver_sfun_registry.obj
 0001:00022200       ssSetZcSignalIsZcElementDisc 0000000180023200 f   WEC_Sim_Driver_sfun_registry.obj
 0001:000222b0       ssSetZcSignalName          00000001800232b0 f   WEC_Sim_Driver_sfun_registry.obj
 0001:00022320       ssSetZcSignalWidth         0000000180023320 f   WEC_Sim_Driver_sfun_registry.obj
 0001:00022390       ssSetZcSignalZcEventType   0000000180023390 f   WEC_Sim_Driver_sfun_registry.obj
 0001:00022400       ssSetZcSignalType          0000000180023400 f   WEC_Sim_Driver_sfun_registry.obj
 0001:00022470       ssSetZcSignalZcTol         0000000180023470 f   WEC_Sim_Driver_sfun_registry.obj
 0001:000224e0       ssSetZcSignalNeedsEventNotification 00000001800234e0 f   WEC_Sim_Driver_sfun_registry.obj
 0001:00022550       ssCreateAndAddZcSignalInfo 0000000180023550 f   WEC_Sim_Driver_sfun_registry.obj
 0001:000225c0       ssCloneAndAddZcSignalInfo  00000001800235c0 f   WEC_Sim_Driver_sfun_registry.obj
 0001:00022630       ssGetNumZcSignals          0000000180023630 f   WEC_Sim_Driver_sfun_registry.obj
 0001:000226a0       ssGetZcSignalVector        00000001800236a0 f   WEC_Sim_Driver_sfun_registry.obj
 0001:00022710       ssGetZcSignalZcEvents      0000000180023710 f   WEC_Sim_Driver_sfun_registry.obj
 0001:00022780       ssGetZcSignalName          0000000180023780 f   WEC_Sim_Driver_sfun_registry.obj
 0001:000227f0       ssGetZcSignalWidth         00000001800237f0 f   WEC_Sim_Driver_sfun_registry.obj
 0001:00022860       ssGetZcSignalZcEventType   0000000180023860 f   WEC_Sim_Driver_sfun_registry.obj
 0001:000228d0       ssGetZcSignalType          00000001800238d0 f   WEC_Sim_Driver_sfun_registry.obj
 0001:00022940       ssGetZcSignalZcTol         0000000180023940 f   WEC_Sim_Driver_sfun_registry.obj
 0001:000229c0       ssGetZcSignalNeedsEventNotification 00000001800239c0 f   WEC_Sim_Driver_sfun_registry.obj
 0001:00022a30       ssGetZcSignalIsZcElementDisc 0000000180023a30 f   WEC_Sim_Driver_sfun_registry.obj
 0001:00022ad0       ssGetIsInputPortElementContinuous 0000000180023ad0 f   WEC_Sim_Driver_sfun_registry.obj
 0001:00022b70       _ssGetInputPortSignalPtrsFcn 0000000180023b70 f   WEC_Sim_Driver_sfun_registry.obj
 0001:00022e30       _ssGetInputPortSignalFcn   0000000180023e30 f   WEC_Sim_Driver_sfun_registry.obj
 0001:00023050       _ssSetInputPortDirectFeedThroughFcn 0000000180024050 f   WEC_Sim_Driver_sfun_registry.obj
 0001:000231b0       _ssSetInputPortReusableFcn 00000001800241b0 f   WEC_Sim_Driver_sfun_registry.obj
 0001:000232a0       _ssSetOutputPortReusableFcn 00000001800242a0 f   WEC_Sim_Driver_sfun_registry.obj
 0001:00023380       ssGetDTypeIdFromMxArray    0000000180024380 f   WEC_Sim_Driver_sfun_registry.obj
 0001:000234a0       ssWriteRTWStr              00000001800244a0 f   WEC_Sim_Driver_sfun_registry.obj
 0001:00023500       ssWriteRTWMxVectParam      0000000180024500 f   WEC_Sim_Driver_sfun_registry.obj
 0001:00023560       ssWriteRTWMx2dMatParam     0000000180024560 f   WEC_Sim_Driver_sfun_registry.obj
 0001:000235e0       ssWriteRTWNameValuePair    00000001800245e0 f   WEC_Sim_Driver_sfun_registry.obj
 0001:00023ad0       ssWriteRTWParameters       0000000180024ad0 f   WEC_Sim_Driver_sfun_registry.obj
 0001:000240d0       ssWriteRTWParamSettings    00000001800250d0 f   WEC_Sim_Driver_sfun_registry.obj
 0001:000247a0       ssWriteRTWWorkVect         00000001800257a0 f   WEC_Sim_Driver_sfun_registry.obj
 0001:00024ca0       mexFunction                0000000180025ca0 f   WEC_Sim_Driver_sfun_registry.obj
 0001:000269d0       ProcessMexSfunctionEveryCall 00000001800279d0 f   WEC_Sim_Driver_sfun_registry.obj
 0001:00026b40       WEC_Sim_Driver_initializer 0000000180027b40 f   WEC_Sim_Driver_sfun.obj
 0001:00026b50       WEC_Sim_Driver_terminator  0000000180027b50 f   WEC_Sim_Driver_sfun.obj
 0001:00026b60       sf_WEC_Sim_Driver_method_dispatcher 0000000180027b60 f   WEC_Sim_Driver_sfun.obj
 0001:00026ca0       sf_WEC_Sim_Driver_process_check_sum_call 0000000180027ca0 f   WEC_Sim_Driver_sfun.obj
 0001:00027170       sf_WEC_Sim_Driver_autoinheritance_info 0000000180028170 f   WEC_Sim_Driver_sfun.obj
 0001:00027530       sf_WEC_Sim_Driver_get_eml_resolved_functions_info 0000000180028530 f   WEC_Sim_Driver_sfun.obj
 0001:00027840       sf_WEC_Sim_Driver_third_party_uses_info 0000000180028840 f   WEC_Sim_Driver_sfun.obj
 0001:00027b20       WEC_Sim_Driver_debug_initialize 0000000180028b20 f   WEC_Sim_Driver_sfun.obj
 0001:00027ba0       WEC_Sim_Driver_register_exported_symbols 0000000180028ba0 f   WEC_Sim_Driver_sfun.obj
 0001:00027bb0       load_WEC_Sim_Driver_optimization_info 0000000180028bb0 f   WEC_Sim_Driver_sfun.obj
 0001:00027c00       unload_WEC_Sim_Driver_optimization_info 0000000180028c00 f   WEC_Sim_Driver_sfun.obj
 0001:00027d20       sf_mex_mx_is_numeric       0000000180028d20 f   sfc_mex:sfc_mex.obj
 0001:00027d60       strcmp_ignore_ws           0000000180028d60 f   sfc_mex:sfc_mex.obj
 0001:00027ea0       sf_mex_duplicatearraysafe  0000000180028ea0 f   sfc_mex:sfc_mex.obj
 0001:00028000       sf_set_error_debugger_context_message_fcn 0000000180029000 f   sfc_mex:sfc_mex.obj
 0001:00028010       sf_set_debugger_matlab_error_fcn 0000000180029010 f   sfc_mex:sfc_mex.obj
 0001:00028050       sf_set_error_prefix_string 0000000180029050 f   sfc_mex:sfc_mex.obj
 0001:00028080       sf_get_error_prefix_string 0000000180029080 f   sfc_mex:sfc_mex.obj
 0001:00028090       sf_mex_enter_parallel_region 0000000180029090 f   sfc_mex:sfc_mex.obj
 0001:000280a0       sf_mex_exit_parallel_region 00000001800290a0 f   sfc_mex:sfc_mex.obj
 0001:000280b0       sf_get_current_jmp_buf_ptr 00000001800290b0 f   sfc_mex:sfc_mex.obj
 0001:000280c0       sf_set_current_jmp_buf_ptr 00000001800290c0 f   sfc_mex:sfc_mex.obj
 0001:000280d0       sf_mex_set_halt_simulation 00000001800290d0 f   sfc_mex:sfc_mex.obj
 0001:000280e0       sf_mex_get_halt_simulation 00000001800290e0 f   sfc_mex:sfc_mex.obj
 0001:000280f0       sf_mex_clear_error_message 00000001800290f0 f   sfc_mex:sfc_mex.obj
 0001:00028110       sf_mex_get_error_message_for_read 0000000180029110 f   sfc_mex:sfc_mex.obj
 0001:00028120       sf_mex_get_error_message_buffer_length 0000000180029120 f   sfc_mex:sfc_mex.obj
 0001:00028200       sf_mex_warning_message     0000000180029200 f   sfc_mex:sfc_mex.obj
 0001:00028270       sf_mex_v_errbuf_createf    0000000180029270 f   sfc_mex:sfc_mex.obj
 0001:00028280       sf_mex_errbuf_createf      0000000180029280 f   sfc_mex:sfc_mex.obj
 0001:000282b0       sf_mex_v_errbuf_catf       00000001800292b0 f   sfc_mex:sfc_mex.obj
 0001:000282f0       sf_mex_errbuf_catf         00000001800292f0 f   sfc_mex:sfc_mex.obj
 0001:00028340       sf_mex_errbuf_copy         0000000180029340 f   sfc_mex:sfc_mex.obj
 0001:00028350       sf_mex_errbuf_clear        0000000180029350 f   sfc_mex:sfc_mex.obj
 0001:00028360       sf_mex_errbuf_isempty      0000000180029360 f   sfc_mex:sfc_mex.obj
 0001:00028460       sf_mex_set_error_status    0000000180029460 f   sfc_mex:sfc_mex.obj
 0001:000284b0       sf_mex_error_direct_call   00000001800294b0 f   sfc_mex:sfc_mex.obj
 0001:000284d0       sf_mex_error_message_no_long_jump 00000001800294d0 f   sfc_mex:sfc_mex.obj
 0001:000284f0       sf_mex_long_jump_on_error  00000001800294f0 f   sfc_mex:sfc_mex.obj
 0001:00028520       sf_mex_call_matlab         0000000180029520 f   sfc_mex:sfc_mex.obj
 0001:00028640       sf_mex_check_builtin       0000000180029640 f   sfc_mex:sfc_mex.obj
 0001:000286e0       sf_mex_check_builtin_vs    00000001800296e0 f   sfc_mex:sfc_mex.obj
 0001:000287a0       sf_mex_check_enum          00000001800297a0 f   sfc_mex:sfc_mex.obj
 0001:00028820       sf_mex_create_enum         0000000180029820 f   sfc_mex:sfc_mex.obj
 0001:00028890       sf_mex_get_enum_element    0000000180029890 f   sfc_mex:sfc_mex.obj
 0001:000288a0       sf_mex_createcellarray     00000001800298a0 f   sfc_mex:sfc_mex.obj
 0001:000288b0       sf_mex_setcell             00000001800298b0 f   sfc_mex:sfc_mex.obj
 0001:000288c0       sf_mex_getcell             00000001800298c0 f   sfc_mex:sfc_mex.obj
 0001:000288d0       sf_mex_dup                 00000001800298d0 f   sfc_mex:sfc_mex.obj
 0001:000288f0       sf_mex_assign              00000001800298f0 f   sfc_mex:sfc_mex.obj
 0001:00028970       sf_mex_destroy             0000000180029970 f   sfc_mex:sfc_mex.obj
 0001:000289a0       mx_array_has_fi_type       00000001800299a0 f   sfc_mex:sfc_mex.obj
 0001:000289d0       sf_mex_convert_from_fi     00000001800299d0 f   sfc_mex:sfc_mex.obj
 0001:00028b00       sf_mex_convert_to_double   0000000180029b00 f   sfc_mex:sfc_mex.obj
 0001:00028c20       sf_mex_import_fi_vs        0000000180029c20 f   sfc_mex:sfc_mex.obj
 0001:00028e50       sf_matrix_matrix_index_ok  0000000180029e50 f   sfc_mex:sfc_mex.obj
 0001:00028ee0       sf_vector_vector_index_ok  0000000180029ee0 f   sfc_mex:sfc_mex.obj
 0001:00028f10       ssGetCurrentInputPortDimensions_wrapper 0000000180029f10 f   sfc_mex:sfc_mex.obj
 0001:00028f30       ssGetCurrentOutputPortDimensions_wrapper 0000000180029f30 f   sfc_mex:sfc_mex.obj
 0001:00028f50       sf_mex_emlrt_context_is_debug_mode 0000000180029f50 f   sfc_mex:sfc_mex.obj
 0001:00028f60       sf_mex_emlrt_context_set_debug_mode 0000000180029f60 f   sfc_mex:sfc_mex.obj
 0001:00028f70       sf_mex_emlrtNameCapturePostProcessR2012a 0000000180029f70 f   sfc_mex:sfc_mex.obj
 0001:00028fe0       sf_clear_error_manager_info 0000000180029fe0 f   sfc_mex:sfc_mex.obj
 0001:00029040       sf_mex_stop_simulation_abruptly_wo_error 000000018002a040 f   sfc_mex:sfc_mex.obj
 0001:00029080       sf_mex_error_message       000000018002a080 f   sfc_mex:sfc_mex.obj
 0001:000290f0       sf_react_to_error_in_matlab_call 000000018002a0f0 f   sfc_mex:sfc_mex.obj
 0001:00029120       sf_mex_addfield            000000018002a120 f   sfc_mex:sfc_mex.obj
 0001:000291c0       sf_mex_getfield            000000018002a1c0 f   sfc_mex:sfc_mex.obj
 0001:000294c0       sf_mex_check_class         000000018002a4c0 f   sfc_mex:sfc_mex.obj
 0001:00029560       sf_mex_is_real             000000018002a560 f   sfc_mex:sfc_mex.obj
 0001:000299d0       sf_mex_decode_encoded_mx_struct_array 000000018002a9d0 f   sfc_mex:sfc_mex.obj
 0001:00029cc0       sf_mex_lw_bounds_check     000000018002acc0 f   sfc_mex:sfc_mex.obj
 0001:00029cf0       sf_mex_lw_size_eq_check_1d 000000018002acf0 f   sfc_mex:sfc_mex.obj
 0001:00029d10       sf_mex_lw_size_eq_check_nd 000000018002ad10 f   sfc_mex:sfc_mex.obj
 0001:00029ef0       sf_mex_lw_dim_size_eq_check 000000018002aef0 f   sfc_mex:sfc_mex.obj
 0001:00029f20       sf_mex_lw_dim_size_geq_check 000000018002af20 f   sfc_mex:sfc_mex.obj
 0001:00029f50       sf_mex_lw_sub_assign_size_check_nd 000000018002af50 f   sfc_mex:sfc_mex.obj
 0001:0002a120       sf_mex_lw_runtime_error_msgid 000000018002b120 f   sfc_mex:sfc_mex.obj
 0001:0002a210       sf_mex_lw_matrix_matrix_index_check 000000018002b210 f   sfc_mex:sfc_mex.obj
 0001:0002a230       sf_mex_lw_vector_vector_index_check 000000018002b230 f   sfc_mex:sfc_mex.obj
 0001:0002a270       sf_mex_lw_for_loop_vector_check 000000018002b270 f   sfc_mex:sfc_mex.obj
 0001:0002a300       sf_mex_lw_non_negative_check 000000018002b300 f   sfc_mex:sfc_mex.obj
 0001:0002a340       sf_mex_overflow_error      000000018002b340 f   sfc_mex:sfc_mex.obj
 0001:0002a350       sf_mex_dividebyzero_error  000000018002b350 f   sfc_mex:sfc_mex.obj
 0001:0002a360       sf_mex_unsafe_enum_error   000000018002b360 f   sfc_mex:sfc_mex.obj
 0001:0002a370       sf_emlrtErrHandler         000000018002b370 f   sfc_mex:sfc_mex.obj
 0001:0002a450       sf_mex_size_one_check      000000018002b450 f   sfc_mex:sfc_mex.obj
 0001:0002a470       sf_mex_printf              000000018002b470 f   sfc_mex:sfc_mex.obj
 0001:0002a640       sf_mex_check_size          000000018002b640 f   sfc_mex:sfc_mex.obj
 0001:0002a8e0       sf_mex_check_struct        000000018002b8e0 f   sfc_mex:sfc_mex.obj
 0001:0002ab40       sf_mex_check_struct_vs     000000018002bb40 f   sfc_mex:sfc_mex.obj
 0001:0002abd0       sf_mex_check_fi            000000018002bbd0 f   sfc_mex:sfc_mex.obj
 0001:0002acd0       sf_mex_check_fi_vs         000000018002bcd0 f   sfc_mex:sfc_mex.obj
 0001:0002ad70       sf_echo_expression         000000018002bd70 f   sfc_mex:sfc_mex.obj
 0001:0002add0       sf_assertion_failed        000000018002bdd0 f   sfc_mex:sfc_mex.obj
 0001:0002b0b0       sf_mex_evalin              000000018002c0b0 f   sfc_mex:sfc_mex.obj
 0001:0002b320       sf_mex_export              000000018002c320 f   sfc_mex:sfc_mex.obj
 0001:0002b3e0       sf_mex_get_ml_var_no_error 000000018002c3e0 f   sfc_mex:sfc_mex.obj
 0001:0002b580       sf_mex_get_ml_var          000000018002c580 f   sfc_mex:sfc_mex.obj
 0001:0002ba10       ml_set_element_value_in_array 000000018002ca10 f   sfc_mex:sfc_mex.obj
 0001:0002cad0       sf_mex_call_impl           000000018002dad0 f   sfc_mex:sfc_mex.obj
 0001:0002cef0       sf_mex_call_debug          000000018002def0 f   sfc_mex:sfc_mex.obj
 0001:0002cf20       sf_mex_call                000000018002df20 f   sfc_mex:sfc_mex.obj
 0001:0002d570       sf_mex_createstruct        000000018002e570 f   sfc_mex:sfc_mex.obj
 0001:0002d680       sf_mex_createstructarray   000000018002e680 f   sfc_mex:sfc_mex.obj
 0001:0002d700       sf_mex_get_mx_datatype_from_sf_datatype 000000018002e700 f   sfc_mex:sfc_mex.obj
 0001:0002da10       sf_mex_ml_var_sub          000000018002ea10 f   sfc_mex:sfc_mex.obj
 0001:0002dbf0       sf_mex_ml_var_subsasgn     000000018002ebf0 f   sfc_mex:sfc_mex.obj
 0001:0002dff0       sf_mex_sub                 000000018002eff0 f   sfc_mex:sfc_mex.obj
 0001:0002e200       sf_mex_subsasgn            000000018002f200 f   sfc_mex:sfc_mex.obj
 0001:0002e710       sf_mex_create              000000018002f710 f   sfc_mex:sfc_mex.obj
 0001:0002f0b0       sf_mex_import_named        00000001800300b0 f   sfc_mex:sfc_mex.obj
 0001:0002f110       sf_mex_import              0000000180030110 f   sfc_mex:sfc_mex.obj
 0001:0002f160       sf_mex_import_vs           0000000180030160 f   sfc_mex:sfc_mex.obj
 0001:0002f270       sf_mex_lower_fixpt_mx_array 0000000180030270 f   sfc_mex:sfc_mex.obj
 0001:0002f570       sf_send_message_wrapper    0000000180030570 f   sfc_mex:sfc_sf.obj
 0001:0002f5a0       sf_receive_message_wrapper 00000001800305a0 f   sfc_mex:sfc_sf.obj
 0001:0002f5e0       sf_check_out_message_wrapper 00000001800305e0 f   sfc_mex:sfc_sf.obj
 0001:0002f620       sf_check_in_message_wrapper 0000000180030620 f   sfc_mex:sfc_sf.obj
 0001:0002f660       sf_no_message_wrapper      0000000180030660 f   sfc_mex:sfc_sf.obj
 0001:0002f9f0       sim_mode_is_rtw_gen        00000001800309f0 f   sfc_mex:sfc_sf.obj
 0001:0002fa20       sim_mode_is_external       0000000180030a20 f   sfc_mex:sfc_sf.obj
 0001:0002fa30       sim_mode_is_modelref_sim   0000000180030a30 f   sfc_mex:sfc_sf.obj
 0001:0002fa50       mdlInitializeSizes         0000000180030a50 f   sfc_mex:sfc_sf.obj
 0001:0002fa70       mdlInitializeSampleTimes   0000000180030a70 f   sfc_mex:sfc_sf.obj
 0001:0002fab0       mdlZeroCrossings           0000000180030ab0 f   sfc_mex:sfc_sf.obj
 0001:0002fba0       mdlDerivatives             0000000180030ba0 f   sfc_mex:sfc_sf.obj
 0001:0002fc60       mdl_initialize_conditions_processing 0000000180030c60 f   sfc_mex:sfc_sf.obj
 0001:0002fc90       mdlInitializeConditions    0000000180030c90 f   sfc_mex:sfc_sf.obj
 0001:0002fd50       mdlGetSimState             0000000180030d50 f   sfc_mex:sfc_sf.obj
 0001:0002fd60       mdlSetSimState             0000000180030d60 f   sfc_mex:sfc_sf.obj
 0001:0002fd70       mdl_ext_mode_exec_processing 0000000180030d70 f   sfc_mex:sfc_sf.obj
 0001:0002fd90       mdlExtModeExec             0000000180030d90 f   sfc_mex:sfc_sf.obj
 0001:0002ff30       mdlTerminate               0000000180030f30 f   sfc_mex:sfc_sf.obj
 0001:0002ffa0       mdlRTW                     0000000180030fa0 f   sfc_mex:sfc_sf.obj
 0001:0002ffd0       mdlSetWorkWidths           0000000180030fd0 f   sfc_mex:sfc_sf.obj
 0001:0002ffe0       mdlProcessParameters       0000000180030fe0 f   sfc_mex:sfc_sf.obj
 0001:0002fff0       mdl_start_processing       0000000180030ff0 f   sfc_mex:sfc_sf.obj
 0001:00030050       mdlStart                   0000000180031050 f   sfc_mex:sfc_sf.obj
 0001:00030160       mdlEnable                  0000000180031160 f   sfc_mex:sfc_sf.obj
 0001:00030240       mdlDisable                 0000000180031240 f   sfc_mex:sfc_sf.obj
 0001:00030300       sf_get_chart_instance_ptr  0000000180031300 f   sfc_mex:sfc_sf.obj
 0001:00030320       sf_load_rtw_optimization_info 0000000180031320 f   sfc_mex:sfc_sf.obj
 0001:000303f0       sf_update_buildInfo        00000001800313f0 f   sfc_mex:sfc_sf.obj
 0001:000304f0       sf_rtw_info_uint_prop      00000001800314f0 f   sfc_mex:sfc_sf.obj
 0001:00030630       sf_is_chart_inlinable      0000000180031630 f   sfc_mex:sfc_sf.obj
 0001:00030650       sf_mark_output_events_with_multiple_callers 0000000180031650 f   sfc_mex:sfc_sf.obj
 0001:000307e0       sf_mark_chart_reusable_outputs 00000001800317e0 f   sfc_mex:sfc_sf.obj
 0001:00030a40       sf_mark_chart_expressionable_inputs 0000000180031a40 f   sfc_mex:sfc_sf.obj
 0001:00030ca0       sf_get_subchart_simstruct  0000000180031ca0 f   sfc_mex:sfc_sf.obj
 0001:00030cf0       sf_get_fixpt_data_type_id  0000000180031cf0 f   sfc_mex:sfc_sf.obj
 0001:00030d30       sf_get_enum_data_type_id   0000000180031d30 f   sfc_mex:sfc_sf.obj
 0001:00030d70       sf_get_param_data_type_id  0000000180031d70 f   sfc_mex:sfc_sf.obj
 0001:00030da0       sf_mex_listen_for_ctrl_c_force 0000000180031da0 f   sfc_mex:sfc_sf.obj
 0001:00030eb0       sf_mex_draw_now            0000000180031eb0 f   sfc_mex:sfc_sf.obj
 0001:00030ef0       sf_mex_set_debugger_sim_status_listener_fcn 0000000180031ef0 f   sfc_mex:sfc_sf.obj
 0001:00030f00       sf_mex_listen_for_ctrl_c   0000000180031f00 f   sfc_mex:sfc_sf.obj
 0001:00030fa0       sf_mex_get_sfun_param      0000000180031fa0 f   sfc_mex:sfc_sf.obj
 0001:00030ff0       sf_get_runtime_param_data  0000000180031ff0 f   sfc_mex:sfc_sf.obj
 0001:00031030       sf_call_output_fcn_call    0000000180032030 f   sfc_mex:sfc_sf.obj
 0001:00031170       sf_call_output_fcn_enable  0000000180032170 f   sfc_mex:sfc_sf.obj
 0001:00031200       sf_call_output_fcn_disable 0000000180032200 f   sfc_mex:sfc_sf.obj
 0001:00031290       sf_clear_rtw_identifier    0000000180032290 f   sfc_mex:sfc_sf.obj
 0001:00031ab0       sf_set_encoded_dwork_info  0000000180032ab0 f   sfc_mex:sfc_sf.obj
 0001:00031b00       sf_get_dwork_info_from_mat_file 0000000180032b00 f   sfc_mex:sfc_sf.obj
 0001:00031cc0       sf_set_rtw_dwork_info      0000000180032cc0 f   sfc_mex:sfc_sf.obj
 0001:00031e30       mdlOutputs                 0000000180032e30 f   sfc_mex:sfc_sf.obj
 0001:00031f50       sf_debug_chart_instance_initialized_quick 0000000180032f50 f   sfc_debug:sfcdebug.obj
 0001:00031fd0       sf_debug_disp              0000000180032fd0 f   sfc_debug:sfcdebug.obj
 0001:000322a0       sf_debug_data_runtime_size_mismatch_error_check 00000001800332a0 f   sfc_debug:sfcdebug.obj
 0001:00032350       sf_debug_try_loading_machine 0000000180033350 f   sfc_debug:sfcdebug.obj
 0001:00032450       sf_debug_reset_current_state_configuration 0000000180033450 f   sfc_debug:sfcdebug.obj
 0001:000324d0       sf_debug_store_current_state_configuration 00000001800334d0 f   sfc_debug:sfcdebug.obj
 0001:00032550       sf_debug_restore_previous_state_configuration 0000000180033550 f   sfc_debug:sfcdebug.obj
 0001:000325d0       sf_debug_restore_previous_state_configuration2 00000001800335d0 f   sfc_debug:sfcdebug.obj
 0001:00032650       sf_debug_get_event_scope   0000000180033650 f   sfc_debug:sfcdebug.obj
 0001:000327c0       use_debugger_step_animation 00000001800337c0 f   sfc_debug:sfcdebug.obj
 0001:000327e0       sf_debug_get_script_id     00000001800337e0 f   sfc_debug:sfcdebug.obj
 0001:00032870       sf_debug_set_script_translation 0000000180033870 f   sfc_debug:sfcdebug.obj
 0001:000329f0       sf_debug_extract_message_post_receive_info 00000001800339f0 f   sfc_debug:sfcdebug.obj
 0001:00032bb0       sf_debug_get_current_machine_id 0000000180033bb0 f   sfc_debug:sfcdebug.obj
 0001:00032bd0       sf_debug_get_current_optional_integer 0000000180033bd0 f   sfc_debug:sfcdebug.obj
 0001:00032be0       sf_debug_get_current_machine_number 0000000180033be0 f   sfc_debug:sfcdebug.obj
 0001:00032c00       sf_debug_get_current_machine_name 0000000180033c00 f   sfc_debug:sfcdebug.obj
 0001:00032c20       sf_debug_get_current_chart_id 0000000180033c20 f   sfc_debug:sfcdebug.obj
 0001:00032c60       sf_debug_get_current_chart_number 0000000180033c60 f   sfc_debug:sfcdebug.obj
 0001:00032c70       sf_debug_get_current_instance_number 0000000180033c70 f   sfc_debug:sfcdebug.obj
 0001:00032c80       sf_debug_get_current_is_minor_time_step 0000000180033c80 f   sfc_debug:sfcdebug.obj
 0001:00032d00       sf_debug_get_current_object_type 0000000180033d00 f   sfc_debug:sfcdebug.obj
 0001:00032d10       sf_debug_get_current_instance_handle 0000000180033d10 f   sfc_debug:sfcdebug.obj
 0001:00032d70       sf_debug_get_current_event_type 0000000180033d70 f   sfc_debug:sfcdebug.obj
 0001:00032d80       sf_debug_get_current_object_id 0000000180033d80 f   sfc_debug:sfcdebug.obj
 0001:00032dc0       sf_debug_get_current_active_event_type 0000000180033dc0 f   sfc_debug:sfcdebug.obj
 0001:00032dd0       sf_debug_get_current_active_event_id 0000000180033dd0 f   sfc_debug:sfcdebug.obj
 0001:00032e10       sf_debug_get_current_tag_type 0000000180033e10 f   sfc_debug:sfcdebug.obj
 0001:00032e20       sf_debug_get_current_simulation_time 0000000180033e20 f   sfc_debug:sfcdebug.obj
 0001:00032e30       sf_debug_get_current_coverage_percentage 0000000180033e30 f   sfc_debug:sfcdebug.obj
 0001:00032e40       sf_debug_current_statement_context 0000000180033e40 f   sfc_debug:sfcdebug.obj
 0001:00032ec0       sf_debug_get_current_statement_info 0000000180033ec0 f   sfc_debug:sfcdebug.obj
 0001:00033060       sf_debug_terminate_instance 0000000180034060 f   sfc_debug:sfcdebug.obj
 0001:00033380       sf_debug_assertion_failed  0000000180034380 f   sfc_debug:sfcdebug.obj
 0001:00033550       sf_debug_create_debug_instance_struct 0000000180034550 f   sfc_debug:sfcdebug.obj
 0001:000335a0       sf_debug_set_number_of_data_with_change_event_for_machine 00000001800345a0 f   sfc_debug:sfcdebug.obj
 0001:000335f0       sf_debug_set_machine_event_thresholds 00000001800345f0 f   sfc_debug:sfcdebug.obj
 0001:00033610       sf_debug_set_machine_event_scope 0000000180034610 f   sfc_debug:sfcdebug.obj
 0001:00033660       sf_debug_set_machine_data_thresholds 0000000180034660 f   sfc_debug:sfcdebug.obj
 0001:000336b0       sf_debug_set_machine_data_scope 00000001800346b0 f   sfc_debug:sfcdebug.obj
 0001:00033750       sf_debug_set_machine_data_name 0000000180034750 f   sfc_debug:sfcdebug.obj
 0001:00033800       sf_debug_set_machine_data_size 0000000180034800 f   sfc_debug:sfcdebug.obj
 0001:00033950       sf_debug_set_machine_data_type 0000000180034950 f   sfc_debug:sfcdebug.obj
 0001:00033ac0       sf_debug_get_chart_data_number 0000000180034ac0 f   sfc_debug:sfcdebug.obj
 0001:00033ae0       sf_debug_get_chart_event_number 0000000180034ae0 f   sfc_debug:sfcdebug.obj
 0001:00033b00       sf_debug_set_chart_state_info 0000000180034b00 f   sfc_debug:sfcdebug.obj
 0001:00033b90       sf_debug_set_chart_decomposition 0000000180034b90 f   sfc_debug:sfcdebug.obj
 0001:00033c00       sf_debug_set_chart_substate_count 0000000180034c00 f   sfc_debug:sfcdebug.obj
 0001:00033ce0       sf_debug_set_chart_substate_index 0000000180034ce0 f   sfc_debug:sfcdebug.obj
 0001:00033d60       sf_debug_set_chart_state_substate_count 0000000180034d60 f   sfc_debug:sfcdebug.obj
 0001:00033e80       sf_debug_set_chart_state_substate_index 0000000180034e80 f   sfc_debug:sfcdebug.obj
 0001:00033f10       sf_debug_set_number_of_data_with_change_event_for_chart 0000000180034f10 f   sfc_debug:sfcdebug.obj
 0001:00033fa0       sf_debug_set_number_of_states_with_entry_event_for_chart 0000000180034fa0 f   sfc_debug:sfcdebug.obj
 0001:00034020       sf_debug_set_number_of_states_with_exit_event_for_chart 0000000180035020 f   sfc_debug:sfcdebug.obj
 0001:000340a0       sf_debug_set_chart_disable_implicit_casting 00000001800350a0 f   sfc_debug:sfcdebug.obj
 0001:00034110       sf_debug_set_chart_event_thresholds 0000000180035110 f   sfc_debug:sfcdebug.obj
 0001:00034190       sf_debug_set_chart_data_compiled_props 0000000180035190 f   sfc_debug:sfcdebug.obj
 0001:000344d0       sf_debug_set_chart_data_props 00000001800354d0 f   sfc_debug:sfcdebug.obj
 0001:000347f0       sf_debug_check_fi_license  00000001800357f0 f   sfc_debug:sfcdebug.obj
 0001:000349b0       sf_debug_symbol_scope_push 00000001800359b0 f   sfc_debug:sfcdebug.obj
 0001:000349f0       sf_debug_symbol_scope_push_eml 00000001800359f0 f   sfc_debug:sfcdebug.obj
 0001:00034a40       sf_debug_symbol_scope_pop  0000000180035a40 f   sfc_debug:sfcdebug.obj
 0001:00034a80       sf_debug_symbol_scope_add_importable 0000000180035a80 f   sfc_debug:sfcdebug.obj
 0001:00034b00       sf_debug_symbol_scope_add  0000000180035b00 f   sfc_debug:sfcdebug.obj
 0001:00034b80       sf_debug_symbol_scope_add_dyn_importable 0000000180035b80 f   sfc_debug:sfcdebug.obj
 0001:00034c40       sf_debug_symbol_scope_add_dyn 0000000180035c40 f   sfc_debug:sfcdebug.obj
 0001:00034c80       sf_debug_symbol_scope_add_eml_importable 0000000180035c80 f   sfc_debug:sfcdebug.obj
 0001:00034cc0       sf_debug_symbol_scope_add_eml 0000000180035cc0 f   sfc_debug:sfcdebug.obj
 0001:00034d00       sf_debug_symbol_scope_add_eml_dyn_importable 0000000180035d00 f   sfc_debug:sfcdebug.obj
 0001:00034d60       sf_debug_symbol_scope_add_eml_dyn 0000000180035d60 f   sfc_debug:sfcdebug.obj
 0001:00034dc0       sf_debug_symbol_switch     0000000180035dc0 f   sfc_debug:sfcdebug.obj
 0001:00034de0       sf_debug_symbol_scope_add_verbose 0000000180035de0 f   sfc_debug:sfcdebug.obj
 0001:00034eb0       sf_debug_set_machine_data_value_ptr 0000000180035eb0 f   sfc_debug:sfcdebug.obj
 0001:00034ef0       sf_debug_set_instance_data_value_ptr 0000000180035ef0 f   sfc_debug:sfcdebug.obj
 0001:00034fc0       sf_debug_unset_instance_data_value_ptr 0000000180035fc0 f   sfc_debug:sfcdebug.obj
 0001:00035070       sf_debug_set_chart_event_scope 0000000180036070 f   sfc_debug:sfcdebug.obj
 0001:000350f0       sf_debug_set_chart_transition_coverage_maps 00000001800360f0 f   sfc_debug:sfcdebug.obj
 0001:000351f0       sf_debug_set_chart_state_coverage_maps 00000001800361f0 f   sfc_debug:sfcdebug.obj
 0001:000352c0       sf_debug_set_instance_transition_coverage_weights 00000001800362c0 f   sfc_debug:sfcdebug.obj
 0001:00035350       sf_debug_set_instance_state_coverage_weights 0000000180036350 f   sfc_debug:sfcdebug.obj
 0001:000355a0       sf_debug_unload_machine    00000001800365a0 f   sfc_debug:sfcdebug.obj
 0001:000355f0       sf_debug_load_machine      00000001800365f0 f   sfc_debug:sfcdebug.obj
 0001:00035700       sf_debug_set_active_instance_in_data_dictionary 0000000180036700 f   sfc_debug:sfcdebug.obj
 0001:000358e0       sf_debug_set_active_instance 00000001800368e0 f   sfc_debug:sfcdebug.obj
 0001:00035a40       sf_debug_chart_visiblity_change 0000000180036a40 f   sfc_debug:sfcdebug.obj
 0001:00035b30       sf_debug_select_chart      0000000180036b30 f   sfc_debug:sfcdebug.obj
 0001:00035c90       sf_debug_set_instance_cv_ids 0000000180036c90 f   sfc_debug:sfcdebug.obj
 0001:00035fc0       sf_debug_select_charts     0000000180036fc0 f   sfc_debug:sfcdebug.obj
 0001:00036170       sf_debug_initialized       0000000180037170 f   sfc_debug:sfcdebug.obj
 0001:00036190       sf_debug_is_uninterruptible 0000000180037190 f   sfc_debug:sfcdebug.obj
 0001:000361c0       sf_debug_initialize_debugger_gui 00000001800371c0 f   sfc_debug:sfcdebug.obj
 0001:000365a0       sf_debug_resume            00000001800375a0 f   sfc_debug:sfcdebug.obj
 0001:000365c0       sf_debug_go                00000001800375c0 f   sfc_debug:sfcdebug.obj
 0001:000365d0       sf_debug_break             00000001800375d0 f   sfc_debug:sfcdebug.obj
 0001:000365e0       sf_debug_step_over         00000001800375e0 f   sfc_debug:sfcdebug.obj
 0001:000365f0       sf_debug_step_out          00000001800375f0 f   sfc_debug:sfcdebug.obj
 0001:00036600       sf_debug_set_disable_all_breakpoints 0000000180037600 f   sfc_debug:sfcdebug.obj
 0001:00036610       sf_debug_disable_all_breakpoints_and_go 0000000180037610 f   sfc_debug:sfcdebug.obj
 0001:00036620       sf_debug_break_on_chart_entry 0000000180037620 f   sfc_debug:sfcdebug.obj
 0001:00036630       sf_debug_break_on_event_broadcast 0000000180037630 f   sfc_debug:sfcdebug.obj
 0001:00036640       sf_debug_break_on_state_entry 0000000180037640 f   sfc_debug:sfcdebug.obj
 0001:00036650       sf_debug_break_between_times 0000000180037650 f   sfc_debug:sfcdebug.obj
 0001:00036670       sf_debug_browse_data       0000000180037670 f   sfc_debug:sfcdebug.obj
 0001:00036680       sf_debug_watch_data        0000000180037680 f   sfc_debug:sfcdebug.obj
 0001:000366b0       sf_debug_assign_data       00000001800376b0 f   sfc_debug:sfcdebug.obj
 0001:000366c0       sf_debug_whos              00000001800376c0 f   sfc_debug:sfcdebug.obj
 0001:000366e0       sf_debug_get_consistency_info 00000001800376e0 f   sfc_debug:sfcdebug.obj
 0001:000366f0       sf_debug_browse_trace      00000001800376f0 f   sfc_debug:sfcdebug.obj
 0001:00036700       sf_debug_set_breakpoints   0000000180037700 f   sfc_debug:sfcdebug.obj
 0001:00036870       sf_debug_set_eml_breakpoints 0000000180037870 f   sfc_debug:sfcdebug.obj
 0001:000369d0       sf_debug_set_script_breakpoints 00000001800379d0 f   sfc_debug:sfcdebug.obj
 0001:00036a50       sf_debug_add_script_breakpoints 0000000180037a50 f   sfc_debug:sfcdebug.obj
 0001:00036ac0       sf_debug_clear_script_breakpoints 0000000180037ac0 f   sfc_debug:sfcdebug.obj
 0001:00036b30       sf_debug_query_script_breakpoints 0000000180037b30 f   sfc_debug:sfcdebug.obj
 0001:00036be0       sf_debug_get_eml_script_id 0000000180037be0 f   sfc_debug:sfcdebug.obj
 0001:00036c30       sf_debug_set_watch         0000000180037c30 f   sfc_debug:sfcdebug.obj
 0001:00036e50       sf_debug_get_instance_handle 0000000180037e50 f   sfc_debug:sfcdebug.obj
 0001:00036ee0       sf_debug_get_active_states 0000000180037ee0 f   sfc_debug:sfcdebug.obj
 0001:00036ef0       sf_debug_set_honor_breakpoints 0000000180037ef0 f   sfc_debug:sfcdebug.obj
 0001:00036f00       sf_debug_get_animation     0000000180037f00 f   sfc_debug:sfcdebug.obj
 0001:00036f10       sf_debug_set_animation     0000000180037f10 f   sfc_debug:sfcdebug.obj
 0001:00036f20       sf_debug_animate           0000000180037f20 f   sfc_debug:sfcdebug.obj
 0001:00036f40       sf_debug_cycle_detection_check 0000000180037f40 f   sfc_debug:sfcdebug.obj
 0001:00036f50       sf_debug_data_range_check  0000000180037f50 f   sfc_debug:sfcdebug.obj
 0001:00036f60       sf_debug_transition_conflict_check 0000000180037f60 f   sfc_debug:sfcdebug.obj
 0001:00036f70       sf_debug_state_consistency_check 0000000180037f70 f   sfc_debug:sfcdebug.obj
 0001:00036f80       sf_debug_data_range_check_enabled 0000000180037f80 f   sfc_debug:sfcdebug.obj
 0001:00036fa0       sf_debug_transition_conflict_check_enabled 0000000180037fa0 f   sfc_debug:sfcdebug.obj
 0001:00036fc0       sf_debug_transition_conflict_check_begin 0000000180037fc0 f   sfc_debug:sfcdebug.obj
 0001:00036fe0       sf_debug_transition_conflict_check_end 0000000180037fe0 f   sfc_debug:sfcdebug.obj
 0001:00037000       sf_debug_stop_debugging    0000000180038000 f   sfc_debug:sfcdebug.obj
 0001:00037030       sf_debug_is_cycle_detected 0000000180038030 f   sfc_debug:sfcdebug.obj
 0001:00037040       sf_debug_is_array_bounds_detected 0000000180038040 f   sfc_debug:sfcdebug.obj
 0001:00037050       sf_debug_get_state_vectors_data_size 0000000180038050 f   sfc_debug:sfcdebug.obj
 0001:00037090       sf_debug_get_state_vectors_data 0000000180038090 f   sfc_debug:sfcdebug.obj
 0001:000371a0       sf_debug_set_state_vectors_data 00000001800381a0 f   sfc_debug:sfcdebug.obj
 0001:00037430       sf_debug_get_script_index  0000000180038430 f   sfc_debug:sfcdebug.obj
 0001:000375c0       sf_debug_add_script        00000001800385c0 f   sfc_debug:sfcdebug.obj
 0001:00037750       cv_eval_point              0000000180038750 f   sfc_debug:sfcdebug.obj
 0001:000378c0       cv_eval_testobjective      00000001800388c0 f   sfc_debug:sfcdebug.obj
 0001:000379d0       sf_debug_cv_init_state     00000001800389d0 f   sfc_debug:sfcdebug.obj
 0001:00037b00       sf_debug_cv_init_chart     0000000180038b00 f   sfc_debug:sfcdebug.obj
 0001:00037bf0       sf_debug_cv_init_trans     0000000180038bf0 f   sfc_debug:sfcdebug.obj
 0001:00037d00       sf_debug_cv_init_saturation 0000000180038d00 f   sfc_debug:sfcdebug.obj
 0001:00037e00       sf_debug_cv_init_testobjectives 0000000180038e00 f   sfc_debug:sfcdebug.obj
 0001:00037fe0       cv_eml_init_script         0000000180038fe0 f   sfc_debug:sfcdebug.obj
 0001:00038100       cv_eml_init_fcn            0000000180039100 f   sfc_debug:sfcdebug.obj
 0001:00038210       cv_eml_init_testobjective  0000000180039210 f   sfc_debug:sfcdebug.obj
 0001:000382f0       cv_eml_init_saturation     00000001800392f0 f   sfc_debug:sfcdebug.obj
 0001:000383c0       cv_eml_init_if             00000001800393c0 f   sfc_debug:sfcdebug.obj
 0001:000384a0       cv_eml_init_for            00000001800394a0 f   sfc_debug:sfcdebug.obj
 0001:00038570       cv_eml_init_while          0000000180039570 f   sfc_debug:sfcdebug.obj
 0001:00038640       cv_eml_init_mcdc           0000000180039640 f   sfc_debug:sfcdebug.obj
 0001:00038760       cv_eml_init_switch         0000000180039760 f   sfc_debug:sfcdebug.obj
 0001:00038860       cv_eml_eval                0000000180039860 f   sfc_debug:sfcdebug.obj
 0001:00038950       sf_debug_bm_is_a_eml_breakpoint 0000000180039950 f   sfc_debug:sfcdebug.obj
 0001:00038aa0       sf_debug_temporal_threshold 0000000180039aa0 f   sfc_debug:sfcdebug.obj
 0001:00038e10       sf_debug_transition_conflict_error 0000000180039e10 f   sfc_debug:sfcdebug.obj
 0001:00039170       sf_debug_state_inconsistency_error 000000018003a170 f   sfc_debug:sfcdebug.obj
 0001:00039290       sf_debug_check_for_state_inconsistency 000000018003a290 f   sfc_debug:sfcdebug.obj
 0001:000392d0       sf_debug_cycle_detecton_error 000000018003a2d0 f   sfc_debug:sfcdebug.obj
 0001:00039a20       sf_debug_size_eq_check_1d  000000018003aa20 f   sfc_debug:sfcdebug.obj
 0001:00039a40       sf_debug_size_eq_check_nd  000000018003aa40 f   sfc_debug:sfcdebug.obj
 0001:00039c40       sf_debug_dim_size_eq_check 000000018003ac40 f   sfc_debug:sfcdebug.obj
 0001:00039c70       sf_debug_dim_size_geq_check 000000018003ac70 f   sfc_debug:sfcdebug.obj
 0001:00039ca0       sf_debug_sub_assign_size_check_nd 000000018003aca0 f   sfc_debug:sfcdebug.obj
 0001:00039e80       sf_debug_matrix_matrix_index_check 000000018003ae80 f   sfc_debug:sfcdebug.obj
 0001:00039ed0       sf_debug_vector_vector_index_check 000000018003aed0 f   sfc_debug:sfcdebug.obj
 0001:00039f20       sf_debug_for_loop_vector_check 000000018003af20 f   sfc_debug:sfcdebug.obj
 0001:00039fc0       sf_debug_runtime_error_msgid 000000018003afc0 f   sfc_debug:sfcdebug.obj
 0001:0003a060       sf_debug_data_array_bounds_error_check 000000018003b060 f   sfc_debug:sfcdebug.obj
 0001:0003a170       sf_debug_eml_data_array_bounds_error_check 000000018003b170 f   sfc_debug:sfcdebug.obj
 0001:0003a630       sf_debug_integer_check     000000018003b630 f   sfc_debug:sfcdebug.obj
 0001:0003a720       sf_debug_not_nan_check     000000018003b720 f   sfc_debug:sfcdebug.obj
 0001:0003a7f0       sf_debug_non_negative_check 000000018003b7f0 f   sfc_debug:sfcdebug.obj
 0001:0003a8c0       sf_debug_overflow_detection 000000018003b8c0 f   sfc_debug:sfcdebug.obj
 0001:0003af20       sf_debug_cast_to_real32_T  000000018003bf20 f   sfc_debug:sfcdebug.obj
 0001:0003aff0       sf_debug_cast_to_int8_T    000000018003bff0 f   sfc_debug:sfcdebug.obj
 0001:0003b0c0       sf_debug_cast_to_uint8_T   000000018003c0c0 f   sfc_debug:sfcdebug.obj
 0001:0003b190       sf_debug_cast_to_int16_T   000000018003c190 f   sfc_debug:sfcdebug.obj
 0001:0003b260       sf_debug_cast_to_uint16_T  000000018003c260 f   sfc_debug:sfcdebug.obj
 0001:0003b330       sf_debug_cast_to_int32_T   000000018003c330 f   sfc_debug:sfcdebug.obj
 0001:0003b400       sf_debug_cast_to_uint32_T  000000018003c400 f   sfc_debug:sfcdebug.obj
 0001:0003b4d0       sf_debug_data_range_error  000000018003c4d0 f   sfc_debug:sfcdebug.obj
 0001:0003b7e0       sf_debug_read_before_write_check 000000018003c7e0 f   sfc_debug:sfcdebug.obj
 0001:0003bc10       sf_debug_data_range_error_wrapper_min_max 000000018003cc10 f   sfc_debug:sfcdebug.obj
 0001:0003bd30       sf_debug_data_range_error_wrapper_min 000000018003cd30 f   sfc_debug:sfcdebug.obj
 0001:0003be40       sf_debug_data_range_error_wrapper_max 000000018003ce40 f   sfc_debug:sfcdebug.obj
 0001:0003bf50       sf_debug_data_range_wrapper 000000018003cf50 f   sfc_debug:sfcdebug.obj
 0001:0003c010       sf_debug_set_current_status_info 000000018003d010 f   sfc_debug:sfcdebug.obj
 0001:0003c3b0       sf_debug_register_message_post_receive_info 000000018003d3b0 f   sfc_debug:sfcdebug.obj
 0001:0003c600       sf_debug_call              000000018003d600 f   sfc_debug:sfcdebug.obj
 0001:0003cf60       sf_debug_initialize_machine 000000018003df60 f   sfc_debug:sfcdebug.obj
 0001:0003d210       sf_debug_initialize_chart  000000018003e210 f   sfc_debug:sfcdebug.obj
 0001:0003d660       sf_debug_ensure_script     000000018003e660 f   sfc_debug:sfcdebug.obj
 0001:0003d710       cv_eval_saturation         000000018003e710 f   sfc_debug:sfcdebug.obj
 0001:0003d890       cv_saturation_accum        000000018003e890 f   sfc_debug:sfcdebug.obj
 0001:0003d9d0       cv_script_init_script      000000018003e9d0 f   sfc_debug:sfcdebug.obj
 0001:0003dac0       cv_script_init_fcn         000000018003eac0 f   sfc_debug:sfcdebug.obj
 0001:0003db80       cv_script_init_testobjective 000000018003eb80 f   sfc_debug:sfcdebug.obj
 0001:0003dc40       cv_script_init_saturation  000000018003ec40 f   sfc_debug:sfcdebug.obj
 0001:0003dcf0       cv_script_init_if          000000018003ecf0 f   sfc_debug:sfcdebug.obj
 0001:0003ddb0       cv_script_init_for         000000018003edb0 f   sfc_debug:sfcdebug.obj
 0001:0003de60       cv_script_init_while       000000018003ee60 f   sfc_debug:sfcdebug.obj
 0001:0003df10       cv_script_init_mcdc        000000018003ef10 f   sfc_debug:sfcdebug.obj
 0001:0003e010       cv_script_init_switch      000000018003f010 f   sfc_debug:sfcdebug.obj
 0001:0003e0f0       cv_script_eval             000000018003f0f0 f   sfc_debug:sfcdebug.obj
 0001:0003e1c0       eml_debug_line_call        000000018003f1c0 f   sfc_debug:sfcdebug.obj
 0001:0003e390       sf_debug_terminate         000000018003f390 f   sfc_debug:sfcdebug.obj
 0001:0003e5a0       sf_debug_set_script_cv_ids 000000018003f5a0 f   sfc_debug:sfcdebug.obj
 0001:0003e6d0       sf_debug_api               000000018003f6d0 f   sfc_debug:sfc_api.obj
 0001:0003ffc0       sf_debug_sm_terminate      0000000180040fc0 f   sfc_debug:sfdb_animation.obj
 0001:00040170       sf_debug_reset_path_objects 0000000180041170 f   sfc_debug:sfdb_animation.obj
 0001:000401f0       sf_debug_sm_reset_object_selection_status 00000001800411f0 f   sfc_debug:sfdb_animation.obj
 0001:00040290       sf_debug_sm_reset_state_buffer 0000000180041290 f   sfc_debug:sfdb_animation.obj
 0001:00040360       sf_debug_sm_store_state_buffer 0000000180041360 f   sfc_debug:sfdb_animation.obj
 0001:000403e0       sf_debug_sm_restore_state_buffer1 00000001800413e0 f   sfc_debug:sfdb_animation.obj
 0001:00040450       sf_debug_sm_restore_state_buffer2 0000000180041450 f   sfc_debug:sfdb_animation.obj
 0001:000404c0       sf_debug_sm_chart_active   00000001800414c0 f   sfc_debug:sfdb_animation.obj
 0001:00040510       sf_debug_sm_select_active_objects 0000000180041510 f   sfc_debug:sfdb_animation.obj
 0001:000409e0       sf_debug_sm_is_chart_active 00000001800419e0 f   sfc_debug:sfdb_animation.obj
 0001:00040a20       sf_debug_sm_is_state_active 0000000180041a20 f   sfc_debug:sfdb_animation.obj
 0001:00040c60       sf_debug_sm_get_active_states 0000000180041c60 f   sfc_debug:sfdb_animation.obj
 0001:00041210       sf_debug_sm_initialize_instance 0000000180042210 f   sfc_debug:sfdb_animation.obj
 0001:00041420       sf_debug_sm_change_object_selection_status 0000000180042420 f   sfc_debug:sfdb_animation.obj
 0001:000416f0       cv_create_interface        00000001800426f0 f   sfc_debug:cv_sfinterface.obj
 0001:00041a00       cv_init_trans              0000000180042a00 f   sfc_debug:cv_sfinterface.obj
 0001:00041a50       cv_init_saturation         0000000180042a50 f   sfc_debug:cv_sfinterface.obj
 0001:00041a90       cv_init_testobjective      0000000180042a90 f   sfc_debug:cv_sfinterface.obj
 0001:00041ad0       cv_init_state              0000000180042ad0 f   sfc_debug:cv_sfinterface.obj
 0001:00041b40       cv_init_chart              0000000180042b40 f   sfc_debug:cv_sfinterface.obj
 0001:00041b90       cv_dec_update_call         0000000180042b90 f   sfc_debug:cv_sfinterface.obj
 0001:00041bd0       cv_cond_update_call        0000000180042bd0 f   sfc_debug:cv_sfinterface.obj
 0001:00041c10       cv_saturation_update_call  0000000180042c10 f   sfc_debug:cv_sfinterface.obj
 0001:00041c50       cv_saturation_update_accum 0000000180042c50 f   sfc_debug:cv_sfinterface.obj
 0001:00041c90       cv_testobjective_update_call 0000000180042c90 f   sfc_debug:cv_sfinterface.obj
 0001:00041cd0       cv_sigrange_update         0000000180042cd0 f   sfc_debug:cv_sfinterface.obj
 0001:00041d10       cvsf_eml_eval              0000000180042d10 f   sfc_debug:cv_sfinterface.obj
 0001:00041df0       cvsf_eml_init_script       0000000180042df0 f   sfc_debug:cv_sfinterface.obj
 0001:00041e80       cvsf_eml_init_fcn          0000000180042e80 f   sfc_debug:cv_sfinterface.obj
 0001:00041ee0       cvsf_eml_init_testobjective 0000000180042ee0 f   sfc_debug:cv_sfinterface.obj
 0001:00041f40       cvsf_eml_init_saturation   0000000180042f40 f   sfc_debug:cv_sfinterface.obj
 0001:00041f90       cvsf_eml_init_if           0000000180042f90 f   sfc_debug:cv_sfinterface.obj
 0001:00041ff0       cvsf_eml_init_for          0000000180042ff0 f   sfc_debug:cv_sfinterface.obj
 0001:00042040       cvsf_eml_init_while        0000000180043040 f   sfc_debug:cv_sfinterface.obj
 0001:00042090       cvsf_eml_init_mcdc         0000000180043090 f   sfc_debug:cv_sfinterface.obj
 0001:00042120       cvsf_eml_init_switch       0000000180043120 f   sfc_debug:cv_sfinterface.obj
 0001:00042190       cvsf_script_eval           0000000180043190 f   sfc_debug:cv_sfinterface.obj
 0001:00042270       cvsf_script_init_script    0000000180043270 f   sfc_debug:cv_sfinterface.obj
 0001:00042300       cvsf_script_init_fcn       0000000180043300 f   sfc_debug:cv_sfinterface.obj
 0001:00042360       cvsf_script_init_testobjective 0000000180043360 f   sfc_debug:cv_sfinterface.obj
 0001:000423c0       cvsf_script_init_saturation 00000001800433c0 f   sfc_debug:cv_sfinterface.obj
 0001:00042410       cvsf_script_init_if        0000000180043410 f   sfc_debug:cv_sfinterface.obj
 0001:00042470       cvsf_script_init_for       0000000180043470 f   sfc_debug:cv_sfinterface.obj
 0001:000424c0       cvsf_script_init_while     00000001800434c0 f   sfc_debug:cv_sfinterface.obj
 0001:00042510       cvsf_script_init_mcdc      0000000180043510 f   sfc_debug:cv_sfinterface.obj
 0001:000425a0       cvsf_script_init_switch    00000001800435a0 f   sfc_debug:cv_sfinterface.obj
 0001:00042610       cv_destroy_interface       0000000180043610 f   sfc_debug:cv_sfinterface.obj
 0001:00042630       cv_create_instance_objects 0000000180043630 f   sfc_debug:cv_sfinterface.obj
 0001:00042aa0       cv_is_enabled              0000000180043aa0 f   sfc_debug:cv_sfinterface.obj
 0001:00042ab0       sf_debug_cv_initialize_script 0000000180043ab0 f   sfc_debug:cv_sfinterface.obj
 0001:00042c40       sf_debug_cv_initialize_instance 0000000180043c40 f   sfc_debug:cv_sfinterface.obj
 0001:00042fd0       sf_debug_cv_terminate_chart 0000000180043fd0 f   sfc_debug:cv_sfinterface.obj
 0001:000430f0       cv_call_trans_test         00000001800440f0 f   sfc_debug:cv_sfinterface.obj
 0001:00043100       cv_call_sub_cond_test      0000000180044100 f   sfc_debug:cv_sfinterface.obj
 0001:00043140       sf_debug_st_initialize_machine 0000000180044140 f   sfc_debug:sfdb_data_browse.obj
 0001:000431f0       sf_debug_st_initialize_instance 00000001800441f0 f   sfc_debug:sfdb_data_browse.obj
 0001:00043400       sf_debug_st_terminate      0000000180044400 f   sfc_debug:sfdb_data_browse.obj
 0001:000437a0       sf_debug_st_set_data_value_ptr_in_machine 00000001800447a0 f   sfc_debug:sfdb_data_browse.obj
 0001:00043830       sf_debug_st_set_data_value_ptr_in_instance 0000000180044830 f   sfc_debug:sfdb_data_browse.obj
 0001:00043910       sf_debug_st_unset_data_value_ptr_in_machine 0000000180044910 f   sfc_debug:sfdb_data_browse.obj
 0001:00043980       sf_debug_st_unset_data_value_ptr_in_instance 0000000180044980 f   sfc_debug:sfdb_data_browse.obj
 0001:00043c40       sf_debug_mx_value          0000000180044c40 f   sfc_debug:sfdb_data_browse.obj
 0001:00043ca0       sf_debug_mx_packed_vector  0000000180044ca0 f   sfc_debug:sfdb_data_browse.obj
 0001:00043d80       sf_debug_mx_uint_vector    0000000180044d80 f   sfc_debug:sfdb_data_browse.obj
 0001:00043e30       sf_debug_st_get_double_value_from_void_ptr_vector 0000000180044e30 f   sfc_debug:sfdb_data_browse.obj
 0001:00044910       sf_debug_st_browse_data    0000000180045910 f   sfc_debug:sfdb_data_browse.obj
 0001:00045150       sf_debug_hm_initialize_instance 0000000180046150 f   sfc_debug:sfdb_handle_management.obj
 0001:00045630       sf_debug_hm_get_object_id  0000000180046630 f   sfc_debug:sfdb_handle_management.obj
 0001:000461e0       sf_debug_hm_update_chart_visibility 00000001800471e0 f   sfc_debug:sfdb_handle_management.obj
 0001:000473d0       sf_debug_object_is_eml_function 00000001800483d0 f   sfc_debug:sfdb_handle_management.obj
 0001:00047440       sf_debug_hm_initialize_ids_in_machine 0000000180048440 f   sfc_debug:sfdb_handle_management.obj
 0001:000475b0       sf_debug_hm_initialize_ids_in_chart 00000001800485b0 f   sfc_debug:sfdb_handle_management.obj
 0001:000476b0       sf_debug_hm_initialize_chart 00000001800486b0 f   sfc_debug:sfdb_handle_management.obj
 0001:00047db0       sf_debug_hm_terminate      0000000180048db0 f   sfc_debug:sfdb_handle_management.obj
 0001:00047e10       sf_debug_hm_initialize_machine 0000000180048e10 f   sfc_debug:sfdb_handle_management.obj
 0001:00048530       sf_debug_ss_initialize     0000000180049530 f   sfc_debug:sfdb_symbol_scope.obj
 0001:00048550       sf_debug_ss_terminate      0000000180049550 f   sfc_debug:sfdb_symbol_scope.obj
 0001:000485e0       sf_debug_ss_push_symbol_scope 00000001800495e0 f   sfc_debug:sfdb_symbol_scope.obj
 0001:000486e0       sf_debug_ss_push_symbol_scope_eml 00000001800496e0 f   sfc_debug:sfdb_symbol_scope.obj
 0001:00048740       sf_debug_ss_pop_symbol_scope 0000000180049740 f   sfc_debug:sfdb_symbol_scope.obj
 0001:000487f0       sf_debug_ss_add_symbol     00000001800497f0 f   sfc_debug:sfdb_symbol_scope.obj
 0001:00048960       sf_debug_ss_add_symbol_eml 0000000180049960 f   sfc_debug:sfdb_symbol_scope.obj
 0001:00049860       sf_debug_ss_set_data_value 000000018004a860 f   sfc_debug:sfdb_symbol_scope.obj
 0001:00049cb0       getInstanceNumber          000000018004acb0 f   sfc_debug:sfdb_symbol_scope.obj
 0001:00049d80       sf_debug_ss_watch_data     000000018004ad80 f   sfc_debug:sfdb_symbol_scope.obj
 0001:00049f70       sf_debug_ss_assign_data    000000018004af70 f   sfc_debug:sfdb_symbol_scope.obj
 0001:0004a980       get_data_entry_name        000000018004b980 f   sfc_debug:sfdb_symbol_scope.obj
 0001:0004a9d0       sf_debug_ss_whos           000000018004b9d0 f   sfc_debug:sfdb_symbol_scope.obj
 0001:0004b020       sf_debug_cc_initialize_chart 000000018004c020 f   sfc_debug:sfdb_coverage.obj
 0001:0004ba10       sf_debug_cc_initialize_instance 000000018004ca10 f   sfc_debug:sfdb_coverage.obj
 0001:0004c750       sf_debug_cc_terminate      000000018004d750 f   sfc_debug:sfdb_coverage.obj
 0001:0004c840       sf_debug_cc_set_transition_maps 000000018004d840 f   sfc_debug:sfdb_coverage.obj
 0001:0004c970       sf_debug_cc_set_state_maps 000000018004d970 f   sfc_debug:sfdb_coverage.obj
 0001:0004ca50       sf_debug_cc_set_transition_weights 000000018004da50 f   sfc_debug:sfdb_coverage.obj
 0001:0004cd10       sf_debug_cc_set_state_weights 000000018004dd10 f   sfc_debug:sfdb_coverage.obj
 0001:0004cfe0       sf_debug_cc_mark_transition_guard 000000018004dfe0 f   sfc_debug:sfdb_coverage.obj
 0001:0004d070       sf_debug_cc_mark_transition_trigger 000000018004e070 f   sfc_debug:sfdb_coverage.obj
 0001:0004d100       sf_debug_cc_mark_transition_decision 000000018004e100 f   sfc_debug:sfdb_coverage.obj
 0001:0004d170       sf_debug_cc_mark_transition_condition_action 000000018004e170 f   sfc_debug:sfdb_coverage.obj
 0001:0004d1c0       sf_debug_cc_mark_transition_transition_action 000000018004e1c0 f   sfc_debug:sfdb_coverage.obj
 0001:0004d210       sf_debug_cc_mark_state_entry 000000018004e210 f   sfc_debug:sfdb_coverage.obj
 0001:0004d260       sf_debug_cc_mark_state_during 000000018004e260 f   sfc_debug:sfdb_coverage.obj
 0001:0004d2b0       sf_debug_cc_mark_state_exit 000000018004e2b0 f   sfc_debug:sfdb_coverage.obj
 0001:0004d300       sf_debug_bm_clear_script_breakpoints 000000018004e300 f   sfc_debug:sfdb_breakpoints.obj
 0001:0004d330       sf_debug_bm_set_script_breakpoint 000000018004e330 f   sfc_debug:sfdb_breakpoints.obj
 0001:0004d3b0       sf_debug_bm_clear_single_script_breakpoint 000000018004e3b0 f   sfc_debug:sfdb_breakpoints.obj
 0001:0004d430       sf_debug_bm_query_script_breakpoint 000000018004e430 f   sfc_debug:sfdb_breakpoints.obj
 0001:0004d480       sf_debug_bm_initialize_scripts 000000018004e480 f   sfc_debug:sfdb_breakpoints.obj
 0001:0004db10       sf_debug_bm_terminate      000000018004eb10 f   sfc_debug:sfdb_breakpoints.obj
 0001:0004ddf0       sf_debug_bm_remove_all_breakpoints_in_machine 000000018004edf0 f   sfc_debug:sfdb_breakpoints.obj
 0001:0004de50       sf_debug_bm_remove_all_breakpoints_in_chart 000000018004ee50 f   sfc_debug:sfdb_breakpoints.obj
 0001:0004dfa0       sf_debug_bm_initialize_global_breakpoints 000000018004efa0 f   sfc_debug:sfdb_breakpoints.obj
 0001:0004e120       sf_debug_bm_set_breakpoint 000000018004f120 f   sfc_debug:sfdb_breakpoints.obj
 0001:0004e6e0       sf_debug_bm_set_eml_breakpoint 000000018004f6e0 f   sfc_debug:sfdb_breakpoints.obj
 0001:0004e770       sf_debug_bm_initialize_machine_breakpoint_map 000000018004f770 f   sfc_debug:sfdb_breakpoints.obj
 0001:0004eb90       sf_debug_bm_is_a_breakpoint 000000018004fb90 f   sfc_debug:sfdb_breakpoints.obj
 0001:0004f0b0       sf_debug_bm_get_all_breakpoints_in_machine 00000001800500b0 f   sfc_debug:sfdb_breakpoints.obj
 0001:0004f3b0       sf_debug_bm_get_all_breakpoints_in_chart 00000001800503b0 f   sfc_debug:sfdb_breakpoints.obj
 0001:0004ff40       sf_debug_bm_initialize_machine 0000000180050f40 f   sfc_debug:sfdb_breakpoints.obj
 0001:00050010       sf_debug_bm_initialize_chart 0000000180051010 f   sfc_debug:sfdb_breakpoints.obj
 0001:00050400       sf_debug_sc_terminate      0000000180051400 f   sfc_debug:sfdb_state_consistency.obj
 0001:00050720       sf_debug_sc_is_chart_consistent 0000000180051720 f   sfc_debug:sfdb_state_consistency.obj
 0001:000509d0       sf_debug_sc_get_consistency_error_info 00000001800519d0 f   sfc_debug:sfdb_state_consistency.obj
 0001:00050de0       sf_debug_tm_terminate      0000000180051de0 f   sfc_debug:sfdb_call_stack.obj
 0001:00050e90       sf_debug_tm_push_chart_instance 0000000180051e90 f   sfc_debug:sfdb_call_stack.obj
 0001:00050fd0       sf_debug_tm_pop_chart_instance 0000000180051fd0 f   sfc_debug:sfdb_call_stack.obj
 0001:00051030       sf_debug_tm_push_trace_node 0000000180052030 f   sfc_debug:sfdb_call_stack.obj
 0001:000511b0       sf_debug_tm_pop_trace_node 00000001800521b0 f   sfc_debug:sfdb_call_stack.obj
 0001:00051230       sf_debug_tm_get_current_global_trace_index 0000000180052230 f   sfc_debug:sfdb_call_stack.obj
 0001:00051240       sf_debug_tm_get_current_local_trace_index 0000000180052240 f   sfc_debug:sfdb_call_stack.obj
 0001:00051270       sf_debug_tm_set_cycle_detected_flag 0000000180052270 f   sfc_debug:sfdb_call_stack.obj
 0001:000512b0       sf_debug_tm_set_cycle_started_flag 00000001800522b0 f   sfc_debug:sfdb_call_stack.obj
 0001:000512f0       sf_debug_tm_get_chart_number_from_stack 00000001800522f0 f   sfc_debug:sfdb_call_stack.obj
 0001:000514f0       sf_debug_tm_browse_trace   00000001800524f0 f   sfc_debug:sfdb_call_stack.obj
 0001:00051800       sf_debug_cd_initialize_instance 0000000180052800 f   sfc_debug:sfdb_cycle_detection.obj
 0001:00051ab0       sf_debug_cd_mark_processed_transition_in_instance 0000000180052ab0 f   sfc_debug:sfdb_cycle_detection.obj
 0001:00051b50       sf_debug_cd_checksum_push  0000000180052b50 f   sfc_debug:sfdb_cycle_detection.obj
 0001:00051e00       sf_debug_cd_checksum_pop   0000000180052e00 f   sfc_debug:sfdb_cycle_detection.obj
 0001:00051e70       sf_debug_cd_turn_off_cycle_detection 0000000180052e70 f   sfc_debug:sfdb_cycle_detection.obj
 0001:00051ec0       sf_debug_cd_terminate      0000000180052ec0 f   sfc_debug:sfdb_cycle_detection.obj
 0001:000520f0       md5_initialize_state       00000001800530f0 f   sfc_debug:ckmd5.obj
 0001:00052b80       md5_update_state           0000000180053b80 f   sfc_debug:ckmd5.obj
 0001:00052ba0       md5_get_hash               0000000180053ba0 f   sfc_debug:ckmd5.obj
 0001:00052bd0       md5_get_hash_for_a_single_string 0000000180053bd0 f   sfc_debug:ckmd5.obj
 0001:00052c30       mxGetPr                    0000000180053c30 f   libmx:libmx.dll
 0001:00052c36       mxCreateDoubleScalar       0000000180053c36 f   libmx:libmx.dll
 0001:00052c3c       mxCreateDoubleMatrix_730   0000000180053c3c f   libmx:libmx.dll
 0001:00052c42       mxSetField_730             0000000180053c42 f   libmx:libmx.dll
 0001:00052c48       mxCreateString             0000000180053c48 f   libmx:libmx.dll
 0001:00052c4e       mxCreateStructMatrix_730   0000000180053c4e f   libmx:libmx.dll
 0001:00052c54       mxCreateCellMatrix_730     0000000180053c54 f   libmx:libmx.dll
 0001:00052c5a       mxDestroyArray             0000000180053c5a f   libmx:libmx.dll
 0001:00052c60       mxDuplicateArray           0000000180053c60 f   libmx:libmx.dll
 0001:00052c66       mxGetString_730            0000000180053c66 f   libmx:libmx.dll
 0001:00052c6c       mxIsChar                   0000000180053c6c f   libmx:libmx.dll
 0001:00052c72       mxGetClassID               0000000180053c72 f   libmx:libmx.dll
 0001:00052c78       mxIsNumeric                0000000180053c78 f   libmx:libmx.dll
 0001:00052c7e       mxIsComplex                0000000180053c7e f   libmx:libmx.dll
 0001:00052c84       mxGetN                     0000000180053c84 f   libmx:libmx.dll
 0001:00052c8a       mxGetM                     0000000180053c8a f   libmx:libmx.dll
 0001:00052c90       mxCalloc                   0000000180053c90 f   libmx:libmx.dll
 0001:00052c96       mxGetScalar                0000000180053c96 f   libmx:libmx.dll
 0001:00052c9c       mxIsLogical                0000000180053c9c f   libmx:libmx.dll
 0001:00052ca2       mxCreateDoubleMatrix_700   0000000180053ca2 f   libmx:libmx.dll
 0001:00052ca8       mxFree                     0000000180053ca8 f   libmx:libmx.dll
 0001:00052cae       mxArrayToString            0000000180053cae f   libmx:libmx.dll
 0001:00052cb4       mxCreateCellMatrix_700     0000000180053cb4 f   libmx:libmx.dll
 0001:00052cba       mxSetCell_700              0000000180053cba f   libmx:libmx.dll
 0001:00052cc0       mxGetCell_700              0000000180053cc0 f   libmx:libmx.dll
 0001:00052cc6       mxGetClassName             0000000180053cc6 f   libmx:libmx.dll
 0001:00052ccc       mxSetField_700             0000000180053ccc f   libmx:libmx.dll
 0001:00052cd2       mxAddField                 0000000180053cd2 f   libmx:libmx.dll
 0001:00052cd8       mxGetField_700             0000000180053cd8 f   libmx:libmx.dll
 0001:00052cde       mxGetNumberOfElements      0000000180053cde f   libmx:libmx.dll
 0001:00052ce4       mxIsStruct                 0000000180053ce4 f   libmx:libmx.dll
 0001:00052cea       mxIsA                      0000000180053cea f   libmx:libmx.dll
 0001:00052cf0       mxIsClass                  0000000180053cf0 f   libmx:libmx.dll
 0001:00052cf6       mxGetLogicals              0000000180053cf6 f   libmx:libmx.dll
 0001:00052cfc       mxIsSparse                 0000000180053cfc f   libmx:libmx.dll
 0001:00052d02       mxSetFieldByNumber_700     0000000180053d02 f   libmx:libmx.dll
 0001:00052d08       mxGetFieldByNumber_700     0000000180053d08 f   libmx:libmx.dll
 0001:00052d0e       mxGetFieldNameByNumber     0000000180053d0e f   libmx:libmx.dll
 0001:00052d14       mxGetNumberOfFields        0000000180053d14 f   libmx:libmx.dll
 0001:00052d1a       mxCreateStructMatrix_700   0000000180053d1a f   libmx:libmx.dll
 0001:00052d20       mxGetFieldNumber           0000000180053d20 f   libmx:libmx.dll
 0001:00052d26       mxIsNaN                    0000000180053d26 f   libmx:libmx.dll
 0001:00052d2c       mxIsEmpty                  0000000180053d2c f   libmx:libmx.dll
 0001:00052d32       mxGetData                  0000000180053d32 f   libmx:libmx.dll
 0001:00052d38       mxGetImagData              0000000180053d38 f   libmx:libmx.dll
 0001:00052d3e       mxArrayClassIDName         0000000180053d3e f   libmx:libmx.dll
 0001:00052d44       mxCreateNumericMatrix_700  0000000180053d44 f   libmx:libmx.dll
 0001:00052d4a       mxCreateStructArray_700    0000000180053d4a f   libmx:libmx.dll
 0001:00052d50       mxCalcSingleSubscript_700  0000000180053d50 f   libmx:libmx.dll
 0001:00052d56       mxGetDimensions_700        0000000180053d56 f   libmx:libmx.dll
 0001:00052d5c       mxGetNumberOfDimensions_700 0000000180053d5c f   libmx:libmx.dll
 0001:00052d62       mxCreateNumericArray_700   0000000180053d62 f   libmx:libmx.dll
 0001:00052d68       mxGetElementSize           0000000180053d68 f   libmx:libmx.dll
 0001:00052d6e       mxCreateStringFromNChars_700 0000000180053d6e f   libmx:libmx.dll
 0001:00052d74       mxGetString_700            0000000180053d74 f   libmx:libmx.dll
 0001:00052d7a       mxIsLogicalScalarTrue      0000000180053d7a f   libmx:libmx.dll
 0001:00052d80       mxCreateLogicalScalar      0000000180053d80 f   libmx:libmx.dll
 0001:00052d86       mexUnlock                  0000000180053d86 f   libmex:libmex.dll
 0001:00052d8c       mexIsLocked                0000000180053d8c f   libmex:libmex.dll
 0001:00052d92       mexWarnMsgTxt              0000000180053d92 f   libmex:libmex.dll
 0001:00052d98       mexCallMATLAB              0000000180053d98 f   libmex:libmex.dll
 0001:00052d9e       mexErrMsgTxt               0000000180053d9e f   libmex:libmex.dll
 0001:00052da4       mexMakeArrayPersistent     0000000180053da4 f   libmex:libmex.dll
 0001:00052daa       mexSetTrapFlag             0000000180053daa f   libmex:libmex.dll
 0001:00052db0       mexPutVariable             0000000180053db0 f   libmex:libmex.dll
 0001:00052db6       mexGetVariable             0000000180053db6 f   libmex:libmex.dll
 0001:00052dbc       mexLock                    0000000180053dbc f   libmex:libmex.dll
 0001:00052dc2       mexMakeMemoryPersistent    0000000180053dc2 f   libmex:libmex.dll
 0001:00052dc8       mexFunctionName            0000000180053dc8 f   libmex:libmex.dll
 0001:00052dce       ssRegisterDataTypeFxpFSlopeFixExpBias 0000000180053dce f   libfixedpoint:libfixedpoint.dll
 0001:00052dd4       ssRegisterDataTypeFxpScaledDouble 0000000180053dd4 f   libfixedpoint:libfixedpoint.dll
 0001:00052dda       utMalloc                   0000000180053dda f   libut:libut.dll
 0001:00052de0       utFree                     0000000180053de0 f   libut:libut.dll
 0001:00052de6       utVSNprintf                0000000180053de6 f   libut:libut.dll
 0001:00052dec       utCPUtime                  0000000180053dec f   libut:libut.dll
 0001:00052df2       utCalloc                   0000000180053df2 f   libut:libut.dll
 0001:00052df8       utRealloc                  0000000180053df8 f   libut:libut.dll
 0001:00052dfe       muDoubleScalarAsin         0000000180053dfe f   libmwmathutil:libmwmathutil.dll
 0001:00052e04       muDoubleScalarAtan         0000000180053e04 f   libmwmathutil:libmwmathutil.dll
 0001:00052e0a       muDoubleScalarRound        0000000180053e0a f   libmwmathutil:libmwmathutil.dll
 0001:00052e10       emlrtCreateRootTLS         0000000180053e10 f   libemlrt:libemlrt.dll
 0001:00052e16       emlrtDestroyRootTLS        0000000180053e16 f   libemlrt:libemlrt.dll
 0001:00052e1c       emlrtCheckBuiltInR2012b    0000000180053e1c f   libemlrt:libemlrt.dll
 0001:00052e22       emlrtCheckVsBuiltInR2012b  0000000180053e22 f   libemlrt:libemlrt.dll
 0001:00052e28       emlrtCheckEnumR2012b       0000000180053e28 f   libemlrt:libemlrt.dll
 0001:00052e2e       emlrtCreateEnumR2012b      0000000180053e2e f   libemlrt:libemlrt.dll
 0001:00052e34       emlrtGetEnumElementR2009a  0000000180053e34 f   libemlrt:libemlrt.dll
 0001:00052e3a       emlrtCreateReference       0000000180053e3a f   libemlrt:libemlrt.dll
 0001:00052e40       emlrtImportVsFiArrayR2009b 0000000180053e40 f   libemlrt:libemlrt.dll
 0001:00052e46       emlrtNameCapturePostProcessR2012a 0000000180053e46 f   libemlrt:libemlrt.dll
 0001:00052e4c       emlrtExtractMessageId      0000000180053e4c f   libemlrt:libemlrt.dll
 0001:00052e52       emlrtTranslateMessageIDtoLCPstring 0000000180053e52 f   libemlrt:libemlrt.dll
 0001:00052e58       emlrtForLoopVectorIsValidR2011b 0000000180053e58 f   libemlrt:libemlrt.dll
 0001:00052e5e       emlrtTranslateUTF16MessagetoLCPstring 0000000180053e5e f   libemlrt:libemlrt.dll
 0001:00052e64       emlrtGetEnumUnderlyingArrayR2009a 0000000180053e64 f   libemlrt:libemlrt.dll
 0001:00052e6a       emlrtIsEnumR2009a          0000000180053e6a f   libemlrt:libemlrt.dll
 0001:00052e70       __GSHandlerCheckCommon     0000000180053e70 f   MSVCRT:gshandler.obj
 0001:00052ed4       __GSHandlerCheck           0000000180053ed4 f   MSVCRT:gshandler.obj
 0001:00052ef2       strlen                     0000000180053ef2 f   MSVCRT:MSVCR100.dll
 0001:00052f10       __security_check_cookie    0000000180053f10 f   MSVCRT:amdsecgs.obj
 0001:00052f30       memset                     0000000180053f30 f   MSVCRT:MSVCR100.dll
 0001:00052f50       _alloca_probe              0000000180053f50     MSVCRT:chkstk.obj
 0001:00052f50       __chkstk                   0000000180053f50 f   MSVCRT:chkstk.obj
 0001:00052f9e       strcmp                     0000000180053f9e f   MSVCRT:MSVCR100.dll
 0001:00052fa4       free                       0000000180053fa4 f   MSVCRT:MSVCR100.dll
 0001:00052faa       sprintf                    0000000180053faa f   MSVCRT:MSVCR100.dll
 0001:00052fb0       malloc                     0000000180053fb0 f   MSVCRT:MSVCR100.dll
 0001:00052fb6       strcat                     0000000180053fb6 f   MSVCRT:MSVCR100.dll
 0001:00052fbc       memcpy                     0000000180053fbc f   MSVCRT:MSVCR100.dll
 0001:00052fc4       NtCurrentTeb               0000000180053fc4 f i MSVCRT:crtdll.obj
 0001:00053030       _CRT_INIT                  0000000180054030 f   MSVCRT:crtdll.obj
 0001:000533c8       _DllMainCRTStartup         00000001800543c8 f   MSVCRT:crtdll.obj
 0001:00053406       strncpy                    0000000180054406 f   MSVCRT:MSVCR100.dll
 0001:0005340c       longjmp                    000000018005440c f   MSVCRT:MSVCR100.dll
 0001:00053412       strncmp                    0000000180054412 f   MSVCRT:MSVCR100.dll
 0001:00053418       ceil                       0000000180054418 f   MSVCRT:MSVCR100.dll
 0001:0005341e       strrchr                    000000018005441e f   MSVCRT:MSVCR100.dll
 0001:00053424       _setjmp                    0000000180054424 f   MSVCRT:MSVCR100.dll
 0001:0005342a       ldexp                      000000018005442a f   MSVCRT:MSVCR100.dll
 0001:00053430       __report_gsfailure         0000000180054430 f   MSVCRT:gs_report.obj
 0001:0005357c       __clean_type_info_names    000000018005457c f   MSVCRT:tncleanup.obj
 0001:00053588       _onexit                    0000000180054588 f   MSVCRT:atonexit.obj
 0001:00053638       atexit                     0000000180054638 f   MSVCRT:atonexit.obj
 0001:00053650       _RTC_Initialize            0000000180054650 f   MSVCRT:_initsect_.obj
 0001:00053688       _RTC_Terminate             0000000180054688 f   MSVCRT:_initsect_.obj
 0001:000536c0       _malloc_crt                00000001800546c0 f   MSVCRT:MSVCR100.dll
 0001:000536d0       _ValidateImageBase         00000001800546d0 f   MSVCRT:pesect.obj
 0001:00053700       _FindPESection             0000000180054700 f   MSVCRT:pesect.obj
 0001:00053750       _IsNonwritableInCurrentImage 0000000180054750 f   MSVCRT:pesect.obj
 0001:00053792       _initterm                  0000000180054792 f   MSVCRT:MSVCR100.dll
 0001:00053798       _initterm_e                0000000180054798 f   MSVCRT:MSVCR100.dll
 0001:0005379e       _encoded_null              000000018005479e f   MSVCRT:MSVCR100.dll
 0001:000537a4       _amsg_exit                 00000001800547a4 f   MSVCRT:MSVCR100.dll
 0001:000537aa       __C_specific_handler       00000001800547aa f   MSVCRT:MSVCR100.dll
 0001:000537b0       __CppXcptFilter            00000001800547b0 f   MSVCRT:MSVCR100.dll
 0001:000537b8       DllMain                    00000001800547b8 f   MSVCRT:dllmain.obj
 0001:000537dc       __security_init_cookie     00000001800547dc f   MSVCRT:gs_support.obj
 0001:00053890       __crt_debugger_hook        0000000180054890 f   MSVCRT:MSVCR100.dll
 0001:00053896       __clean_type_info_names_internal 0000000180054896 f   MSVCRT:MSVCR100.dll
 0001:0005389c       _unlock                    000000018005489c f   MSVCRT:MSVCR100.dll
 0001:000538a2       __dllonexit                00000001800548a2 f   MSVCRT:MSVCR100.dll
 0001:000538a8       _lock                      00000001800548a8 f   MSVCRT:MSVCR100.dll
 0001:000538ae       EncodePointer              00000001800548ae f   kernel32:KERNEL32.dll
 0001:000538b4       DecodePointer              00000001800548b4 f   kernel32:KERNEL32.dll
 0001:000538ba       Sleep                      00000001800548ba f   kernel32:KERNEL32.dll
 0001:000538c0       TerminateProcess           00000001800548c0 f   kernel32:KERNEL32.dll
 0001:000538c6       GetCurrentProcess          00000001800548c6 f   kernel32:KERNEL32.dll
 0001:000538cc       UnhandledExceptionFilter   00000001800548cc f   kernel32:KERNEL32.dll
 0001:000538d2       SetUnhandledExceptionFilter 00000001800548d2 f   kernel32:KERNEL32.dll
 0001:000538d8       IsDebuggerPresent          00000001800548d8 f   kernel32:KERNEL32.dll
 0001:000538de       RtlVirtualUnwind           00000001800548de f   kernel32:KERNEL32.dll
 0001:000538e4       RtlLookupFunctionEntry     00000001800548e4 f   kernel32:KERNEL32.dll
 0001:000538ea       RtlCaptureContext          00000001800548ea f   kernel32:KERNEL32.dll
 0001:000538f0       DisableThreadLibraryCalls  00000001800548f0 f   kernel32:KERNEL32.dll
 0001:000538f6       QueryPerformanceCounter    00000001800548f6 f   kernel32:KERNEL32.dll
 0001:000538fc       GetTickCount               00000001800548fc f   kernel32:KERNEL32.dll
 0001:00053902       GetCurrentThreadId         0000000180054902 f   kernel32:KERNEL32.dll
 0001:00053908       GetCurrentProcessId        0000000180054908 f   kernel32:KERNEL32.dll
 0001:0005390e       GetSystemTimeAsFileTime    000000018005490e f   kernel32:KERNEL32.dll
 0002:00000000       __imp_RtlLookupFunctionEntry 0000000180055000     kernel32:KERNEL32.dll
 0002:00000008       __imp_RtlVirtualUnwind     0000000180055008     kernel32:KERNEL32.dll
 0002:00000010       __imp_IsDebuggerPresent    0000000180055010     kernel32:KERNEL32.dll
 0002:00000018       __imp_SetUnhandledExceptionFilter 0000000180055018     kernel32:KERNEL32.dll
 0002:00000020       __imp_UnhandledExceptionFilter 0000000180055020     kernel32:KERNEL32.dll
 0002:00000028       __imp_GetCurrentProcess    0000000180055028     kernel32:KERNEL32.dll
 0002:00000030       __imp_TerminateProcess     0000000180055030     kernel32:KERNEL32.dll
 0002:00000038       __imp_Sleep                0000000180055038     kernel32:KERNEL32.dll
 0002:00000040       __imp_DecodePointer        0000000180055040     kernel32:KERNEL32.dll
 0002:00000048       __imp_EncodePointer        0000000180055048     kernel32:KERNEL32.dll
 0002:00000050       __imp_DisableThreadLibraryCalls 0000000180055050     kernel32:KERNEL32.dll
 0002:00000058       __imp_QueryPerformanceCounter 0000000180055058     kernel32:KERNEL32.dll
 0002:00000060       __imp_GetTickCount         0000000180055060     kernel32:KERNEL32.dll
[...]
 0001:000295c0       sf_mex_check_complex       000000018002a5c0 f   sfc_mex:sfc_mex.obj
 0001:00029650       sf_mex_check_sparse        000000018002a650 f   sfc_mex:sfc_mex.obj
 0001:000296b0       sf_mex_check_numerictype   000000018002a6b0 f   sfc_mex:sfc_mex.obj
 0001:00029840       sf_mex_check_fimath        000000018002a840 f   sfc_mex:sfc_mex.obj
 0001:0002a3a0       size_mismatch_error        000000018002b3a0 f   sfc_mex:sfc_mex.obj
 0001:0002ae10       check_array_dimensions     000000018002be10 f   sfc_mex:sfc_mex.obj
 0001:0002ae80       check_input_mxarray        000000018002be80 f   sfc_mex:sfc_mex.obj
 0001:0002b5c0       sf_numeric_value_to_double 000000018002c5c0 f   sfc_mex:sfc_mex.obj
 0001:0002b610       ml_generic_out_of_bounds_check 000000018002c610 f   sfc_mex:sfc_mex.obj
 0001:0002b7d0       ml_get_element_value_from_array 000000018002c7d0 f   sfc_mex:sfc_mex.obj
 0001:0002bb70       _ml_generic_castability_check 000000018002cb70 f   sfc_mex:sfc_mex.obj
 0001:0002c2c0       ml_generic_castability_check 000000018002d2c0 f   sfc_mex:sfc_mex.obj
 0001:0002c360       ml_check_mx_array_for_single_castability 000000018002d360 f   sfc_mex:sfc_mex.obj
 0001:0002c400       ml_check_mx_array_for_logical_castability 000000018002d400 f   sfc_mex:sfc_mex.obj
 0001:0002c4a0       ml_check_mx_array_for_int8_castability 000000018002d4a0 f   sfc_mex:sfc_mex.obj
 0001:0002c550       ml_check_mx_array_for_uint8_castability 000000018002d550 f   sfc_mex:sfc_mex.obj
 0001:0002c5b0       ml_check_mx_array_for_int16_castability 000000018002d5b0 f   sfc_mex:sfc_mex.obj
 0001:0002c610       ml_check_mx_array_for_uint16_castability 000000018002d610 f   sfc_mex:sfc_mex.obj
 0001:0002c670       ml_check_mx_array_for_int32_castability 000000018002d670 f   sfc_mex:sfc_mex.obj
 0001:0002c6d0       ml_check_mx_array_for_uint32_castability 000000018002d6d0 f   sfc_mex:sfc_mex.obj
 0001:0002c730       ml_check_mx_array_for_castability 000000018002d730 f   sfc_mex:sfc_mex.obj
 0001:0002cf50       set_data_value             000000018002df50 f   sfc_mex:sfc_mex.obj
 0001:0002d2c0       get_data_value             000000018002e2c0 f   sfc_mex:sfc_mex.obj
 0001:0002d3d0       get_next_element_address   000000018002e3d0 f   sfc_mex:sfc_mex.obj
 0001:0002d4a0       sf_normalize_index         000000018002e4a0 f   sfc_mex:sfc_mex.obj
 0001:0002d850       ml_array_index_bound_check 000000018002e850 f   sfc_mex:sfc_mex.obj
 0001:0002e3d0       mx_value                   000000018002f3d0 f   sfc_mex:sfc_mex.obj
 0001:0002e420       sf_create_numeric_array    000000018002f420 f   sfc_mex:sfc_mex.obj
 0001:0002e4c0       sf_mex_assign_to_mx_array  000000018002f4c0 f   sfc_mex:sfc_mex.obj
 0001:0002e830       assign_from_mx_array       000000018002f830 f   sfc_mex:sfc_mex.obj
 0001:0002ef90       sf_mex_import_v            000000018002ff90 f   sfc_mex:sfc_mex.obj
 0001:0002f6a0       get_machine_and_chart_file_number 00000001800306a0 f   sfc_mex:sfc_sf.obj
 0001:0002f790       get_sfun_block_specialization 0000000180030790 f   sfc_mex:sfc_sf.obj
 0001:0002f840       call_sf_machine_global_method_dispatcher 0000000180030840 f   sfc_mex:sfc_sf.obj
 0001:0002fa90       mdl_zeroCrossings_processing 0000000180030a90 f   sfc_mex:sfc_sf.obj
 0001:0002fb70       mdl_derivatives_processing 0000000180030b70 f   sfc_mex:sfc_sf.obj
 0001:0002fe50       mdl_outputs_continuous_legacy 0000000180030e50 f   sfc_mex:sfc_sf.obj
 0001:0002fed0       mdl_outputs_processing     0000000180030ed0 f   sfc_mex:sfc_sf.obj
 0001:00030140       mdl_enable_processing      0000000180031140 f   sfc_mex:sfc_sf.obj
 0001:00030220       mdl_disable_processing     0000000180031220 f   sfc_mex:sfc_sf.obj
 0001:000310b0       sf_call_output_fcn_enable_disable 00000001800320b0 f   sfc_mex:sfc_sf.obj
 0001:00031330       set_dwork_information_from_mx_array 0000000180032330 f   sfc_mex:sfc_sf.obj
 0001:00031c20       ptr2mxStruct               0000000180032c20 f   sfc_mex:sfc_sf.obj
 0001:00031f30       SNPRINTF_WRAPPER           0000000180032f30 f   sfc_debug:sfcdebug.obj
 0001:00031f60       sf_debug_chart_instance_initialized 0000000180032f60 f   sfc_debug:sfcdebug.obj
 0001:00032100       sfrtAddSize                0000000180033100 f   sfc_debug:sfcdebug.obj
 0001:000321c0       sfrtGenSizeString          00000001800331c0 f   sfc_debug:sfcdebug.obj
 0001:00032910       fill_single_message_info   0000000180033910 f   sfc_debug:sfcdebug.obj
 0001:00032b90       sf_debug_sim_status_listener 0000000180033b90 f   sfc_debug:sfcdebug.obj
 0001:00033120       sf_debug_form_mask_bits    0000000180034120 f   sfc_debug:sfcdebug.obj
 0001:00033140       sf_debug_form_sf_data_type_offsets 0000000180034140 f   sfc_debug:sfcdebug.obj
 0001:00033200       sf_debug_free_all          0000000180034200 f   sfc_debug:sfcdebug.obj
 0001:00033390       sf_debug_append_debugger_context 0000000180034390 f   sfc_debug:sfcdebug.obj
 0001:00033700       local_strdup               0000000180034700 f   sfc_debug:sfcdebug.obj
 0001:00034680       sf_debug_em_terminate      0000000180035680 f   sfc_debug:sfcdebug.obj
 0001:000346c0       sf_debug_push_eml_function 00000001800356c0 f   sfc_debug:sfcdebug.obj
 0001:00034760       sf_debug_pop_eml_function  0000000180035760 f   sfc_debug:sfcdebug.obj
 0001:00035400       sf_debug_get_machine_number_from_id_or_name 0000000180036400 f   sfc_debug:sfcdebug.obj
 0001:00035550       sf_debug_get_chart_number_from_id 0000000180036550 f   sfc_debug:sfcdebug.obj
 0001:00036330       sf_debug_transfer_control_to_debugger_GUI 0000000180037330 f   sfc_debug:sfcdebug.obj
 0001:000372a0       sf_debug_scripts_rehash    00000001800382a0 f   sfc_debug:sfcdebug.obj
 0001:000374b0       sf_debug_get_script_line_count 00000001800384b0 f   sfc_debug:sfcdebug.obj
 0001:00037f00       cv_eml_state_cvId          0000000180038f00 f   sfc_debug:sfcdebug.obj
 0001:00037f70       cv_eml_trans_cvId          0000000180038f70 f   sfc_debug:sfcdebug.obj
 0001:000393f0       sf_debug_data_array_bounds_error 000000018003a3f0 f   sfc_debug:sfcdebug.obj
 0001:000397a0       eml_debug_runtime_error_doclink 000000018003a7a0 f   sfc_debug:sfcdebug.obj
 0001:00039910       sf_debug_runtime_error     000000018003a910 f   sfc_debug:sfcdebug.obj
 0001:00039980       sf_debug_matlab_error      000000018003a980 f   sfc_debug:sfcdebug.obj
 0001:0003a2f0       sf_debug_data_value_error  000000018003b2f0 f   sfc_debug:sfcdebug.obj
 0001:0003abc0       sf_debug_data_loss_error   000000018003bbc0 f   sfc_debug:sfcdebug.obj
 0001:0003bae0       call_cv_range_check        000000018003cae0 f   sfc_debug:sfcdebug.obj
 0001:0003c340       sf_debug_invoke_cycle_detection_code 000000018003d340 f   sfc_debug:sfcdebug.obj
 0001:0003ceb0       sf_reset_debug_info_struct 000000018003deb0 f   sfc_debug:sfcdebug.obj
 0001:0003d6a0       cv_script_cvId             000000018003e6a0 f   sfc_debug:sfcdebug.obj
 0001:0003e860       sfc_api_chart_visible      000000018003f860 f   sfc_debug:sfc_api.obj
 0001:0003e8f0       sfc_api_active_instance    000000018003f8f0 f   sfc_debug:sfc_api.obj
 0001:0003e980       sfc_api_machine_load       000000018003f980 f   sfc_debug:sfc_api.obj
 0001:0003ea70       sfc_api_debugger_alive     000000018003fa70 f   sfc_debug:sfc_api.obj
 0001:0003ea80       sfc_api_go                 000000018003fa80 f   sfc_debug:sfc_api.obj
 0001:0003ea90       sfc_api_step_over          000000018003fa90 f   sfc_debug:sfc_api.obj
 0001:0003eaa0       sfc_api_step_out           000000018003faa0 f   sfc_debug:sfc_api.obj
 0001:0003eab0       sfc_api_resume             000000018003fab0 f   sfc_debug:sfc_api.obj
 0001:0003eac0       sfc_api_break              000000018003fac0 f   sfc_debug:sfc_api.obj
 0001:0003ead0       sfc_api_stop_debugging     000000018003fad0 f   sfc_debug:sfc_api.obj
 0001:0003eb30       sfc_api_is_cycle_detected  000000018003fb30 f   sfc_debug:sfc_api.obj
 0001:0003eb90       sfc_api_is_array_bounds_detected 000000018003fb90 f   sfc_debug:sfc_api.obj
 0001:0003ebf0       sfc_api_set_disable_all_breakpoints 000000018003fbf0 f   sfc_debug:sfc_api.obj
 0001:0003ec70       sfc_api_disable_all_breakpoints_and_go 000000018003fc70 f   sfc_debug:sfc_api.obj
 0001:0003ec80       sfc_api_close              000000018003fc80 f   sfc_debug:sfc_api.obj
 0001:0003ec90       sfc_api_browse_data        000000018003fc90 f   sfc_debug:sfc_api.obj
 0001:0003ed10       sfc_api_watch_data         000000018003fd10 f   sfc_debug:sfc_api.obj
 0001:0003ee20       sfc_api_extract_message_post_receive_info 000000018003fe20 f   sfc_debug:sfc_api.obj
 0001:0003ee40       sfc_api_assign_data        000000018003fe40 f   sfc_debug:sfc_api.obj
 0001:0003eef0       sfc_api_whos               000000018003fef0 f   sfc_debug:sfc_api.obj
 0001:0003ef80       sfc_api_get_consistency_info 000000018003ff80 f   sfc_debug:sfc_api.obj
 0001:0003ef90       sfc_api_browse_trace       000000018003ff90 f   sfc_debug:sfc_api.obj
 0001:0003efa0       sfc_api_break_on_chart_entry 000000018003ffa0 f   sfc_debug:sfc_api.obj
 0001:0003efd0       sfc_api_break_on_event_broadcast 000000018003ffd0 f   sfc_debug:sfc_api.obj
 0001:0003f000       sfc_api_break_on_state_entry 0000000180040000 f   sfc_debug:sfc_api.obj
 0001:0003f030       sfc_api_set_watch          0000000180040030 f   sfc_debug:sfc_api.obj
 0001:0003f0e0       sfc_api_set_breakpoints    00000001800400e0 f   sfc_debug:sfc_api.obj
 0001:0003f1a0       sfc_api_set_eml_breakpoints 00000001800401a0 f   sfc_debug:sfc_api.obj
 0001:0003f240       sfc_api_set_script_breakpoints 0000000180040240 f   sfc_debug:sfc_api.obj
 0001:0003f2a0       sfc_api_add_script_breakpoints 00000001800402a0 f   sfc_debug:sfc_api.obj
 0001:0003f300       sfc_api_clear_script_breakpoints 0000000180040300 f   sfc_debug:sfc_api.obj
 0001:0003f360       sfc_api_query_script_breakpoints 0000000180040360 f   sfc_debug:sfc_api.obj
 0001:0003f3d0       sfc_api_get_script_id      00000001800403d0 f   sfc_debug:sfc_api.obj
 0001:0003f490       sfc_api_get_active_states  0000000180040490 f   sfc_debug:sfc_api.obj
 0001:0003f520       sfc_api_break_between_times 0000000180040520 f   sfc_debug:sfc_api.obj
 0001:0003f590       sfc_api_get_instance_handle 0000000180040590 f   sfc_debug:sfc_api.obj
 0001:0003f660       sfc_api_set_animation      0000000180040660 f   sfc_debug:sfc_api.obj
 0001:0003f6b0       sfc_api_select_chart       00000001800406b0 f   sfc_debug:sfc_api.obj
 0001:0003f720       sfc_api_select_charts      0000000180040720 f   sfc_debug:sfc_api.obj
 0001:0003f750       sfc_api_cycle_detection_check 0000000180040750 f   sfc_debug:sfc_api.obj
 0001:0003f7a0       sfc_api_data_range_check   00000001800407a0 f   sfc_debug:sfc_api.obj
 0001:0003f7f0       sfc_api_transition_conflict_check 00000001800407f0 f   sfc_debug:sfc_api.obj
 0001:0003f840       sfc_api_state_consistency_check 0000000180040840 f   sfc_debug:sfc_api.obj
 0001:0003f890       sfc_api_set_instance_cv_ids 0000000180040890 f   sfc_debug:sfc_api.obj
 0001:0003f9c0       sfc_api_set_script_cv_ids  00000001800409c0 f   sfc_debug:sfc_api.obj
 0001:0003fa90       sfc_api_get_current_machine_id 0000000180040a90 f   sfc_debug:sfc_api.obj
 0001:0003fac0       sfc_api_get_current_machine_number 0000000180040ac0 f   sfc_debug:sfc_api.obj
 0001:0003faf0       sfc_api_get_current_chart_number 0000000180040af0 f   sfc_debug:sfc_api.obj
 0001:0003fb20       sfc_api_get_current_instance_number 0000000180040b20 f   sfc_debug:sfc_api.obj
 0001:0003fb50       sfc_api_get_current_instance_handle 0000000180040b50 f   sfc_debug:sfc_api.obj
 0001:0003fb70       sfc_api_get_current_is_minor_time_step 0000000180040b70 f   sfc_debug:sfc_api.obj
 0001:0003fba0       sfc_api_get_current_machine_name 0000000180040ba0 f   sfc_debug:sfc_api.obj
 0001:0003fbc0       sfc_api_get_current_chart_id 0000000180040bc0 f   sfc_debug:sfc_api.obj
 0001:0003fbf0       sfc_api_get_current_object_type 0000000180040bf0 f   sfc_debug:sfc_api.obj
 0001:0003fc20       sfc_api_get_current_event_type 0000000180040c20 f   sfc_debug:sfc_api.obj
 0001:0003fc50       sfc_api_get_current_object_id 0000000180040c50 f   sfc_debug:sfc_api.obj
 0001:0003fc80       sfc_get_current_active_event_type 0000000180040c80 f   sfc_debug:sfc_api.obj
 0001:0003fcb0       sfc_api_get_current_active_event_id 0000000180040cb0 f   sfc_debug:sfc_api.obj
 0001:0003fce0       sfc_api_get_current_simulation_time 0000000180040ce0 f   sfc_debug:sfc_api.obj
 0001:0003fd00       sfc_get_current_tag_type   0000000180040d00 f   sfc_debug:sfc_api.obj
 0001:0003fd30       sfc_get_current_coverage_percentage 0000000180040d30 f   sfc_debug:sfc_api.obj
 0001:0003fd50       sfc_get_current_statement_context 0000000180040d50 f   sfc_debug:sfc_api.obj
 0001:0003fd70       sfc_get_current_optional_integer 0000000180040d70 f   sfc_debug:sfc_api.obj
 0001:0003fda0       sfc_get_current_statement_info 0000000180040da0 f   sfc_debug:sfc_api.obj
 0001:0003fe40       sfc_api_get                0000000180040e40 f   sfc_debug:sfc_api.obj
 0001:00040aa0       sf_debug_sm_fill_state_activity_data 0000000180041aa0 f   sfc_debug:sfdb_animation.obj
 0001:000432e0       void_ptr_stack_vector_free_total 00000001800442e0 f   sfc_debug:sfdb_data_browse.obj
 0001:00043360       sf_debug_st_terminate_machine 0000000180044360 f   sfc_debug:sfdb_data_browse.obj
 0001:000433a0       sf_debug_st_terminate_instance 00000001800443a0 f   sfc_debug:sfdb_data_browse.obj
 0001:00043750       push_on_to_void_ptr_stack  0000000180044750 f   sfc_debug:sfdb_data_browse.obj
 0001:000438e0       pop_from_void_ptr_stack    00000001800448e0 f   sfc_debug:sfdb_data_browse.obj
 0001:00043a10       sf_debug_st_get_data_value 0000000180044a10 f   sfc_debug:sfdb_data_browse.obj
 0001:00043f40       mx_value                   0000000180044f40 f   sfc_debug:sfdb_data_browse.obj
 0001:00043f80       sf_debug_st_fill_data_struct 0000000180044f80 f   sfc_debug:sfdb_data_browse.obj
 0001:000442c0       data_type_format_strings   00000001800452c0 f   sfc_debug:sfdb_data_browse.obj
 0001:00044370       sf_debug_st_fill_data      0000000180045370 f   sfc_debug:sfdb_data_browse.obj
 0001:00045060       sf_debug_hm_get_simulink_handle 0000000180046060 f   sfc_debug:sfdb_handle_management.obj
 0001:00045b10       sf_debug_hm_initialize_globals 0000000180046b10 f   sfc_debug:sfdb_handle_management.obj
 0001:00045c10       sf_debug_hm_get_machine_debug_flag 0000000180046c10 f   sfc_debug:sfdb_handle_management.obj
 0001:00045d80       sf_debug_hm_get_machine_id 0000000180046d80 f   sfc_debug:sfdb_handle_management.obj
 0001:00045ea0       sf_debug_hm_get_chart_id   0000000180046ea0 f   sfc_debug:sfdb_handle_management.obj
 0001:00046040       sf_debug_hm_register_executing_SFunction 0000000180047040 f   sfc_debug:sfdb_handle_management.obj
 0001:000463d0       sf_debug_hm_form_object_boolean_properties 00000001800473d0 f   sfc_debug:sfdb_handle_management.obj
 0001:000466a0       sf_debug_hm_form_object_properties 00000001800476a0 f   sfc_debug:sfdb_handle_management.obj
 0001:000468e0       sf_debug_hm_terminate_charts 00000001800478e0 f   sfc_debug:sfdb_handle_management.obj
 0001:00046fc0       sf_debug_hm_terminate_machines 0000000180047fc0 f   sfc_debug:sfdb_handle_management.obj
 0001:00048a30       sf_debug_ss_copy_dimension 0000000180049a30 f   sfc_debug:sfdb_symbol_scope.obj
 0001:00048af0       sf_debug_ss_get_number_elements 0000000180049af0 f   sfc_debug:sfdb_symbol_scope.obj
 0001:00048b10       sf_debug_ss_fill_data_struct 0000000180049b10 f   sfc_debug:sfdb_symbol_scope.obj
 0001:00048e60       sf_debug_ss_reset_data_info 0000000180049e60 f   sfc_debug:sfdb_symbol_scope.obj
 0001:00048ec0       sf_debug_fill_data_info_by_symbol_scope_entry 0000000180049ec0 f   sfc_debug:sfdb_symbol_scope.obj
 0001:00048f80       sf_debug_fill_data_info_by_data_vector 0000000180049f80 f   sfc_debug:sfdb_symbol_scope.obj
 0001:000491d0       get_data_info_helper       000000018004a1d0 f   sfc_debug:sfdb_symbol_scope.obj
 0001:000494c0       sf_debug_ss_get_data_info  000000018004a4c0 f   sfc_debug:sfdb_symbol_scope.obj
 0001:000496e0       sf_debug_select_mex_function 000000018004a6e0 f   sfc_debug:sfdb_symbol_scope.obj
 0001:00049710       sf_debug_is_dyn_matrix_initialized 000000018004a710 f   sfc_debug:sfdb_symbol_scope.obj
 0001:00049730       sf_debug_ss_set_data_value_try 000000018004a730 f   sfc_debug:sfdb_symbol_scope.obj
 0001:00049920       sf_debug_ss_get_data_value 000000018004a920 f   sfc_debug:sfdb_symbol_scope.obj
 0001:0004a080       sf_debug_ss_data_bytes_string 000000018004b080 f   sfc_debug:sfdb_symbol_scope.obj
 0001:0004a110       sf_debug_ss_data_class_string 000000018004b110 f   sfc_debug:sfdb_symbol_scope.obj
 0001:0004a490       sf_debug_ss_data_size_string 000000018004b490 f   sfc_debug:sfdb_symbol_scope.obj
 0001:0004a570       sf_debug_ss_data_create_data_info_struct 000000018004b570 f   sfc_debug:sfdb_symbol_scope.obj
 0001:0004a820       sf_debug_ss_data_create_name_value_pair 000000018004b820 f   sfc_debug:sfdb_symbol_scope.obj
 0001:0004a8c0       sf_debug_ss_data_get_whos_info 000000018004b8c0 f   sfc_debug:sfdb_symbol_scope.obj
 0001:0004a8d0       same_named_data_in_data_array 000000018004b8d0 f   sfc_debug:sfdb_symbol_scope.obj
 0001:0004c060       sf_debug_cc_terminate_chart 000000018004d060 f   sfc_debug:sfdb_coverage.obj
 0001:0004c370       sf_debug_cc_terminate_instance 000000018004d370 f   sfc_debug:sfdb_coverage.obj
 0001:0004cf40       sf_debug_cc_mark_object_if_needed 000000018004df40 f   sfc_debug:sfdb_coverage.obj
 0001:0004d7c0       sf_debug_bm_initialize_eml 000000018004e7c0 f   sfc_debug:sfdb_breakpoints.obj
 0001:0004e880       sf_debug_bm_map_debug_tag_to_breakpoint_tag 000000018004f880 f   sfc_debug:sfdb_breakpoints.obj
 0001:0004e960       sf_debug_bm_is_a_eml_breakpoint_impl 000000018004f960 f   sfc_debug:sfdb_breakpoints.obj
 0001:00050290       sf_debug_sc_push_on_error_stack 0000000180051290 f   sfc_debug:sfdb_state_consistency.obj
 0001:000503b0       sf_debug_sc_reset_error_stack 00000001800513b0 f   sfc_debug:sfdb_state_consistency.obj
 0001:00050540       sf_debug_sc_is_state_inconsistent 0000000180051540 f   sfc_debug:sfdb_state_consistency.obj
 0001:00050830       sf_debug_sc_fill_consistency_info 0000000180051830 f   sfc_debug:sfdb_state_consistency.obj
 0001:00050dd0       void_assertion_fcn         0000000180051dd0 f   sfc_debug:sfdb_call_stack.obj
 0001:00051320       sf_debug_tm_fill_local_trace 0000000180052320 f   sfc_debug:sfdb_call_stack.obj
 0001:000518c0       sf_debug_cd_terminate_instance 00000001800528c0 f   sfc_debug:sfdb_cycle_detection.obj
 0001:00051920       sf_debug_cd_free_checksum_stack 0000000180052920 f   sfc_debug:sfdb_cycle_detection.obj
 0001:00051970       sf_debug_cd_reset_pack_strings 0000000180052970 f   sfc_debug:sfdb_cycle_detection.obj
 0001:00052010       md5file_clear              0000000180053010 f   sfc_debug:ckmd5.obj
 0001:00052040       Encode                     0000000180053040 f   sfc_debug:ckmd5.obj
 0001:00052090       Decode                     0000000180053090 f   sfc_debug:ckmd5.obj
 0001:00052130       MD5Transform               0000000180053130 f   sfc_debug:ckmd5.obj
 0001:00052990       md5file_addn               0000000180053990 f   sfc_debug:ckmd5.obj
 0001:00052a60       md5file_hash               0000000180053a60 f   sfc_debug:ckmd5.obj
 0001:00052fd0       pre_c_init                 0000000180053fd0 f   MSVCRT:crtdll.obj
 0001:0005328c       __DllMainCRTStartup        000000018005428c f   MSVCRT:crtdll.obj
 0001:00053920       __DllMainCRTStartup$filt$0 0000000180054920 f   MSVCRT:crtdll.obj
 0001:00053950       __DllMainCRTStartup$fin$1  0000000180054950 f   MSVCRT:crtdll.obj
 0001:0005396a       _onexit$fin$0              000000018005496a f   MSVCRT:atonexit.obj
 0001:00053990       _IsNonwritableInCurrentImage$filt$0 0000000180054990 f   MSVCRT:pesect.obj
