 WEC_Sim_Structure_sfun

 Timestamp is 51f98e54 (Wed Jul 31 16:23:16 2013)

 Preferred load address is 0000000180000000

 Start         Length     Name                   Class
 0001:00000000 00052f8cH .text                   CODE
 0001:00052f90 0000005eH .text$00                CODE
 0001:00052ff0 00000091H .text$x                 CODE
 0002:00000000 000004a8H .idata$5                DATA
 0002:000004a8 00000008H .CRT$XCA                DATA
 0002:000004b0 00000008H .CRT$XCZ                DATA
 0002:000004b8 00000008H .CRT$XIA                DATA
 0002:000004c0 00000008H .CRT$XIAA               DATA
 0002:000004c8 00000008H .CRT$XIZ                DATA
 0002:000004d0 00004b2cH .rdata                  DATA
 0002:00005000 00000008H .rtc$IAA                DATA
 0002:00005008 00000008H .rtc$IZZ                DATA
 0002:00005010 00000008H .rtc$TAA                DATA
 0002:00005018 00000008H .rtc$TZZ                DATA
 0002:00005020 00004964H .xdata                  DATA
 0002:00009984 000000a0H .idata$2                DATA
 0002:00009a24 00000014H .idata$3                DATA
 0002:00009a38 000004a8H .idata$4                DATA
 0002:00009ee0 00000af4H .idata$6                DATA
 0002:0000a9e0 0000005cH .edata                  DATA
 0003:00000000 00008828H .data                   DATA
 0003:00008840 000600b8H .bss                    DATA
 0004:00000000 00003cd8H .pdata                  DATA

  Address         Publics by Value              Rva+Base               Lib:Object

 0000:00000000       ___safe_se_handler_table   0000000000000000     <absolute>
 0000:00000000       ___safe_se_handler_count   0000000000000000     <absolute>
 0000:00000000       __ImageBase                0000000180000000     <linker-defined>
 0001:00000000       sf_c1_WEC_Sim_Structure_get_eml_resolved_functions_info 0000000180001000 f   c1_WEC_Sim_Structure.obj
 0001:00000d60       sf_c1_WEC_Sim_Structure_get_check_sum 0000000180001d60 f   c1_WEC_Sim_Structure.obj
 0001:00000de0       sf_c1_WEC_Sim_Structure_get_autoinheritance_info 0000000180001de0 f   c1_WEC_Sim_Structure.obj
 0001:00001200       sf_c1_WEC_Sim_Structure_third_party_uses_info 0000000180002200 f   c1_WEC_Sim_Structure.obj
 0001:00001230       sf_internal_get_sim_state_c1_WEC_Sim_Structure 0000000180002230 f   c1_WEC_Sim_Structure.obj
 0001:000015c0       sf_internal_set_sim_state_c1_WEC_Sim_Structure 00000001800025c0 f   c1_WEC_Sim_Structure.obj
 0001:00001a30       c1_WEC_Sim_Structure_method_dispatcher 0000000180002a30 f   c1_WEC_Sim_Structure.obj
 0001:000041d0       sf_c2_WEC_Sim_Structure_get_eml_resolved_functions_info 00000001800051d0 f   c2_WEC_Sim_Structure.obj
 0001:00004fb0       sf_c2_WEC_Sim_Structure_get_check_sum 0000000180005fb0 f   c2_WEC_Sim_Structure.obj
 0001:00005030       sf_c2_WEC_Sim_Structure_get_autoinheritance_info 0000000180006030 f   c2_WEC_Sim_Structure.obj
 0001:00005450       sf_c2_WEC_Sim_Structure_third_party_uses_info 0000000180006450 f   c2_WEC_Sim_Structure.obj
 0001:00005480       sf_internal_get_sim_state_c2_WEC_Sim_Structure 0000000180006480 f   c2_WEC_Sim_Structure.obj
 0001:00005800       sf_internal_set_sim_state_c2_WEC_Sim_Structure 0000000180006800 f   c2_WEC_Sim_Structure.obj
 0001:00005c70       c2_WEC_Sim_Structure_method_dispatcher 0000000180006c70 f   c2_WEC_Sim_Structure.obj
 0001:00008430       sf_c3_WEC_Sim_Structure_get_eml_resolved_functions_info 0000000180009430 f   c3_WEC_Sim_Structure.obj
 0001:000091e0       sf_c3_WEC_Sim_Structure_get_check_sum 000000018000a1e0 f   c3_WEC_Sim_Structure.obj
 0001:00009260       sf_c3_WEC_Sim_Structure_get_autoinheritance_info 000000018000a260 f   c3_WEC_Sim_Structure.obj
 0001:00009680       sf_c3_WEC_Sim_Structure_third_party_uses_info 000000018000a680 f   c3_WEC_Sim_Structure.obj
 0001:000096b0       sf_internal_get_sim_state_c3_WEC_Sim_Structure 000000018000a6b0 f   c3_WEC_Sim_Structure.obj
 0001:00009a40       sf_internal_set_sim_state_c3_WEC_Sim_Structure 000000018000aa40 f   c3_WEC_Sim_Structure.obj
 0001:00009eb0       c3_WEC_Sim_Structure_method_dispatcher 000000018000aeb0 f   c3_WEC_Sim_Structure.obj
 0001:0000c6a0       sf_c4_WEC_Sim_Structure_get_eml_resolved_functions_info 000000018000d6a0 f   c4_WEC_Sim_Structure.obj
 0001:0000d400       sf_c4_WEC_Sim_Structure_get_check_sum 000000018000e400 f   c4_WEC_Sim_Structure.obj
 0001:0000d480       sf_c4_WEC_Sim_Structure_get_autoinheritance_info 000000018000e480 f   c4_WEC_Sim_Structure.obj
 0001:0000d8a0       sf_c4_WEC_Sim_Structure_third_party_uses_info 000000018000e8a0 f   c4_WEC_Sim_Structure.obj
 0001:0000d8d0       sf_internal_get_sim_state_c4_WEC_Sim_Structure 000000018000e8d0 f   c4_WEC_Sim_Structure.obj
 0001:0000dc60       sf_internal_set_sim_state_c4_WEC_Sim_Structure 000000018000ec60 f   c4_WEC_Sim_Structure.obj
 0001:0000e0d0       c4_WEC_Sim_Structure_method_dispatcher 000000018000f0d0 f   c4_WEC_Sim_Structure.obj
 0001:000108c0       sf_c5_WEC_Sim_Structure_get_eml_resolved_functions_info 00000001800118c0 f   c5_WEC_Sim_Structure.obj
 0001:000116a0       sf_c5_WEC_Sim_Structure_get_check_sum 00000001800126a0 f   c5_WEC_Sim_Structure.obj
 0001:00011720       sf_c5_WEC_Sim_Structure_get_autoinheritance_info 0000000180012720 f   c5_WEC_Sim_Structure.obj
 0001:00011b40       sf_c5_WEC_Sim_Structure_third_party_uses_info 0000000180012b40 f   c5_WEC_Sim_Structure.obj
 0001:00011b70       sf_internal_get_sim_state_c5_WEC_Sim_Structure 0000000180012b70 f   c5_WEC_Sim_Structure.obj
 0001:00011ef0       sf_internal_set_sim_state_c5_WEC_Sim_Structure 0000000180012ef0 f   c5_WEC_Sim_Structure.obj
 0001:00012360       c5_WEC_Sim_Structure_method_dispatcher 0000000180013360 f   c5_WEC_Sim_Structure.obj
 0001:00014b30       sf_c6_WEC_Sim_Structure_get_eml_resolved_functions_info 0000000180015b30 f   c6_WEC_Sim_Structure.obj
 0001:00015230       sf_c6_WEC_Sim_Structure_get_check_sum 0000000180016230 f   c6_WEC_Sim_Structure.obj
 0001:000152b0       sf_c6_WEC_Sim_Structure_get_autoinheritance_info 00000001800162b0 f   c6_WEC_Sim_Structure.obj
 0001:00015960       sf_c6_WEC_Sim_Structure_third_party_uses_info 0000000180016960 f   c6_WEC_Sim_Structure.obj
 0001:00015990       sf_internal_get_sim_state_c6_WEC_Sim_Structure 0000000180016990 f   c6_WEC_Sim_Structure.obj
 0001:00015d20       sf_internal_set_sim_state_c6_WEC_Sim_Structure 0000000180016d20 f   c6_WEC_Sim_Structure.obj
 0001:000161b0       c6_WEC_Sim_Structure_method_dispatcher 00000001800171b0 f   c6_WEC_Sim_Structure.obj
 0001:00018810       sf_c7_WEC_Sim_Structure_get_eml_resolved_functions_info 0000000180019810 f   c7_WEC_Sim_Structure.obj
 0001:00018f60       sf_c7_WEC_Sim_Structure_get_check_sum 0000000180019f60 f   c7_WEC_Sim_Structure.obj
 0001:00018fe0       sf_c7_WEC_Sim_Structure_get_autoinheritance_info 0000000180019fe0 f   c7_WEC_Sim_Structure.obj
 0001:00019690       sf_c7_WEC_Sim_Structure_third_party_uses_info 000000018001a690 f   c7_WEC_Sim_Structure.obj
 0001:000196c0       sf_internal_get_sim_state_c7_WEC_Sim_Structure 000000018001a6c0 f   c7_WEC_Sim_Structure.obj
 0001:00019a70       sf_internal_set_sim_state_c7_WEC_Sim_Structure 000000018001aa70 f   c7_WEC_Sim_Structure.obj
 0001:00019f00       c7_WEC_Sim_Structure_method_dispatcher 000000018001af00 f   c7_WEC_Sim_Structure.obj
 0001:0001c5b0       sf_c15_WEC_Sim_Structure_get_eml_resolved_functions_info 000000018001d5b0 f   c15_WEC_Sim_Structure.obj
 0001:0001d310       sf_c15_WEC_Sim_Structure_get_check_sum 000000018001e310 f   c15_WEC_Sim_Structure.obj
 0001:0001d390       sf_c15_WEC_Sim_Structure_get_autoinheritance_info 000000018001e390 f   c15_WEC_Sim_Structure.obj
 0001:0001d7b0       sf_c15_WEC_Sim_Structure_third_party_uses_info 000000018001e7b0 f   c15_WEC_Sim_Structure.obj
 0001:0001d7e0       sf_internal_get_sim_state_c15_WEC_Sim_Structure 000000018001e7e0 f   c15_WEC_Sim_Structure.obj
 0001:0001db60       sf_internal_set_sim_state_c15_WEC_Sim_Structure 000000018001eb60 f   c15_WEC_Sim_Structure.obj
 0001:0001dfd0       c15_WEC_Sim_Structure_method_dispatcher 000000018001efd0 f   c15_WEC_Sim_Structure.obj
 0001:000207c0       sf_process_check_sum_call  00000001800217c0 f   WEC_Sim_Structure_sfun_registry.obj
 0001:00020810       sf_process_autoinheritance_call 0000000180021810 f   WEC_Sim_Structure_sfun_registry.obj
 0001:000209b0       sf_process_get_third_party_uses_info_call 00000001800219b0 f   WEC_Sim_Structure_sfun_registry.obj
 0001:00020b50       sf_process_get_eml_resolved_functions_info_call 0000000180021b50 f   WEC_Sim_Structure_sfun_registry.obj
 0001:00020cd0       sf_mex_unlock_call         0000000180021cd0 f   WEC_Sim_Structure_sfun_registry.obj
 0001:00020d80       sf_machine_global_initializer_called 0000000180021d80 f   WEC_Sim_Structure_sfun_registry.obj
 0001:00020db0       sf_machine_global_method_dispatcher 0000000180021db0 f   WEC_Sim_Structure_sfun_registry.obj
 0001:00020e10       sf_machine_global_terminator 0000000180021e10 f   WEC_Sim_Structure_sfun_registry.obj
 0001:00020e60       sf_register_machine_exported_symbols 0000000180021e60 f   WEC_Sim_Structure_sfun_registry.obj
 0001:00020e80       callCustomFcn              0000000180021e80 f   WEC_Sim_Structure_sfun_registry.obj
 0001:00020e90       sf_machine_global_initializer 0000000180021e90 f   WEC_Sim_Structure_sfun_registry.obj
 0001:00020f10       _ssSetStateAbsTol          0000000180021f10 f   WEC_Sim_Structure_sfun_registry.obj
 0001:00020ff0       _ssGetAbsTol               0000000180021ff0 f   WEC_Sim_Structure_sfun_registry.obj
 0001:00021060       _ssSetInputPortMatrixDimensions 0000000180022060 f   WEC_Sim_Structure_sfun_registry.obj
 0001:00021170       _ssSetOutputPortMatrixDimensions 0000000180022170 f   WEC_Sim_Structure_sfun_registry.obj
 0001:00021280       _ssSetInputPortVectorDimension 0000000180022280 f   WEC_Sim_Structure_sfun_registry.obj
 0001:00021340       _ssSetOutputPortVectorDimension 0000000180022340 f   WEC_Sim_Structure_sfun_registry.obj
 0001:00021400       ssIsRunTimeParamTunable    0000000180022400 f   WEC_Sim_Structure_sfun_registry.obj
 0001:00021470       ssGetSFuncBlockHandle      0000000180022470 f   WEC_Sim_Structure_sfun_registry.obj
 0001:000214e0       _ssGetCurrentInputPortWidth 00000001800224e0 f   WEC_Sim_Structure_sfun_registry.obj
 0001:00021600       _ssGetCurrentOutputPortWidth 0000000180022600 f   WEC_Sim_Structure_sfun_registry.obj
 0001:00021720       _ssGetCallSystemNumFcnCallDestinations 0000000180022720 f   WEC_Sim_Structure_sfun_registry.obj
 0001:00021790       ssWarning                  0000000180022790 f   WEC_Sim_Structure_sfun_registry.obj
 0001:00021870       ssGetIsZeroCrossControlDisabled 0000000180022870 f   WEC_Sim_Structure_sfun_registry.obj
 0001:000218e0       ssSetIsInputPortUsedForContZcSignal 00000001800228e0 f   WEC_Sim_Structure_sfun_registry.obj
 0001:00021950       ssSetZcSignalIsZcElementDisc 0000000180022950 f   WEC_Sim_Structure_sfun_registry.obj
 0001:000219e0       ssSetZcSignalName          00000001800229e0 f   WEC_Sim_Structure_sfun_registry.obj
 0001:00021a50       ssSetZcSignalWidth         0000000180022a50 f   WEC_Sim_Structure_sfun_registry.obj
 0001:00021ac0       ssSetZcSignalZcEventType   0000000180022ac0 f   WEC_Sim_Structure_sfun_registry.obj
 0001:00021b30       ssSetZcSignalType          0000000180022b30 f   WEC_Sim_Structure_sfun_registry.obj
 0001:00021ba0       ssSetZcSignalZcTol         0000000180022ba0 f   WEC_Sim_Structure_sfun_registry.obj
 0001:00021c10       ssSetZcSignalNeedsEventNotification 0000000180022c10 f   WEC_Sim_Structure_sfun_registry.obj
 0001:00021c80       ssCreateAndAddZcSignalInfo 0000000180022c80 f   WEC_Sim_Structure_sfun_registry.obj
 0001:00021cf0       ssCloneAndAddZcSignalInfo  0000000180022cf0 f   WEC_Sim_Structure_sfun_registry.obj
 0001:00021d60       ssGetNumZcSignals          0000000180022d60 f   WEC_Sim_Structure_sfun_registry.obj
 0001:00021dd0       ssGetZcSignalVector        0000000180022dd0 f   WEC_Sim_Structure_sfun_registry.obj
 0001:00021e40       ssGetZcSignalZcEvents      0000000180022e40 f   WEC_Sim_Structure_sfun_registry.obj
 0001:00021eb0       ssGetZcSignalName          0000000180022eb0 f   WEC_Sim_Structure_sfun_registry.obj
 0001:00021f20       ssGetZcSignalWidth         0000000180022f20 f   WEC_Sim_Structure_sfun_registry.obj
 0001:00021f90       ssGetZcSignalZcEventType   0000000180022f90 f   WEC_Sim_Structure_sfun_registry.obj
 0001:00022000       ssGetZcSignalType          0000000180023000 f   WEC_Sim_Structure_sfun_registry.obj
 0001:00022070       ssGetZcSignalZcTol         0000000180023070 f   WEC_Sim_Structure_sfun_registry.obj
 0001:000220f0       ssGetZcSignalNeedsEventNotification 00000001800230f0 f   WEC_Sim_Structure_sfun_registry.obj
 0001:00022160       ssGetZcSignalIsZcElementDisc 0000000180023160 f   WEC_Sim_Structure_sfun_registry.obj
 0001:000221e0       ssGetIsInputPortElementContinuous 00000001800231e0 f   WEC_Sim_Structure_sfun_registry.obj
 0001:00022260       _ssGetInputPortSignalPtrsFcn 0000000180023260 f   WEC_Sim_Structure_sfun_registry.obj
 0001:000224d0       _ssGetInputPortSignalFcn   00000001800234d0 f   WEC_Sim_Structure_sfun_registry.obj
 0001:000226a0       _ssSetInputPortDirectFeedThroughFcn 00000001800236a0 f   WEC_Sim_Structure_sfun_registry.obj
 0001:000227f0       _ssSetInputPortReusableFcn 00000001800237f0 f   WEC_Sim_Structure_sfun_registry.obj
 0001:000228e0       _ssSetOutputPortReusableFcn 00000001800238e0 f   WEC_Sim_Structure_sfun_registry.obj
 0001:000229c0       ssGetDTypeIdFromMxArray    00000001800239c0 f   WEC_Sim_Structure_sfun_registry.obj
 0001:00022ae0       ssWriteRTWStr              0000000180023ae0 f   WEC_Sim_Structure_sfun_registry.obj
 0001:00022b40       ssWriteRTWMxVectParam      0000000180023b40 f   WEC_Sim_Structure_sfun_registry.obj
 0001:00022ba0       ssWriteRTWMx2dMatParam     0000000180023ba0 f   WEC_Sim_Structure_sfun_registry.obj
 0001:00022c20       ssWriteRTWNameValuePair    0000000180023c20 f   WEC_Sim_Structure_sfun_registry.obj
 0001:00023100       ssWriteRTWParameters       0000000180024100 f   WEC_Sim_Structure_sfun_registry.obj
 0001:00023700       ssWriteRTWParamSettings    0000000180024700 f   WEC_Sim_Structure_sfun_registry.obj
 0001:00023dd0       ssWriteRTWWorkVect         0000000180024dd0 f   WEC_Sim_Structure_sfun_registry.obj
 0001:000242d0       mexFunction                00000001800252d0 f   WEC_Sim_Structure_sfun_registry.obj
 0001:00026040       ProcessMexSfunctionEveryCall 0000000180027040 f   WEC_Sim_Structure_sfun_registry.obj
 0001:000261b0       WEC_Sim_Structure_initializer 00000001800271b0 f   WEC_Sim_Structure_sfun.obj
 0001:000261c0       WEC_Sim_Structure_terminator 00000001800271c0 f   WEC_Sim_Structure_sfun.obj
 0001:000261d0       sf_WEC_Sim_Structure_method_dispatcher 00000001800271d0 f   WEC_Sim_Structure_sfun.obj
 0001:00026310       sf_WEC_Sim_Structure_process_check_sum_call 0000000180027310 f   WEC_Sim_Structure_sfun.obj
 0001:000267f0       sf_WEC_Sim_Structure_autoinheritance_info 00000001800277f0 f   WEC_Sim_Structure_sfun.obj
 0001:00026be0       sf_WEC_Sim_Structure_get_eml_resolved_functions_info 0000000180027be0 f   WEC_Sim_Structure_sfun.obj
 0001:00026f10       sf_WEC_Sim_Structure_third_party_uses_info 0000000180027f10 f   WEC_Sim_Structure_sfun.obj
 0001:00027210       WEC_Sim_Structure_debug_initialize 0000000180028210 f   WEC_Sim_Structure_sfun.obj
 0001:00027290       WEC_Sim_Structure_register_exported_symbols 0000000180028290 f   WEC_Sim_Structure_sfun.obj
 0001:000272a0       load_WEC_Sim_Structure_optimization_info 00000001800282a0 f   WEC_Sim_Structure_sfun.obj
 0001:000272f0       unload_WEC_Sim_Structure_optimization_info 00000001800282f0 f   WEC_Sim_Structure_sfun.obj
 0001:00027410       sf_mex_mx_is_numeric       0000000180028410 f   sfc_mex:sfc_mex.obj
 0001:00027450       strcmp_ignore_ws           0000000180028450 f   sfc_mex:sfc_mex.obj
 0001:00027590       sf_mex_duplicatearraysafe  0000000180028590 f   sfc_mex:sfc_mex.obj
 0001:000276f0       sf_set_error_debugger_context_message_fcn 00000001800286f0 f   sfc_mex:sfc_mex.obj
 0001:00027700       sf_set_debugger_matlab_error_fcn 0000000180028700 f   sfc_mex:sfc_mex.obj
 0001:00027740       sf_set_error_prefix_string 0000000180028740 f   sfc_mex:sfc_mex.obj
 0001:00027770       sf_get_error_prefix_string 0000000180028770 f   sfc_mex:sfc_mex.obj
 0001:00027780       sf_mex_enter_parallel_region 0000000180028780 f   sfc_mex:sfc_mex.obj
 0001:00027790       sf_mex_exit_parallel_region 0000000180028790 f   sfc_mex:sfc_mex.obj
 0001:000277a0       sf_get_current_jmp_buf_ptr 00000001800287a0 f   sfc_mex:sfc_mex.obj
 0001:000277b0       sf_set_current_jmp_buf_ptr 00000001800287b0 f   sfc_mex:sfc_mex.obj
 0001:000277c0       sf_mex_set_halt_simulation 00000001800287c0 f   sfc_mex:sfc_mex.obj
 0001:000277d0       sf_mex_get_halt_simulation 00000001800287d0 f   sfc_mex:sfc_mex.obj
 0001:000277e0       sf_mex_clear_error_message 00000001800287e0 f   sfc_mex:sfc_mex.obj
 0001:00027800       sf_mex_get_error_message_for_read 0000000180028800 f   sfc_mex:sfc_mex.obj
 0001:00027810       sf_mex_get_error_message_buffer_length 0000000180028810 f   sfc_mex:sfc_mex.obj
 0001:000278f0       sf_mex_warning_message     00000001800288f0 f   sfc_mex:sfc_mex.obj
 0001:00027960       sf_mex_v_errbuf_createf    0000000180028960 f   sfc_mex:sfc_mex.obj
 0001:00027970       sf_mex_errbuf_createf      0000000180028970 f   sfc_mex:sfc_mex.obj
 0001:000279a0       sf_mex_v_errbuf_catf       00000001800289a0 f   sfc_mex:sfc_mex.obj
 0001:000279e0       sf_mex_errbuf_catf         00000001800289e0 f   sfc_mex:sfc_mex.obj
 0001:00027a30       sf_mex_errbuf_copy         0000000180028a30 f   sfc_mex:sfc_mex.obj
 0001:00027a40       sf_mex_errbuf_clear        0000000180028a40 f   sfc_mex:sfc_mex.obj
 0001:00027a50       sf_mex_errbuf_isempty      0000000180028a50 f   sfc_mex:sfc_mex.obj
 0001:00027b50       sf_mex_set_error_status    0000000180028b50 f   sfc_mex:sfc_mex.obj
 0001:00027ba0       sf_mex_error_direct_call   0000000180028ba0 f   sfc_mex:sfc_mex.obj
 0001:00027bc0       sf_mex_error_message_no_long_jump 0000000180028bc0 f   sfc_mex:sfc_mex.obj
 0001:00027be0       sf_mex_long_jump_on_error  0000000180028be0 f   sfc_mex:sfc_mex.obj
 0001:00027c10       sf_mex_call_matlab         0000000180028c10 f   sfc_mex:sfc_mex.obj
 0001:00027d30       sf_mex_check_builtin       0000000180028d30 f   sfc_mex:sfc_mex.obj
 0001:00027dd0       sf_mex_check_builtin_vs    0000000180028dd0 f   sfc_mex:sfc_mex.obj
 0001:00027e90       sf_mex_check_enum          0000000180028e90 f   sfc_mex:sfc_mex.obj
 0001:00027f10       sf_mex_create_enum         0000000180028f10 f   sfc_mex:sfc_mex.obj
 0001:00027f80       sf_mex_get_enum_element    0000000180028f80 f   sfc_mex:sfc_mex.obj
 0001:00027f90       sf_mex_createcellarray     0000000180028f90 f   sfc_mex:sfc_mex.obj
 0001:00027fa0       sf_mex_setcell             0000000180028fa0 f   sfc_mex:sfc_mex.obj
 0001:00027fb0       sf_mex_getcell             0000000180028fb0 f   sfc_mex:sfc_mex.obj
 0001:00027fc0       sf_mex_dup                 0000000180028fc0 f   sfc_mex:sfc_mex.obj
 0001:00027fe0       sf_mex_assign              0000000180028fe0 f   sfc_mex:sfc_mex.obj
 0001:00028060       sf_mex_destroy             0000000180029060 f   sfc_mex:sfc_mex.obj
 0001:00028090       mx_array_has_fi_type       0000000180029090 f   sfc_mex:sfc_mex.obj
 0001:000280c0       sf_mex_convert_from_fi     00000001800290c0 f   sfc_mex:sfc_mex.obj
 0001:000281f0       sf_mex_convert_to_double   00000001800291f0 f   sfc_mex:sfc_mex.obj
 0001:00028310       sf_mex_import_fi_vs        0000000180029310 f   sfc_mex:sfc_mex.obj
 0001:00028540       sf_matrix_matrix_index_ok  0000000180029540 f   sfc_mex:sfc_mex.obj
 0001:000285d0       sf_vector_vector_index_ok  00000001800295d0 f   sfc_mex:sfc_mex.obj
 0001:00028600       ssGetCurrentInputPortDimensions_wrapper 0000000180029600 f   sfc_mex:sfc_mex.obj
 0001:00028620       ssGetCurrentOutputPortDimensions_wrapper 0000000180029620 f   sfc_mex:sfc_mex.obj
 0001:00028640       sf_mex_emlrt_context_is_debug_mode 0000000180029640 f   sfc_mex:sfc_mex.obj
 0001:00028650       sf_mex_emlrt_context_set_debug_mode 0000000180029650 f   sfc_mex:sfc_mex.obj
 0001:00028660       sf_mex_emlrtNameCapturePostProcessR2012a 0000000180029660 f   sfc_mex:sfc_mex.obj
 0001:000286d0       sf_clear_error_manager_info 00000001800296d0 f   sfc_mex:sfc_mex.obj
 0001:00028730       sf_mex_stop_simulation_abruptly_wo_error 0000000180029730 f   sfc_mex:sfc_mex.obj
 0001:00028770       sf_mex_error_message       0000000180029770 f   sfc_mex:sfc_mex.obj
 0001:000287e0       sf_react_to_error_in_matlab_call 00000001800297e0 f   sfc_mex:sfc_mex.obj
 0001:00028810       sf_mex_addfield            0000000180029810 f   sfc_mex:sfc_mex.obj
 0001:000288b0       sf_mex_getfield            00000001800298b0 f   sfc_mex:sfc_mex.obj
 0001:00028bb0       sf_mex_check_class         0000000180029bb0 f   sfc_mex:sfc_mex.obj
 0001:00028c50       sf_mex_is_real             0000000180029c50 f   sfc_mex:sfc_mex.obj
 0001:000290c0       sf_mex_decode_encoded_mx_struct_array 000000018002a0c0 f   sfc_mex:sfc_mex.obj
 0001:000293b0       sf_mex_lw_bounds_check     000000018002a3b0 f   sfc_mex:sfc_mex.obj
 0001:000293e0       sf_mex_lw_size_eq_check_1d 000000018002a3e0 f   sfc_mex:sfc_mex.obj
 0001:00029400       sf_mex_lw_size_eq_check_nd 000000018002a400 f   sfc_mex:sfc_mex.obj
 0001:000295e0       sf_mex_lw_dim_size_eq_check 000000018002a5e0 f   sfc_mex:sfc_mex.obj
 0001:00029610       sf_mex_lw_dim_size_geq_check 000000018002a610 f   sfc_mex:sfc_mex.obj
 0001:00029640       sf_mex_lw_sub_assign_size_check_nd 000000018002a640 f   sfc_mex:sfc_mex.obj
 0001:00029810       sf_mex_lw_runtime_error_msgid 000000018002a810 f   sfc_mex:sfc_mex.obj
 0001:00029900       sf_mex_lw_matrix_matrix_index_check 000000018002a900 f   sfc_mex:sfc_mex.obj
 0001:00029920       sf_mex_lw_vector_vector_index_check 000000018002a920 f   sfc_mex:sfc_mex.obj
 0001:00029960       sf_mex_lw_for_loop_vector_check 000000018002a960 f   sfc_mex:sfc_mex.obj
 0001:000299f0       sf_mex_lw_non_negative_check 000000018002a9f0 f   sfc_mex:sfc_mex.obj
 0001:00029a30       sf_mex_overflow_error      000000018002aa30 f   sfc_mex:sfc_mex.obj
 0001:00029a40       sf_mex_dividebyzero_error  000000018002aa40 f   sfc_mex:sfc_mex.obj
 0001:00029a50       sf_mex_unsafe_enum_error   000000018002aa50 f   sfc_mex:sfc_mex.obj
 0001:00029a60       sf_emlrtErrHandler         000000018002aa60 f   sfc_mex:sfc_mex.obj
 0001:00029b40       sf_mex_size_one_check      000000018002ab40 f   sfc_mex:sfc_mex.obj
 0001:00029b60       sf_mex_printf              000000018002ab60 f   sfc_mex:sfc_mex.obj
 0001:00029d30       sf_mex_check_size          000000018002ad30 f   sfc_mex:sfc_mex.obj
 0001:00029fd0       sf_mex_check_struct        000000018002afd0 f   sfc_mex:sfc_mex.obj
 0001:0002a230       sf_mex_check_struct_vs     000000018002b230 f   sfc_mex:sfc_mex.obj
 0001:0002a2c0       sf_mex_check_fi            000000018002b2c0 f   sfc_mex:sfc_mex.obj
 0001:0002a3c0       sf_mex_check_fi_vs         000000018002b3c0 f   sfc_mex:sfc_mex.obj
 0001:0002a460       sf_echo_expression         000000018002b460 f   sfc_mex:sfc_mex.obj
 0001:0002a4c0       sf_assertion_failed        000000018002b4c0 f   sfc_mex:sfc_mex.obj
 0001:0002a7a0       sf_mex_evalin              000000018002b7a0 f   sfc_mex:sfc_mex.obj
 0001:0002aa10       sf_mex_export              000000018002ba10 f   sfc_mex:sfc_mex.obj
 0001:0002aad0       sf_mex_get_ml_var_no_error 000000018002bad0 f   sfc_mex:sfc_mex.obj
 0001:0002ac70       sf_mex_get_ml_var          000000018002bc70 f   sfc_mex:sfc_mex.obj
 0001:0002b100       ml_set_element_value_in_array 000000018002c100 f   sfc_mex:sfc_mex.obj
 0001:0002c1c0       sf_mex_call_impl           000000018002d1c0 f   sfc_mex:sfc_mex.obj
 0001:0002c5e0       sf_mex_call_debug          000000018002d5e0 f   sfc_mex:sfc_mex.obj
 0001:0002c610       sf_mex_call                000000018002d610 f   sfc_mex:sfc_mex.obj
 0001:0002cc60       sf_mex_createstruct        000000018002dc60 f   sfc_mex:sfc_mex.obj
 0001:0002cd70       sf_mex_createstructarray   000000018002dd70 f   sfc_mex:sfc_mex.obj
 0001:0002cdf0       sf_mex_get_mx_datatype_from_sf_datatype 000000018002ddf0 f   sfc_mex:sfc_mex.obj
 0001:0002d100       sf_mex_ml_var_sub          000000018002e100 f   sfc_mex:sfc_mex.obj
 0001:0002d2e0       sf_mex_ml_var_subsasgn     000000018002e2e0 f   sfc_mex:sfc_mex.obj
 0001:0002d6e0       sf_mex_sub                 000000018002e6e0 f   sfc_mex:sfc_mex.obj
 0001:0002d8f0       sf_mex_subsasgn            000000018002e8f0 f   sfc_mex:sfc_mex.obj
 0001:0002de00       sf_mex_create              000000018002ee00 f   sfc_mex:sfc_mex.obj
 0001:0002e7a0       sf_mex_import_named        000000018002f7a0 f   sfc_mex:sfc_mex.obj
 0001:0002e800       sf_mex_import              000000018002f800 f   sfc_mex:sfc_mex.obj
 0001:0002e850       sf_mex_import_vs           000000018002f850 f   sfc_mex:sfc_mex.obj
 0001:0002e960       sf_mex_lower_fixpt_mx_array 000000018002f960 f   sfc_mex:sfc_mex.obj
 0001:0002ec60       sf_send_message_wrapper    000000018002fc60 f   sfc_mex:sfc_sf.obj
 0001:0002ec90       sf_receive_message_wrapper 000000018002fc90 f   sfc_mex:sfc_sf.obj
 0001:0002ecd0       sf_check_out_message_wrapper 000000018002fcd0 f   sfc_mex:sfc_sf.obj
 0001:0002ed10       sf_check_in_message_wrapper 000000018002fd10 f   sfc_mex:sfc_sf.obj
 0001:0002ed50       sf_no_message_wrapper      000000018002fd50 f   sfc_mex:sfc_sf.obj
 0001:0002f0e0       sim_mode_is_rtw_gen        00000001800300e0 f   sfc_mex:sfc_sf.obj
 0001:0002f110       sim_mode_is_external       0000000180030110 f   sfc_mex:sfc_sf.obj
 0001:0002f120       sim_mode_is_modelref_sim   0000000180030120 f   sfc_mex:sfc_sf.obj
 0001:0002f140       mdlInitializeSizes         0000000180030140 f   sfc_mex:sfc_sf.obj
 0001:0002f160       mdlInitializeSampleTimes   0000000180030160 f   sfc_mex:sfc_sf.obj
 0001:0002f1a0       mdlZeroCrossings           00000001800301a0 f   sfc_mex:sfc_sf.obj
 0001:0002f290       mdlDerivatives             0000000180030290 f   sfc_mex:sfc_sf.obj
 0001:0002f350       mdl_initialize_conditions_processing 0000000180030350 f   sfc_mex:sfc_sf.obj
 0001:0002f380       mdlInitializeConditions    0000000180030380 f   sfc_mex:sfc_sf.obj
 0001:0002f440       mdlGetSimState             0000000180030440 f   sfc_mex:sfc_sf.obj
 0001:0002f450       mdlSetSimState             0000000180030450 f   sfc_mex:sfc_sf.obj
 0001:0002f460       mdl_ext_mode_exec_processing 0000000180030460 f   sfc_mex:sfc_sf.obj
 0001:0002f480       mdlExtModeExec             0000000180030480 f   sfc_mex:sfc_sf.obj
 0001:0002f620       mdlTerminate               0000000180030620 f   sfc_mex:sfc_sf.obj
 0001:0002f690       mdlRTW                     0000000180030690 f   sfc_mex:sfc_sf.obj
 0001:0002f6c0       mdlSetWorkWidths           00000001800306c0 f   sfc_mex:sfc_sf.obj
 0001:0002f6d0       mdlProcessParameters       00000001800306d0 f   sfc_mex:sfc_sf.obj
 0001:0002f6e0       mdl_start_processing       00000001800306e0 f   sfc_mex:sfc_sf.obj
 0001:0002f740       mdlStart                   0000000180030740 f   sfc_mex:sfc_sf.obj
 0001:0002f850       mdlEnable                  0000000180030850 f   sfc_mex:sfc_sf.obj
 0001:0002f930       mdlDisable                 0000000180030930 f   sfc_mex:sfc_sf.obj
 0001:0002f9f0       sf_get_chart_instance_ptr  00000001800309f0 f   sfc_mex:sfc_sf.obj
 0001:0002fa10       sf_load_rtw_optimization_info 0000000180030a10 f   sfc_mex:sfc_sf.obj
 0001:0002fae0       sf_update_buildInfo        0000000180030ae0 f   sfc_mex:sfc_sf.obj
 0001:0002fbe0       sf_rtw_info_uint_prop      0000000180030be0 f   sfc_mex:sfc_sf.obj
 0001:0002fd20       sf_is_chart_inlinable      0000000180030d20 f   sfc_mex:sfc_sf.obj
 0001:0002fd40       sf_mark_output_events_with_multiple_callers 0000000180030d40 f   sfc_mex:sfc_sf.obj
 0001:0002fed0       sf_mark_chart_reusable_outputs 0000000180030ed0 f   sfc_mex:sfc_sf.obj
 0001:00030130       sf_mark_chart_expressionable_inputs 0000000180031130 f   sfc_mex:sfc_sf.obj
 0001:00030390       sf_get_subchart_simstruct  0000000180031390 f   sfc_mex:sfc_sf.obj
 0001:000303e0       sf_get_fixpt_data_type_id  00000001800313e0 f   sfc_mex:sfc_sf.obj
 0001:00030420       sf_get_enum_data_type_id   0000000180031420 f   sfc_mex:sfc_sf.obj
 0001:00030460       sf_get_param_data_type_id  0000000180031460 f   sfc_mex:sfc_sf.obj
 0001:00030490       sf_mex_listen_for_ctrl_c_force 0000000180031490 f   sfc_mex:sfc_sf.obj
 0001:000305a0       sf_mex_draw_now            00000001800315a0 f   sfc_mex:sfc_sf.obj
 0001:000305e0       sf_mex_set_debugger_sim_status_listener_fcn 00000001800315e0 f   sfc_mex:sfc_sf.obj
 0001:000305f0       sf_mex_listen_for_ctrl_c   00000001800315f0 f   sfc_mex:sfc_sf.obj
 0001:00030690       sf_mex_get_sfun_param      0000000180031690 f   sfc_mex:sfc_sf.obj
 0001:000306e0       sf_get_runtime_param_data  00000001800316e0 f   sfc_mex:sfc_sf.obj
 0001:00030720       sf_call_output_fcn_call    0000000180031720 f   sfc_mex:sfc_sf.obj
 0001:00030860       sf_call_output_fcn_enable  0000000180031860 f   sfc_mex:sfc_sf.obj
 0001:000308f0       sf_call_output_fcn_disable 00000001800318f0 f   sfc_mex:sfc_sf.obj
 0001:00030980       sf_clear_rtw_identifier    0000000180031980 f   sfc_mex:sfc_sf.obj
 0001:000311a0       sf_set_encoded_dwork_info  00000001800321a0 f   sfc_mex:sfc_sf.obj
 0001:000311f0       sf_get_dwork_info_from_mat_file 00000001800321f0 f   sfc_mex:sfc_sf.obj
 0001:000313b0       sf_set_rtw_dwork_info      00000001800323b0 f   sfc_mex:sfc_sf.obj
 0001:00031520       mdlOutputs                 0000000180032520 f   sfc_mex:sfc_sf.obj
 0001:00031640       sf_debug_chart_instance_initialized_quick 0000000180032640 f   sfc_debug:sfcdebug.obj
 0001:000316c0       sf_debug_disp              00000001800326c0 f   sfc_debug:sfcdebug.obj
 0001:00031990       sf_debug_data_runtime_size_mismatch_error_check 0000000180032990 f   sfc_debug:sfcdebug.obj
 0001:00031a40       sf_debug_try_loading_machine 0000000180032a40 f   sfc_debug:sfcdebug.obj
 0001:00031b40       sf_debug_reset_current_state_configuration 0000000180032b40 f   sfc_debug:sfcdebug.obj
 0001:00031bc0       sf_debug_store_current_state_configuration 0000000180032bc0 f   sfc_debug:sfcdebug.obj
 0001:00031c40       sf_debug_restore_previous_state_configuration 0000000180032c40 f   sfc_debug:sfcdebug.obj
 0001:00031cc0       sf_debug_restore_previous_state_configuration2 0000000180032cc0 f   sfc_debug:sfcdebug.obj
 0001:00031d40       sf_debug_get_event_scope   0000000180032d40 f   sfc_debug:sfcdebug.obj
 0001:00031eb0       use_debugger_step_animation 0000000180032eb0 f   sfc_debug:sfcdebug.obj
 0001:00031ed0       sf_debug_get_script_id     0000000180032ed0 f   sfc_debug:sfcdebug.obj
 0001:00031f60       sf_debug_set_script_translation 0000000180032f60 f   sfc_debug:sfcdebug.obj
 0001:000320e0       sf_debug_extract_message_post_receive_info 00000001800330e0 f   sfc_debug:sfcdebug.obj
 0001:000322a0       sf_debug_get_current_machine_id 00000001800332a0 f   sfc_debug:sfcdebug.obj
 0001:000322c0       sf_debug_get_current_optional_integer 00000001800332c0 f   sfc_debug:sfcdebug.obj
 0001:000322d0       sf_debug_get_current_machine_number 00000001800332d0 f   sfc_debug:sfcdebug.obj
 0001:000322f0       sf_debug_get_current_machine_name 00000001800332f0 f   sfc_debug:sfcdebug.obj
 0001:00032310       sf_debug_get_current_chart_id 0000000180033310 f   sfc_debug:sfcdebug.obj
 0001:00032350       sf_debug_get_current_chart_number 0000000180033350 f   sfc_debug:sfcdebug.obj
 0001:00032360       sf_debug_get_current_instance_number 0000000180033360 f   sfc_debug:sfcdebug.obj
 0001:00032370       sf_debug_get_current_is_minor_time_step 0000000180033370 f   sfc_debug:sfcdebug.obj
 0001:000323f0       sf_debug_get_current_object_type 00000001800333f0 f   sfc_debug:sfcdebug.obj
 0001:00032400       sf_debug_get_current_instance_handle 0000000180033400 f   sfc_debug:sfcdebug.obj
 0001:00032460       sf_debug_get_current_event_type 0000000180033460 f   sfc_debug:sfcdebug.obj
 0001:00032470       sf_debug_get_current_object_id 0000000180033470 f   sfc_debug:sfcdebug.obj
 0001:000324b0       sf_debug_get_current_active_event_type 00000001800334b0 f   sfc_debug:sfcdebug.obj
 0001:000324c0       sf_debug_get_current_active_event_id 00000001800334c0 f   sfc_debug:sfcdebug.obj
 0001:00032500       sf_debug_get_current_tag_type 0000000180033500 f   sfc_debug:sfcdebug.obj
 0001:00032510       sf_debug_get_current_simulation_time 0000000180033510 f   sfc_debug:sfcdebug.obj
 0001:00032520       sf_debug_get_current_coverage_percentage 0000000180033520 f   sfc_debug:sfcdebug.obj
 0001:00032530       sf_debug_current_statement_context 0000000180033530 f   sfc_debug:sfcdebug.obj
 0001:000325b0       sf_debug_get_current_statement_info 00000001800335b0 f   sfc_debug:sfcdebug.obj
 0001:00032750       sf_debug_terminate_instance 0000000180033750 f   sfc_debug:sfcdebug.obj
 0001:00032a70       sf_debug_assertion_failed  0000000180033a70 f   sfc_debug:sfcdebug.obj
 0001:00032c40       sf_debug_create_debug_instance_struct 0000000180033c40 f   sfc_debug:sfcdebug.obj
 0001:00032c90       sf_debug_set_number_of_data_with_change_event_for_machine 0000000180033c90 f   sfc_debug:sfcdebug.obj
 0001:00032ce0       sf_debug_set_machine_event_thresholds 0000000180033ce0 f   sfc_debug:sfcdebug.obj
 0001:00032d00       sf_debug_set_machine_event_scope 0000000180033d00 f   sfc_debug:sfcdebug.obj
 0001:00032d50       sf_debug_set_machine_data_thresholds 0000000180033d50 f   sfc_debug:sfcdebug.obj
 0001:00032da0       sf_debug_set_machine_data_scope 0000000180033da0 f   sfc_debug:sfcdebug.obj
 0001:00032e40       sf_debug_set_machine_data_name 0000000180033e40 f   sfc_debug:sfcdebug.obj
 0001:00032ef0       sf_debug_set_machine_data_size 0000000180033ef0 f   sfc_debug:sfcdebug.obj
 0001:00033040       sf_debug_set_machine_data_type 0000000180034040 f   sfc_debug:sfcdebug.obj
 0001:000331b0       sf_debug_get_chart_data_number 00000001800341b0 f   sfc_debug:sfcdebug.obj
 0001:000331d0       sf_debug_get_chart_event_number 00000001800341d0 f   sfc_debug:sfcdebug.obj
 0001:000331f0       sf_debug_set_chart_state_info 00000001800341f0 f   sfc_debug:sfcdebug.obj
 0001:00033280       sf_debug_set_chart_decomposition 0000000180034280 f   sfc_debug:sfcdebug.obj
 0001:000332f0       sf_debug_set_chart_substate_count 00000001800342f0 f   sfc_debug:sfcdebug.obj
 0001:000333d0       sf_debug_set_chart_substate_index 00000001800343d0 f   sfc_debug:sfcdebug.obj
 0001:00033450       sf_debug_set_chart_state_substate_count 0000000180034450 f   sfc_debug:sfcdebug.obj
 0001:00033570       sf_debug_set_chart_state_substate_index 0000000180034570 f   sfc_debug:sfcdebug.obj
 0001:00033600       sf_debug_set_number_of_data_with_change_event_for_chart 0000000180034600 f   sfc_debug:sfcdebug.obj
 0001:00033690       sf_debug_set_number_of_states_with_entry_event_for_chart 0000000180034690 f   sfc_debug:sfcdebug.obj
 0001:00033710       sf_debug_set_number_of_states_with_exit_event_for_chart 0000000180034710 f   sfc_debug:sfcdebug.obj
 0001:00033790       sf_debug_set_chart_disable_implicit_casting 0000000180034790 f   sfc_debug:sfcdebug.obj
 0001:00033800       sf_debug_set_chart_event_thresholds 0000000180034800 f   sfc_debug:sfcdebug.obj
 0001:00033880       sf_debug_set_chart_data_compiled_props 0000000180034880 f   sfc_debug:sfcdebug.obj
 0001:00033bc0       sf_debug_set_chart_data_props 0000000180034bc0 f   sfc_debug:sfcdebug.obj
 0001:00033ee0       sf_debug_check_fi_license  0000000180034ee0 f   sfc_debug:sfcdebug.obj
 0001:000340a0       sf_debug_symbol_scope_push 00000001800350a0 f   sfc_debug:sfcdebug.obj
 0001:000340e0       sf_debug_symbol_scope_push_eml 00000001800350e0 f   sfc_debug:sfcdebug.obj
 0001:00034130       sf_debug_symbol_scope_pop  0000000180035130 f   sfc_debug:sfcdebug.obj
 0001:00034170       sf_debug_symbol_scope_add_importable 0000000180035170 f   sfc_debug:sfcdebug.obj
 0001:000341f0       sf_debug_symbol_scope_add  00000001800351f0 f   sfc_debug:sfcdebug.obj
 0001:00034270       sf_debug_symbol_scope_add_dyn_importable 0000000180035270 f   sfc_debug:sfcdebug.obj
 0001:00034330       sf_debug_symbol_scope_add_dyn 0000000180035330 f   sfc_debug:sfcdebug.obj
 0001:00034370       sf_debug_symbol_scope_add_eml_importable 0000000180035370 f   sfc_debug:sfcdebug.obj
 0001:000343b0       sf_debug_symbol_scope_add_eml 00000001800353b0 f   sfc_debug:sfcdebug.obj
 0001:000343f0       sf_debug_symbol_scope_add_eml_dyn_importable 00000001800353f0 f   sfc_debug:sfcdebug.obj
 0001:00034450       sf_debug_symbol_scope_add_eml_dyn 0000000180035450 f   sfc_debug:sfcdebug.obj
 0001:000344b0       sf_debug_symbol_switch     00000001800354b0 f   sfc_debug:sfcdebug.obj
 0001:000344d0       sf_debug_symbol_scope_add_verbose 00000001800354d0 f   sfc_debug:sfcdebug.obj
 0001:000345a0       sf_debug_set_machine_data_value_ptr 00000001800355a0 f   sfc_debug:sfcdebug.obj
 0001:000345e0       sf_debug_set_instance_data_value_ptr 00000001800355e0 f   sfc_debug:sfcdebug.obj
 0001:000346b0       sf_debug_unset_instance_data_value_ptr 00000001800356b0 f   sfc_debug:sfcdebug.obj
 0001:00034760       sf_debug_set_chart_event_scope 0000000180035760 f   sfc_debug:sfcdebug.obj
 0001:000347e0       sf_debug_set_chart_transition_coverage_maps 00000001800357e0 f   sfc_debug:sfcdebug.obj
 0001:000348e0       sf_debug_set_chart_state_coverage_maps 00000001800358e0 f   sfc_debug:sfcdebug.obj
 0001:000349b0       sf_debug_set_instance_transition_coverage_weights 00000001800359b0 f   sfc_debug:sfcdebug.obj
 0001:00034a40       sf_debug_set_instance_state_coverage_weights 0000000180035a40 f   sfc_debug:sfcdebug.obj
 0001:00034c90       sf_debug_unload_machine    0000000180035c90 f   sfc_debug:sfcdebug.obj
 0001:00034ce0       sf_debug_load_machine      0000000180035ce0 f   sfc_debug:sfcdebug.obj
 0001:00034df0       sf_debug_set_active_instance_in_data_dictionary 0000000180035df0 f   sfc_debug:sfcdebug.obj
 0001:00034fd0       sf_debug_set_active_instance 0000000180035fd0 f   sfc_debug:sfcdebug.obj
 0001:00035130       sf_debug_chart_visiblity_change 0000000180036130 f   sfc_debug:sfcdebug.obj
 0001:00035220       sf_debug_select_chart      0000000180036220 f   sfc_debug:sfcdebug.obj
 0001:00035380       sf_debug_set_instance_cv_ids 0000000180036380 f   sfc_debug:sfcdebug.obj
 0001:000356b0       sf_debug_select_charts     00000001800366b0 f   sfc_debug:sfcdebug.obj
 0001:00035860       sf_debug_initialized       0000000180036860 f   sfc_debug:sfcdebug.obj
 0001:00035880       sf_debug_is_uninterruptible 0000000180036880 f   sfc_debug:sfcdebug.obj
 0001:000358b0       sf_debug_initialize_debugger_gui 00000001800368b0 f   sfc_debug:sfcdebug.obj
 0001:00035c90       sf_debug_resume            0000000180036c90 f   sfc_debug:sfcdebug.obj
 0001:00035cb0       sf_debug_go                0000000180036cb0 f   sfc_debug:sfcdebug.obj
 0001:00035cc0       sf_debug_break             0000000180036cc0 f   sfc_debug:sfcdebug.obj
 0001:00035cd0       sf_debug_step_over         0000000180036cd0 f   sfc_debug:sfcdebug.obj
 0001:00035ce0       sf_debug_step_out          0000000180036ce0 f   sfc_debug:sfcdebug.obj
 0001:00035cf0       sf_debug_set_disable_all_breakpoints 0000000180036cf0 f   sfc_debug:sfcdebug.obj
 0001:00035d00       sf_debug_disable_all_breakpoints_and_go 0000000180036d00 f   sfc_debug:sfcdebug.obj
 0001:00035d10       sf_debug_break_on_chart_entry 0000000180036d10 f   sfc_debug:sfcdebug.obj
 0001:00035d20       sf_debug_break_on_event_broadcast 0000000180036d20 f   sfc_debug:sfcdebug.obj
 0001:00035d30       sf_debug_break_on_state_entry 0000000180036d30 f   sfc_debug:sfcdebug.obj
 0001:00035d40       sf_debug_break_between_times 0000000180036d40 f   sfc_debug:sfcdebug.obj
 0001:00035d60       sf_debug_browse_data       0000000180036d60 f   sfc_debug:sfcdebug.obj
 0001:00035d70       sf_debug_watch_data        0000000180036d70 f   sfc_debug:sfcdebug.obj
 0001:00035da0       sf_debug_assign_data       0000000180036da0 f   sfc_debug:sfcdebug.obj
 0001:00035db0       sf_debug_whos              0000000180036db0 f   sfc_debug:sfcdebug.obj
 0001:00035dd0       sf_debug_get_consistency_info 0000000180036dd0 f   sfc_debug:sfcdebug.obj
 0001:00035de0       sf_debug_browse_trace      0000000180036de0 f   sfc_debug:sfcdebug.obj
 0001:00035df0       sf_debug_set_breakpoints   0000000180036df0 f   sfc_debug:sfcdebug.obj
 0001:00035f60       sf_debug_set_eml_breakpoints 0000000180036f60 f   sfc_debug:sfcdebug.obj
 0001:000360c0       sf_debug_set_script_breakpoints 00000001800370c0 f   sfc_debug:sfcdebug.obj
 0001:00036140       sf_debug_add_script_breakpoints 0000000180037140 f   sfc_debug:sfcdebug.obj
 0001:000361b0       sf_debug_clear_script_breakpoints 00000001800371b0 f   sfc_debug:sfcdebug.obj
 0001:00036220       sf_debug_query_script_breakpoints 0000000180037220 f   sfc_debug:sfcdebug.obj
 0001:000362d0       sf_debug_get_eml_script_id 00000001800372d0 f   sfc_debug:sfcdebug.obj
 0001:00036320       sf_debug_set_watch         0000000180037320 f   sfc_debug:sfcdebug.obj
 0001:00036540       sf_debug_get_instance_handle 0000000180037540 f   sfc_debug:sfcdebug.obj
 0001:000365d0       sf_debug_get_active_states 00000001800375d0 f   sfc_debug:sfcdebug.obj
 0001:000365e0       sf_debug_set_honor_breakpoints 00000001800375e0 f   sfc_debug:sfcdebug.obj
 0001:000365f0       sf_debug_get_animation     00000001800375f0 f   sfc_debug:sfcdebug.obj
 0001:00036600       sf_debug_set_animation     0000000180037600 f   sfc_debug:sfcdebug.obj
 0001:00036610       sf_debug_animate           0000000180037610 f   sfc_debug:sfcdebug.obj
 0001:00036630       sf_debug_cycle_detection_check 0000000180037630 f   sfc_debug:sfcdebug.obj
 0001:00036640       sf_debug_data_range_check  0000000180037640 f   sfc_debug:sfcdebug.obj
 0001:00036650       sf_debug_transition_conflict_check 0000000180037650 f   sfc_debug:sfcdebug.obj
 0001:00036660       sf_debug_state_consistency_check 0000000180037660 f   sfc_debug:sfcdebug.obj
 0001:00036670       sf_debug_data_range_check_enabled 0000000180037670 f   sfc_debug:sfcdebug.obj
 0001:00036690       sf_debug_transition_conflict_check_enabled 0000000180037690 f   sfc_debug:sfcdebug.obj
 0001:000366b0       sf_debug_transition_conflict_check_begin 00000001800376b0 f   sfc_debug:sfcdebug.obj
 0001:000366d0       sf_debug_transition_conflict_check_end 00000001800376d0 f   sfc_debug:sfcdebug.obj
 0001:000366f0       sf_debug_stop_debugging    00000001800376f0 f   sfc_debug:sfcdebug.obj
 0001:00036720       sf_debug_is_cycle_detected 0000000180037720 f   sfc_debug:sfcdebug.obj
 0001:00036730       sf_debug_is_array_bounds_detected 0000000180037730 f   sfc_debug:sfcdebug.obj
 0001:00036740       sf_debug_get_state_vectors_data_size 0000000180037740 f   sfc_debug:sfcdebug.obj
 0001:00036780       sf_debug_get_state_vectors_data 0000000180037780 f   sfc_debug:sfcdebug.obj
 0001:00036890       sf_debug_set_state_vectors_data 0000000180037890 f   sfc_debug:sfcdebug.obj
 0001:00036b20       sf_debug_get_script_index  0000000180037b20 f   sfc_debug:sfcdebug.obj
 0001:00036cb0       sf_debug_add_script        0000000180037cb0 f   sfc_debug:sfcdebug.obj
 0001:00036e40       cv_eval_point              0000000180037e40 f   sfc_debug:sfcdebug.obj
 0001:00036fb0       cv_eval_testobjective      0000000180037fb0 f   sfc_debug:sfcdebug.obj
 0001:000370c0       sf_debug_cv_init_state     00000001800380c0 f   sfc_debug:sfcdebug.obj
 0001:000371f0       sf_debug_cv_init_chart     00000001800381f0 f   sfc_debug:sfcdebug.obj
 0001:000372e0       sf_debug_cv_init_trans     00000001800382e0 f   sfc_debug:sfcdebug.obj
 0001:000373f0       sf_debug_cv_init_saturation 00000001800383f0 f   sfc_debug:sfcdebug.obj
 0001:000374f0       sf_debug_cv_init_testobjectives 00000001800384f0 f   sfc_debug:sfcdebug.obj
 0001:000376d0       cv_eml_init_script         00000001800386d0 f   sfc_debug:sfcdebug.obj
 0001:000377f0       cv_eml_init_fcn            00000001800387f0 f   sfc_debug:sfcdebug.obj
 0001:00037900       cv_eml_init_testobjective  0000000180038900 f   sfc_debug:sfcdebug.obj
 0001:000379e0       cv_eml_init_saturation     00000001800389e0 f   sfc_debug:sfcdebug.obj
 0001:00037ab0       cv_eml_init_if             0000000180038ab0 f   sfc_debug:sfcdebug.obj
 0001:00037b90       cv_eml_init_for            0000000180038b90 f   sfc_debug:sfcdebug.obj
 0001:00037c60       cv_eml_init_while          0000000180038c60 f   sfc_debug:sfcdebug.obj
 0001:00037d30       cv_eml_init_mcdc           0000000180038d30 f   sfc_debug:sfcdebug.obj
 0001:00037e50       cv_eml_init_switch         0000000180038e50 f   sfc_debug:sfcdebug.obj
 0001:00037f50       cv_eml_eval                0000000180038f50 f   sfc_debug:sfcdebug.obj
 0001:00038040       sf_debug_bm_is_a_eml_breakpoint 0000000180039040 f   sfc_debug:sfcdebug.obj
 0001:00038190       sf_debug_temporal_threshold 0000000180039190 f   sfc_debug:sfcdebug.obj
 0001:00038500       sf_debug_transition_conflict_error 0000000180039500 f   sfc_debug:sfcdebug.obj
 0001:00038860       sf_debug_state_inconsistency_error 0000000180039860 f   sfc_debug:sfcdebug.obj
 0001:00038980       sf_debug_check_for_state_inconsistency 0000000180039980 f   sfc_debug:sfcdebug.obj
 0001:000389c0       sf_debug_cycle_detecton_error 00000001800399c0 f   sfc_debug:sfcdebug.obj
 0001:00039110       sf_debug_size_eq_check_1d  000000018003a110 f   sfc_debug:sfcdebug.obj
 0001:00039130       sf_debug_size_eq_check_nd  000000018003a130 f   sfc_debug:sfcdebug.obj
 0001:00039330       sf_debug_dim_size_eq_check 000000018003a330 f   sfc_debug:sfcdebug.obj
 0001:00039360       sf_debug_dim_size_geq_check 000000018003a360 f   sfc_debug:sfcdebug.obj
 0001:00039390       sf_debug_sub_assign_size_check_nd 000000018003a390 f   sfc_debug:sfcdebug.obj
 0001:00039570       sf_debug_matrix_matrix_index_check 000000018003a570 f   sfc_debug:sfcdebug.obj
 0001:000395c0       sf_debug_vector_vector_index_check 000000018003a5c0 f   sfc_debug:sfcdebug.obj
 0001:00039610       sf_debug_for_loop_vector_check 000000018003a610 f   sfc_debug:sfcdebug.obj
 0001:000396b0       sf_debug_runtime_error_msgid 000000018003a6b0 f   sfc_debug:sfcdebug.obj
 0001:00039750       sf_debug_data_array_bounds_error_check 000000018003a750 f   sfc_debug:sfcdebug.obj
 0001:00039860       sf_debug_eml_data_array_bounds_error_check 000000018003a860 f   sfc_debug:sfcdebug.obj
 0001:00039d20       sf_debug_integer_check     000000018003ad20 f   sfc_debug:sfcdebug.obj
 0001:00039e10       sf_debug_not_nan_check     000000018003ae10 f   sfc_debug:sfcdebug.obj
 0001:00039ee0       sf_debug_non_negative_check 000000018003aee0 f   sfc_debug:sfcdebug.obj
 0001:00039fb0       sf_debug_overflow_detection 000000018003afb0 f   sfc_debug:sfcdebug.obj
 0001:0003a610       sf_debug_cast_to_real32_T  000000018003b610 f   sfc_debug:sfcdebug.obj
 0001:0003a6e0       sf_debug_cast_to_int8_T    000000018003b6e0 f   sfc_debug:sfcdebug.obj
 0001:0003a7b0       sf_debug_cast_to_uint8_T   000000018003b7b0 f   sfc_debug:sfcdebug.obj
 0001:0003a880       sf_debug_cast_to_int16_T   000000018003b880 f   sfc_debug:sfcdebug.obj
 0001:0003a950       sf_debug_cast_to_uint16_T  000000018003b950 f   sfc_debug:sfcdebug.obj
 0001:0003aa20       sf_debug_cast_to_int32_T   000000018003ba20 f   sfc_debug:sfcdebug.obj
 0001:0003aaf0       sf_debug_cast_to_uint32_T  000000018003baf0 f   sfc_debug:sfcdebug.obj
 0001:0003abc0       sf_debug_data_range_error  000000018003bbc0 f   sfc_debug:sfcdebug.obj
 0001:0003aed0       sf_debug_read_before_write_check 000000018003bed0 f   sfc_debug:sfcdebug.obj
 0001:0003b300       sf_debug_data_range_error_wrapper_min_max 000000018003c300 f   sfc_debug:sfcdebug.obj
 0001:0003b420       sf_debug_data_range_error_wrapper_min 000000018003c420 f   sfc_debug:sfcdebug.obj
 0001:0003b530       sf_debug_data_range_error_wrapper_max 000000018003c530 f   sfc_debug:sfcdebug.obj
 0001:0003b640       sf_debug_data_range_wrapper 000000018003c640 f   sfc_debug:sfcdebug.obj
 0001:0003b700       sf_debug_set_current_status_info 000000018003c700 f   sfc_debug:sfcdebug.obj
 0001:0003baa0       sf_debug_register_message_post_receive_info 000000018003caa0 f   sfc_debug:sfcdebug.obj
 0001:0003bcf0       sf_debug_call              000000018003ccf0 f   sfc_debug:sfcdebug.obj
 0001:0003c650       sf_debug_initialize_machine 000000018003d650 f   sfc_debug:sfcdebug.obj
 0001:0003c900       sf_debug_initialize_chart  000000018003d900 f   sfc_debug:sfcdebug.obj
 0001:0003cd50       sf_debug_ensure_script     000000018003dd50 f   sfc_debug:sfcdebug.obj
 0001:0003ce00       cv_eval_saturation         000000018003de00 f   sfc_debug:sfcdebug.obj
 0001:0003cf80       cv_saturation_accum        000000018003df80 f   sfc_debug:sfcdebug.obj
 0001:0003d0c0       cv_script_init_script      000000018003e0c0 f   sfc_debug:sfcdebug.obj
 0001:0003d1b0       cv_script_init_fcn         000000018003e1b0 f   sfc_debug:sfcdebug.obj
 0001:0003d270       cv_script_init_testobjective 000000018003e270 f   sfc_debug:sfcdebug.obj
 0001:0003d330       cv_script_init_saturation  000000018003e330 f   sfc_debug:sfcdebug.obj
 0001:0003d3e0       cv_script_init_if          000000018003e3e0 f   sfc_debug:sfcdebug.obj
 0001:0003d4a0       cv_script_init_for         000000018003e4a0 f   sfc_debug:sfcdebug.obj
 0001:0003d550       cv_script_init_while       000000018003e550 f   sfc_debug:sfcdebug.obj
 0001:0003d600       cv_script_init_mcdc        000000018003e600 f   sfc_debug:sfcdebug.obj
 0001:0003d700       cv_script_init_switch      000000018003e700 f   sfc_debug:sfcdebug.obj
 0001:0003d7e0       cv_script_eval             000000018003e7e0 f   sfc_debug:sfcdebug.obj
 0001:0003d8b0       eml_debug_line_call        000000018003e8b0 f   sfc_debug:sfcdebug.obj
 0001:0003da80       sf_debug_terminate         000000018003ea80 f   sfc_debug:sfcdebug.obj
 0001:0003dc90       sf_debug_set_script_cv_ids 000000018003ec90 f   sfc_debug:sfcdebug.obj
 0001:0003ddc0       sf_debug_api               000000018003edc0 f   sfc_debug:sfc_api.obj
 0001:0003f6b0       sf_debug_sm_terminate      00000001800406b0 f   sfc_debug:sfdb_animation.obj
 0001:0003f860       sf_debug_reset_path_objects 0000000180040860 f   sfc_debug:sfdb_animation.obj
 0001:0003f8e0       sf_debug_sm_reset_object_selection_status 00000001800408e0 f   sfc_debug:sfdb_animation.obj
 0001:0003f980       sf_debug_sm_reset_state_buffer 0000000180040980 f   sfc_debug:sfdb_animation.obj
 0001:0003fa50       sf_debug_sm_store_state_buffer 0000000180040a50 f   sfc_debug:sfdb_animation.obj
 0001:0003fad0       sf_debug_sm_restore_state_buffer1 0000000180040ad0 f   sfc_debug:sfdb_animation.obj
 0001:0003fb40       sf_debug_sm_restore_state_buffer2 0000000180040b40 f   sfc_debug:sfdb_animation.obj
 0001:0003fbb0       sf_debug_sm_chart_active   0000000180040bb0 f   sfc_debug:sfdb_animation.obj
 0001:0003fc00       sf_debug_sm_select_active_objects 0000000180040c00 f   sfc_debug:sfdb_animation.obj
 0001:000400d0       sf_debug_sm_is_chart_active 00000001800410d0 f   sfc_debug:sfdb_animation.obj
 0001:00040110       sf_debug_sm_is_state_active 0000000180041110 f   sfc_debug:sfdb_animation.obj
 0001:00040350       sf_debug_sm_get_active_states 0000000180041350 f   sfc_debug:sfdb_animation.obj
 0001:00040900       sf_debug_sm_initialize_instance 0000000180041900 f   sfc_debug:sfdb_animation.obj
 0001:00040b10       sf_debug_sm_change_object_selection_status 0000000180041b10 f   sfc_debug:sfdb_animation.obj
 0001:00040de0       cv_create_interface        0000000180041de0 f   sfc_debug:cv_sfinterface.obj
 0001:000410f0       cv_init_trans              00000001800420f0 f   sfc_debug:cv_sfinterface.obj
 0001:00041140       cv_init_saturation         0000000180042140 f   sfc_debug:cv_sfinterface.obj
 0001:00041180       cv_init_testobjective      0000000180042180 f   sfc_debug:cv_sfinterface.obj
 0001:000411c0       cv_init_state              00000001800421c0 f   sfc_debug:cv_sfinterface.obj
 0001:00041230       cv_init_chart              0000000180042230 f   sfc_debug:cv_sfinterface.obj
 0001:00041280       cv_dec_update_call         0000000180042280 f   sfc_debug:cv_sfinterface.obj
 0001:000412c0       cv_cond_update_call        00000001800422c0 f   sfc_debug:cv_sfinterface.obj
 0001:00041300       cv_saturation_update_call  0000000180042300 f   sfc_debug:cv_sfinterface.obj
 0001:00041340       cv_saturation_update_accum 0000000180042340 f   sfc_debug:cv_sfinterface.obj
 0001:00041380       cv_testobjective_update_call 0000000180042380 f   sfc_debug:cv_sfinterface.obj
 0001:000413c0       cv_sigrange_update         00000001800423c0 f   sfc_debug:cv_sfinterface.obj
 0001:00041400       cvsf_eml_eval              0000000180042400 f   sfc_debug:cv_sfinterface.obj
 0001:000414e0       cvsf_eml_init_script       00000001800424e0 f   sfc_debug:cv_sfinterface.obj
 0001:00041570       cvsf_eml_init_fcn          0000000180042570 f   sfc_debug:cv_sfinterface.obj
 0001:000415d0       cvsf_eml_init_testobjective 00000001800425d0 f   sfc_debug:cv_sfinterface.obj
 0001:00041630       cvsf_eml_init_saturation   0000000180042630 f   sfc_debug:cv_sfinterface.obj
 0001:00041680       cvsf_eml_init_if           0000000180042680 f   sfc_debug:cv_sfinterface.obj
 0001:000416e0       cvsf_eml_init_for          00000001800426e0 f   sfc_debug:cv_sfinterface.obj
 0001:00041730       cvsf_eml_init_while        0000000180042730 f   sfc_debug:cv_sfinterface.obj
 0001:00041780       cvsf_eml_init_mcdc         0000000180042780 f   sfc_debug:cv_sfinterface.obj
 0001:00041810       cvsf_eml_init_switch       0000000180042810 f   sfc_debug:cv_sfinterface.obj
 0001:00041880       cvsf_script_eval           0000000180042880 f   sfc_debug:cv_sfinterface.obj
 0001:00041960       cvsf_script_init_script    0000000180042960 f   sfc_debug:cv_sfinterface.obj
 0001:000419f0       cvsf_script_init_fcn       00000001800429f0 f   sfc_debug:cv_sfinterface.obj
 0001:00041a50       cvsf_script_init_testobjective 0000000180042a50 f   sfc_debug:cv_sfinterface.obj
 0001:00041ab0       cvsf_script_init_saturation 0000000180042ab0 f   sfc_debug:cv_sfinterface.obj
 0001:00041b00       cvsf_script_init_if        0000000180042b00 f   sfc_debug:cv_sfinterface.obj
 0001:00041b60       cvsf_script_init_for       0000000180042b60 f   sfc_debug:cv_sfinterface.obj
 0001:00041bb0       cvsf_script_init_while     0000000180042bb0 f   sfc_debug:cv_sfinterface.obj
 0001:00041c00       cvsf_script_init_mcdc      0000000180042c00 f   sfc_debug:cv_sfinterface.obj
 0001:00041c90       cvsf_script_init_switch    0000000180042c90 f   sfc_debug:cv_sfinterface.obj
 0001:00041d00       cv_destroy_interface       0000000180042d00 f   sfc_debug:cv_sfinterface.obj
 0001:00041d20       cv_create_instance_objects 0000000180042d20 f   sfc_debug:cv_sfinterface.obj
 0001:00042190       cv_is_enabled              0000000180043190 f   sfc_debug:cv_sfinterface.obj
 0001:000421a0       sf_debug_cv_initialize_script 00000001800431a0 f   sfc_debug:cv_sfinterface.obj
 0001:00042330       sf_debug_cv_initialize_instance 0000000180043330 f   sfc_debug:cv_sfinterface.obj
 0001:000426c0       sf_debug_cv_terminate_chart 00000001800436c0 f   sfc_debug:cv_sfinterface.obj
 0001:000427e0       cv_call_trans_test         00000001800437e0 f   sfc_debug:cv_sfinterface.obj
 0001:000427f0       cv_call_sub_cond_test      00000001800437f0 f   sfc_debug:cv_sfinterface.obj
 0001:00042830       sf_debug_st_initialize_machine 0000000180043830 f   sfc_debug:sfdb_data_browse.obj
 0001:000428e0       sf_debug_st_initialize_instance 00000001800438e0 f   sfc_debug:sfdb_data_browse.obj
 0001:00042af0       sf_debug_st_terminate      0000000180043af0 f   sfc_debug:sfdb_data_browse.obj
 0001:00042e90       sf_debug_st_set_data_value_ptr_in_machine 0000000180043e90 f   sfc_debug:sfdb_data_browse.obj
 0001:00042f20       sf_debug_st_set_data_value_ptr_in_instance 0000000180043f20 f   sfc_debug:sfdb_data_browse.obj
 0001:00043000       sf_debug_st_unset_data_value_ptr_in_machine 0000000180044000 f   sfc_debug:sfdb_data_browse.obj
 0001:00043070       sf_debug_st_unset_data_value_ptr_in_instance 0000000180044070 f   sfc_debug:sfdb_data_browse.obj
 0001:00043330       sf_debug_mx_value          0000000180044330 f   sfc_debug:sfdb_data_browse.obj
 0001:00043390       sf_debug_mx_packed_vector  0000000180044390 f   sfc_debug:sfdb_data_browse.obj
 0001:00043470       sf_debug_mx_uint_vector    0000000180044470 f   sfc_debug:sfdb_data_browse.obj
 0001:00043520       sf_debug_st_get_double_value_from_void_ptr_vector 0000000180044520 f   sfc_debug:sfdb_data_browse.obj
 0001:00044000       sf_debug_st_browse_data    0000000180045000 f   sfc_debug:sfdb_data_browse.obj
 0001:00044840       sf_debug_hm_initialize_instance 0000000180045840 f   sfc_debug:sfdb_handle_management.obj
 0001:00044d20       sf_debug_hm_get_object_id  0000000180045d20 f   sfc_debug:sfdb_handle_management.obj
 0001:000458d0       sf_debug_hm_update_chart_visibility 00000001800468d0 f   sfc_debug:sfdb_handle_management.obj
 0001:00046ac0       sf_debug_object_is_eml_function 0000000180047ac0 f   sfc_debug:sfdb_handle_management.obj
 0001:00046b30       sf_debug_hm_initialize_ids_in_machine 0000000180047b30 f   sfc_debug:sfdb_handle_management.obj
 0001:00046ca0       sf_debug_hm_initialize_ids_in_chart 0000000180047ca0 f   sfc_debug:sfdb_handle_management.obj
 0001:00046da0       sf_debug_hm_initialize_chart 0000000180047da0 f   sfc_debug:sfdb_handle_management.obj
 0001:000474a0       sf_debug_hm_terminate      00000001800484a0 f   sfc_debug:sfdb_handle_management.obj
 0001:00047500       sf_debug_hm_initialize_machine 0000000180048500 f   sfc_debug:sfdb_handle_management.obj
 0001:00047c20       sf_debug_ss_initialize     0000000180048c20 f   sfc_debug:sfdb_symbol_scope.obj
 0001:00047c40       sf_debug_ss_terminate      0000000180048c40 f   sfc_debug:sfdb_symbol_scope.obj
 0001:00047cd0       sf_debug_ss_push_symbol_scope 0000000180048cd0 f   sfc_debug:sfdb_symbol_scope.obj
 0001:00047dd0       sf_debug_ss_push_symbol_scope_eml 0000000180048dd0 f   sfc_debug:sfdb_symbol_scope.obj
 0001:00047e30       sf_debug_ss_pop_symbol_scope 0000000180048e30 f   sfc_debug:sfdb_symbol_scope.obj
 0001:00047ee0       sf_debug_ss_add_symbol     0000000180048ee0 f   sfc_debug:sfdb_symbol_scope.obj
 0001:00048050       sf_debug_ss_add_symbol_eml 0000000180049050 f   sfc_debug:sfdb_symbol_scope.obj
 0001:00048f50       sf_debug_ss_set_data_value 0000000180049f50 f   sfc_debug:sfdb_symbol_scope.obj
 0001:000493a0       getInstanceNumber          000000018004a3a0 f   sfc_debug:sfdb_symbol_scope.obj
 0001:00049470       sf_debug_ss_watch_data     000000018004a470 f   sfc_debug:sfdb_symbol_scope.obj
 0001:00049660       sf_debug_ss_assign_data    000000018004a660 f   sfc_debug:sfdb_symbol_scope.obj
 0001:0004a070       get_data_entry_name        000000018004b070 f   sfc_debug:sfdb_symbol_scope.obj
 0001:0004a0c0       sf_debug_ss_whos           000000018004b0c0 f   sfc_debug:sfdb_symbol_scope.obj
 0001:0004a710       sf_debug_cc_initialize_chart 000000018004b710 f   sfc_debug:sfdb_coverage.obj
 0001:0004b100       sf_debug_cc_initialize_instance 000000018004c100 f   sfc_debug:sfdb_coverage.obj
 0001:0004be40       sf_debug_cc_terminate      000000018004ce40 f   sfc_debug:sfdb_coverage.obj
 0001:0004bf30       sf_debug_cc_set_transition_maps 000000018004cf30 f   sfc_debug:sfdb_coverage.obj
 0001:0004c060       sf_debug_cc_set_state_maps 000000018004d060 f   sfc_debug:sfdb_coverage.obj
 0001:0004c140       sf_debug_cc_set_transition_weights 000000018004d140 f   sfc_debug:sfdb_coverage.obj
 0001:0004c400       sf_debug_cc_set_state_weights 000000018004d400 f   sfc_debug:sfdb_coverage.obj
 0001:0004c6d0       sf_debug_cc_mark_transition_guard 000000018004d6d0 f   sfc_debug:sfdb_coverage.obj
 0001:0004c760       sf_debug_cc_mark_transition_trigger 000000018004d760 f   sfc_debug:sfdb_coverage.obj
 0001:0004c7f0       sf_debug_cc_mark_transition_decision 000000018004d7f0 f   sfc_debug:sfdb_coverage.obj
 0001:0004c860       sf_debug_cc_mark_transition_condition_action 000000018004d860 f   sfc_debug:sfdb_coverage.obj
 0001:0004c8b0       sf_debug_cc_mark_transition_transition_action 000000018004d8b0 f   sfc_debug:sfdb_coverage.obj
 0001:0004c900       sf_debug_cc_mark_state_entry 000000018004d900 f   sfc_debug:sfdb_coverage.obj
 0001:0004c950       sf_debug_cc_mark_state_during 000000018004d950 f   sfc_debug:sfdb_coverage.obj
 0001:0004c9a0       sf_debug_cc_mark_state_exit 000000018004d9a0 f   sfc_debug:sfdb_coverage.obj
 0001:0004c9f0       sf_debug_bm_clear_script_breakpoints 000000018004d9f0 f   sfc_debug:sfdb_breakpoints.obj
 0001:0004ca20       sf_debug_bm_set_script_breakpoint 000000018004da20 f   sfc_debug:sfdb_breakpoints.obj
 0001:0004caa0       sf_debug_bm_clear_single_script_breakpoint 000000018004daa0 f   sfc_debug:sfdb_breakpoints.obj
 0001:0004cb20       sf_debug_bm_query_script_breakpoint 000000018004db20 f   sfc_debug:sfdb_breakpoints.obj
 0001:0004cb70       sf_debug_bm_initialize_scripts 000000018004db70 f   sfc_debug:sfdb_breakpoints.obj
 0001:0004d200       sf_debug_bm_terminate      000000018004e200 f   sfc_debug:sfdb_breakpoints.obj
 0001:0004d4e0       sf_debug_bm_remove_all_breakpoints_in_machine 000000018004e4e0 f   sfc_debug:sfdb_breakpoints.obj
 0001:0004d540       sf_debug_bm_remove_all_breakpoints_in_chart 000000018004e540 f   sfc_debug:sfdb_breakpoints.obj
 0001:0004d690       sf_debug_bm_initialize_global_breakpoints 000000018004e690 f   sfc_debug:sfdb_breakpoints.obj
 0001:0004d810       sf_debug_bm_set_breakpoint 000000018004e810 f   sfc_debug:sfdb_breakpoints.obj
 0001:0004ddd0       sf_debug_bm_set_eml_breakpoint 000000018004edd0 f   sfc_debug:sfdb_breakpoints.obj
 0001:0004de60       sf_debug_bm_initialize_machine_breakpoint_map 000000018004ee60 f   sfc_debug:sfdb_breakpoints.obj
 0001:0004e280       sf_debug_bm_is_a_breakpoint 000000018004f280 f   sfc_debug:sfdb_breakpoints.obj
 0001:0004e7a0       sf_debug_bm_get_all_breakpoints_in_machine 000000018004f7a0 f   sfc_debug:sfdb_breakpoints.obj
 0001:0004eaa0       sf_debug_bm_get_all_breakpoints_in_chart 000000018004faa0 f   sfc_debug:sfdb_breakpoints.obj
 0001:0004f630       sf_debug_bm_initialize_machine 0000000180050630 f   sfc_debug:sfdb_breakpoints.obj
 0001:0004f700       sf_debug_bm_initialize_chart 0000000180050700 f   sfc_debug:sfdb_breakpoints.obj
 0001:0004faf0       sf_debug_sc_terminate      0000000180050af0 f   sfc_debug:sfdb_state_consistency.obj
 0001:0004fe10       sf_debug_sc_is_chart_consistent 0000000180050e10 f   sfc_debug:sfdb_state_consistency.obj
 0001:000500c0       sf_debug_sc_get_consistency_error_info 00000001800510c0 f   sfc_debug:sfdb_state_consistency.obj
 0001:000504d0       sf_debug_tm_terminate      00000001800514d0 f   sfc_debug:sfdb_call_stack.obj
 0001:00050580       sf_debug_tm_push_chart_instance 0000000180051580 f   sfc_debug:sfdb_call_stack.obj
 0001:000506c0       sf_debug_tm_pop_chart_instance 00000001800516c0 f   sfc_debug:sfdb_call_stack.obj
 0001:00050720       sf_debug_tm_push_trace_node 0000000180051720 f   sfc_debug:sfdb_call_stack.obj
 0001:000508a0       sf_debug_tm_pop_trace_node 00000001800518a0 f   sfc_debug:sfdb_call_stack.obj
 0001:00050920       sf_debug_tm_get_current_global_trace_index 0000000180051920 f   sfc_debug:sfdb_call_stack.obj
 0001:00050930       sf_debug_tm_get_current_local_trace_index 0000000180051930 f   sfc_debug:sfdb_call_stack.obj
 0001:00050960       sf_debug_tm_set_cycle_detected_flag 0000000180051960 f   sfc_debug:sfdb_call_stack.obj
 0001:000509a0       sf_debug_tm_set_cycle_started_flag 00000001800519a0 f   sfc_debug:sfdb_call_stack.obj
 0001:000509e0       sf_debug_tm_get_chart_number_from_stack 00000001800519e0 f   sfc_debug:sfdb_call_stack.obj
 0001:00050be0       sf_debug_tm_browse_trace   0000000180051be0 f   sfc_debug:sfdb_call_stack.obj
 0001:00050ef0       sf_debug_cd_initialize_instance 0000000180051ef0 f   sfc_debug:sfdb_cycle_detection.obj
 0001:000511a0       sf_debug_cd_mark_processed_transition_in_instance 00000001800521a0 f   sfc_debug:sfdb_cycle_detection.obj
 0001:00051240       sf_debug_cd_checksum_push  0000000180052240 f   sfc_debug:sfdb_cycle_detection.obj
 0001:000514f0       sf_debug_cd_checksum_pop   00000001800524f0 f   sfc_debug:sfdb_cycle_detection.obj
 0001:00051560       sf_debug_cd_turn_off_cycle_detection 0000000180052560 f   sfc_debug:sfdb_cycle_detection.obj
 0001:000515b0       sf_debug_cd_terminate      00000001800525b0 f   sfc_debug:sfdb_cycle_detection.obj
 0001:000517e0       md5_initialize_state       00000001800527e0 f   sfc_debug:ckmd5.obj
 0001:00052270       md5_update_state           0000000180053270 f   sfc_debug:ckmd5.obj
 0001:00052290       md5_get_hash               0000000180053290 f   sfc_debug:ckmd5.obj
 0001:000522c0       md5_get_hash_for_a_single_string 00000001800532c0 f   sfc_debug:ckmd5.obj
 0001:00052320       mxGetPr                    0000000180053320 f   libmx:libmx.dll
 0001:00052326       mxCreateDoubleScalar       0000000180053326 f   libmx:libmx.dll
 0001:0005232c       mxCreateDoubleMatrix_730   000000018005332c f   libmx:libmx.dll
 0001:00052332       mxSetField_730             0000000180053332 f   libmx:libmx.dll
 0001:00052338       mxCreateString             0000000180053338 f   libmx:libmx.dll
 0001:0005233e       mxCreateStructMatrix_730   000000018005333e f   libmx:libmx.dll
 0001:00052344       mxCreateCellMatrix_730     0000000180053344 f   libmx:libmx.dll
 0001:0005234a       mxDestroyArray             000000018005334a f   libmx:libmx.dll
 0001:00052350       mxDuplicateArray           0000000180053350 f   libmx:libmx.dll
 0001:00052356       mxGetString_730            0000000180053356 f   libmx:libmx.dll
 0001:0005235c       mxIsChar                   000000018005335c f   libmx:libmx.dll
 0001:00052362       mxGetClassID               0000000180053362 f   libmx:libmx.dll
 0001:00052368       mxIsNumeric                0000000180053368 f   libmx:libmx.dll
 0001:0005236e       mxIsComplex                000000018005336e f   libmx:libmx.dll
 0001:00052374       mxGetN                     0000000180053374 f   libmx:libmx.dll
 0001:0005237a       mxGetM                     000000018005337a f   libmx:libmx.dll
 0001:00052380       mxCalloc                   0000000180053380 f   libmx:libmx.dll
 0001:00052386       mxGetScalar                0000000180053386 f   libmx:libmx.dll
 0001:0005238c       mxIsLogical                000000018005338c f   libmx:libmx.dll
 0001:00052392       mxCreateDoubleMatrix_700   0000000180053392 f   libmx:libmx.dll
 0001:00052398       mxFree                     0000000180053398 f   libmx:libmx.dll
 0001:0005239e       mxArrayToString            000000018005339e f   libmx:libmx.dll
 0001:000523a4       mxCreateCellMatrix_700     00000001800533a4 f   libmx:libmx.dll
 0001:000523aa       mxSetCell_700              00000001800533aa f   libmx:libmx.dll
 0001:000523b0       mxGetCell_700              00000001800533b0 f   libmx:libmx.dll
 0001:000523b6       mxGetClassName             00000001800533b6 f   libmx:libmx.dll
 0001:000523bc       mxSetField_700             00000001800533bc f   libmx:libmx.dll
 0001:000523c2       mxAddField                 00000001800533c2 f   libmx:libmx.dll
 0001:000523c8       mxGetField_700             00000001800533c8 f   libmx:libmx.dll
 0001:000523ce       mxGetNumberOfElements      00000001800533ce f   libmx:libmx.dll
 0001:000523d4       mxIsStruct                 00000001800533d4 f   libmx:libmx.dll
 0001:000523da       mxIsA                      00000001800533da f   libmx:libmx.dll
 0001:000523e0       mxIsClass                  00000001800533e0 f   libmx:libmx.dll
 0001:000523e6       mxGetLogicals              00000001800533e6 f   libmx:libmx.dll
 0001:000523ec       mxIsSparse                 00000001800533ec f   libmx:libmx.dll
 0001:000523f2       mxSetFieldByNumber_700     00000001800533f2 f   libmx:libmx.dll
 0001:000523f8       mxGetFieldByNumber_700     00000001800533f8 f   libmx:libmx.dll
 0001:000523fe       mxGetFieldNameByNumber     00000001800533fe f   libmx:libmx.dll
 0001:00052404       mxGetNumberOfFields        0000000180053404 f   libmx:libmx.dll
 0001:0005240a       mxCreateStructMatrix_700   000000018005340a f   libmx:libmx.dll
 0001:00052410       mxGetFieldNumber           0000000180053410 f   libmx:libmx.dll
 0001:00052416       mxIsNaN                    0000000180053416 f   libmx:libmx.dll
 0001:0005241c       mxIsEmpty                  000000018005341c f   libmx:libmx.dll
 0001:00052422       mxGetData                  0000000180053422 f   libmx:libmx.dll
 0001:00052428       mxGetImagData              0000000180053428 f   libmx:libmx.dll
 0001:0005242e       mxArrayClassIDName         000000018005342e f   libmx:libmx.dll
 0001:00052434       mxCreateNumericMatrix_700  0000000180053434 f   libmx:libmx.dll
 0001:0005243a       mxCreateStructArray_700    000000018005343a f   libmx:libmx.dll
 0001:00052440       mxCalcSingleSubscript_700  0000000180053440 f   libmx:libmx.dll
 0001:00052446       mxGetDimensions_700        0000000180053446 f   libmx:libmx.dll
 0001:0005244c       mxGetNumberOfDimensions_700 000000018005344c f   libmx:libmx.dll
 0001:00052452       mxCreateNumericArray_700   0000000180053452 f   libmx:libmx.dll
 0001:00052458       mxGetElementSize           0000000180053458 f   libmx:libmx.dll
 0001:0005245e       mxCreateStringFromNChars_700 000000018005345e f   libmx:libmx.dll
 0001:00052464       mxGetString_700            0000000180053464 f   libmx:libmx.dll
 0001:0005246a       mxIsLogicalScalarTrue      000000018005346a f   libmx:libmx.dll
 0001:00052470       mxCreateLogicalScalar      0000000180053470 f   libmx:libmx.dll
 0001:00052476       mexUnlock                  0000000180053476 f   libmex:libmex.dll
 0001:0005247c       mexIsLocked                000000018005347c f   libmex:libmex.dll
 0001:00052482       mexWarnMsgTxt              0000000180053482 f   libmex:libmex.dll
 0001:00052488       mexCallMATLAB              0000000180053488 f   libmex:libmex.dll
 0001:0005248e       mexErrMsgTxt               000000018005348e f   libmex:libmex.dll
 0001:00052494       mexMakeArrayPersistent     0000000180053494 f   libmex:libmex.dll
 0001:0005249a       mexSetTrapFlag             000000018005349a f   libmex:libmex.dll
 0001:000524a0       mexPutVariable             00000001800534a0 f   libmex:libmex.dll
 0001:000524a6       mexGetVariable             00000001800534a6 f   libmex:libmex.dll
 0001:000524ac       mexLock                    00000001800534ac f   libmex:libmex.dll
 0001:000524b2       mexMakeMemoryPersistent    00000001800534b2 f   libmex:libmex.dll
 0001:000524b8       mexFunctionName            00000001800534b8 f   libmex:libmex.dll
 0001:000524be       ssRegisterDataTypeFxpFSlopeFixExpBias 00000001800534be f   libfixedpoint:libfixedpoint.dll
 0001:000524c4       ssRegisterDataTypeFxpScaledDouble 00000001800534c4 f   libfixedpoint:libfixedpoint.dll
 0001:000524ca       utMalloc                   00000001800534ca f   libut:libut.dll
 0001:000524d0       utFree                     00000001800534d0 f   libut:libut.dll
 0001:000524d6       utVSNprintf                00000001800534d6 f   libut:libut.dll
 0001:000524dc       utCPUtime                  00000001800534dc f   libut:libut.dll
 0001:000524e2       utCalloc                   00000001800534e2 f   libut:libut.dll
 0001:000524e8       utRealloc                  00000001800534e8 f   libut:libut.dll
 0001:000524ee       muDoubleScalarAsin         00000001800534ee f   libmwmathutil:libmwmathutil.dll
 0001:000524f4       muDoubleScalarAtan         00000001800534f4 f   libmwmathutil:libmwmathutil.dll
 0001:000524fa       muDoubleScalarRound        00000001800534fa f   libmwmathutil:libmwmathutil.dll
 0001:00052500       emlrtCreateRootTLS         0000000180053500 f   libemlrt:libemlrt.dll
 0001:00052506       emlrtDestroyRootTLS        0000000180053506 f   libemlrt:libemlrt.dll
 0001:0005250c       emlrtCheckBuiltInR2012b    000000018005350c f   libemlrt:libemlrt.dll
 0001:00052512       emlrtCheckVsBuiltInR2012b  0000000180053512 f   libemlrt:libemlrt.dll
 0001:00052518       emlrtCheckEnumR2012b       0000000180053518 f   libemlrt:libemlrt.dll
 0001:0005251e       emlrtCreateEnumR2012b      000000018005351e f   libemlrt:libemlrt.dll
 0001:00052524       emlrtGetEnumElementR2009a  0000000180053524 f   libemlrt:libemlrt.dll
 0001:0005252a       emlrtCreateReference       000000018005352a f   libemlrt:libemlrt.dll
 0001:00052530       emlrtImportVsFiArrayR2009b 0000000180053530 f   libemlrt:libemlrt.dll
 0001:00052536       emlrtNameCapturePostProcessR2012a 0000000180053536 f   libemlrt:libemlrt.dll
 0001:0005253c       emlrtExtractMessageId      000000018005353c f   libemlrt:libemlrt.dll
 0001:00052542       emlrtTranslateMessageIDtoLCPstring 0000000180053542 f   libemlrt:libemlrt.dll
 0001:00052548       emlrtForLoopVectorIsValidR2011b 0000000180053548 f   libemlrt:libemlrt.dll
 0001:0005254e       emlrtTranslateUTF16MessagetoLCPstring 000000018005354e f   libemlrt:libemlrt.dll
 0001:00052554       emlrtGetEnumUnderlyingArrayR2009a 0000000180053554 f   libemlrt:libemlrt.dll
 0001:0005255a       emlrtIsEnumR2009a          000000018005355a f   libemlrt:libemlrt.dll
 0001:00052560       strlen                     0000000180053560 f   MSVCRT:MSVCR90.dll
 0001:00052566       memset                     0000000180053566 f   MSVCRT:MSVCR90.dll
 0001:0005256c       __GSHandlerCheckCommon     000000018005356c f   MSVCRT:gshandler.obj
 0001:000525d0       __GSHandlerCheck           00000001800535d0 f   MSVCRT:gshandler.obj
 0001:00052600       __security_check_cookie    0000000180053600 f   MSVCRT:amdsecgs.obj
 0001:00052620       strcmp                     0000000180053620 f   MSVCRT:MSVCR90.dll
 0001:00052626       free                       0000000180053626 f   MSVCRT:MSVCR90.dll
 0001:0005262c       sprintf                    000000018005362c f   MSVCRT:MSVCR90.dll
 0001:00052632       malloc                     0000000180053632 f   MSVCRT:MSVCR90.dll
 0001:00052638       strcat                     0000000180053638 f   MSVCRT:MSVCR90.dll
 0001:0005263e       memcpy                     000000018005363e f   MSVCRT:MSVCR90.dll
 0001:00052644       NtCurrentTeb               0000000180053644 f i MSVCRT:crtdll.obj
 0001:000526b0       _CRT_INIT                  00000001800536b0 f   MSVCRT:crtdll.obj
 0001:00052a44       _DllMainCRTStartup         0000000180053a44 f   MSVCRT:crtdll.obj
 0001:00052a82       strncpy                    0000000180053a82 f   MSVCRT:MSVCR90.dll
 0001:00052a88       longjmp                    0000000180053a88 f   MSVCRT:MSVCR90.dll
 0001:00052a8e       strncmp                    0000000180053a8e f   MSVCRT:MSVCR90.dll
 0001:00052a94       ceil                       0000000180053a94 f   MSVCRT:MSVCR90.dll
 0001:00052a9a       strrchr                    0000000180053a9a f   MSVCRT:MSVCR90.dll
 0001:00052aa0       _setjmp                    0000000180053aa0 f   MSVCRT:MSVCR90.dll
 0001:00052aa6       ldexp                      0000000180053aa6 f   MSVCRT:MSVCR90.dll
 0001:00052aac       __report_gsfailure         0000000180053aac f   MSVCRT:gs_report.obj
 0001:00052bf8       __clean_type_info_names    0000000180053bf8 f   MSVCRT:tncleanup.obj
 0001:00052c04       _onexit                    0000000180053c04 f   MSVCRT:atonexit.obj
 0001:00052cb4       atexit                     0000000180053cb4 f   MSVCRT:atonexit.obj
 0001:00052ccc       _RTC_Initialize            0000000180053ccc f   MSVCRT:_initsect_.obj
 0001:00052d04       _RTC_Terminate             0000000180053d04 f   MSVCRT:_initsect_.obj
 0001:00052d3c       _encode_pointer            0000000180053d3c f   MSVCRT:MSVCR90.dll
 0001:00052d42       _malloc_crt                0000000180053d42 f   MSVCRT:MSVCR90.dll
 0001:00052d50       _ValidateImageBase         0000000180053d50 f   MSVCRT:pesect.obj
 0001:00052d80       _FindPESection             0000000180053d80 f   MSVCRT:pesect.obj
 0001:00052dd0       _IsNonwritableInCurrentImage 0000000180053dd0 f   MSVCRT:pesect.obj
 0001:00052e12       _initterm                  0000000180053e12 f   MSVCRT:MSVCR90.dll
 0001:00052e18       _initterm_e                0000000180053e18 f   MSVCRT:MSVCR90.dll
 0001:00052e1e       _encoded_null              0000000180053e1e f   MSVCRT:MSVCR90.dll
 0001:00052e24       _decode_pointer            0000000180053e24 f   MSVCRT:MSVCR90.dll
 0001:00052e2a       _amsg_exit                 0000000180053e2a f   MSVCRT:MSVCR90.dll
 0001:00052e30       __C_specific_handler       0000000180053e30 f   MSVCRT:MSVCR90.dll
 0001:00052e36       __CppXcptFilter            0000000180053e36 f   MSVCRT:MSVCR90.dll
 0001:00052e3c       DllMain                    0000000180053e3c f   MSVCRT:dllmain.obj
 0001:00052e60       __security_init_cookie     0000000180053e60 f   MSVCRT:gs_support.obj
 0001:00052f14       __crt_debugger_hook        0000000180053f14 f   MSVCRT:MSVCR90.dll
 0001:00052f1a       __clean_type_info_names_internal 0000000180053f1a f   MSVCRT:MSVCR90.dll
 0001:00052f20       _unlock                    0000000180053f20 f   MSVCRT:MSVCR90.dll
 0001:00052f26       __dllonexit                0000000180053f26 f   MSVCRT:MSVCR90.dll
 0001:00052f2c       _lock                      0000000180053f2c f   MSVCRT:MSVCR90.dll
 0001:00052f32       Sleep                      0000000180053f32 f   kernel32:KERNEL32.dll
 0001:00052f38       TerminateProcess           0000000180053f38 f   kernel32:KERNEL32.dll
 0001:00052f3e       GetCurrentProcess          0000000180053f3e f   kernel32:KERNEL32.dll
 0001:00052f44       UnhandledExceptionFilter   0000000180053f44 f   kernel32:KERNEL32.dll
 0001:00052f4a       SetUnhandledExceptionFilter 0000000180053f4a f   kernel32:KERNEL32.dll
 0001:00052f50       IsDebuggerPresent          0000000180053f50 f   kernel32:KERNEL32.dll
 0001:00052f56       RtlVirtualUnwind           0000000180053f56 f   kernel32:KERNEL32.dll
 0001:00052f5c       RtlLookupFunctionEntry     0000000180053f5c f   kernel32:KERNEL32.dll
 0001:00052f62       RtlCaptureContext          0000000180053f62 f   kernel32:KERNEL32.dll
 0001:00052f68       DisableThreadLibraryCalls  0000000180053f68 f   kernel32:KERNEL32.dll
 0001:00052f6e       QueryPerformanceCounter    0000000180053f6e f   kernel32:KERNEL32.dll
 0001:00052f74       GetTickCount               0000000180053f74 f   kernel32:KERNEL32.dll
 0001:00052f7a       GetCurrentThreadId         0000000180053f7a f   kernel32:KERNEL32.dll
 0001:00052f80       GetCurrentProcessId        0000000180053f80 f   kernel32:KERNEL32.dll
 0001:00052f86       GetSystemTimeAsFileTime    0000000180053f86 f   kernel32:KERNEL32.dll
 0001:00052fa0       __chkstk                   0000000180053fa0 f   MSVCRT:chkstk.obj
 0001:00052fa0       _alloca_probe              0000000180053fa0     MSVCRT:chkstk.obj
 0002:00000000       __imp_RtlLookupFunctionEntry 0000000180055000     kernel32:KERNEL32.dll
 0002:00000008       __imp_RtlVirtualUnwind     0000000180055008     kernel32:KERNEL32.dll
 0002:00000010       __imp_IsDebuggerPresent    0000000180055010     kernel32:KERNEL32.dll
 0002:00000018       __imp_SetUnhandledExceptionFilter 0000000180055018     kernel32:KERNEL32.dll
 0002:00000020       __imp_UnhandledExceptionFilter 0000000180055020     kernel32:KERNEL32.dll
 0002:00000028       __imp_GetCurrentProcess    0000000180055028     kernel32:KERNEL32.dll
 0002:00000030       __imp_TerminateProcess     0000000180055030     kernel32:KERNEL32.dll
[...]
 0001:00028cb0       sf_mex_check_complex       0000000180029cb0 f   sfc_mex:sfc_mex.obj
 0001:00028d40       sf_mex_check_sparse        0000000180029d40 f   sfc_mex:sfc_mex.obj
 0001:00028da0       sf_mex_check_numerictype   0000000180029da0 f   sfc_mex:sfc_mex.obj
 0001:00028f30       sf_mex_check_fimath        0000000180029f30 f   sfc_mex:sfc_mex.obj
 0001:00029a90       size_mismatch_error        000000018002aa90 f   sfc_mex:sfc_mex.obj
 0001:0002a500       check_array_dimensions     000000018002b500 f   sfc_mex:sfc_mex.obj
 0001:0002a570       check_input_mxarray        000000018002b570 f   sfc_mex:sfc_mex.obj
 0001:0002acb0       sf_numeric_value_to_double 000000018002bcb0 f   sfc_mex:sfc_mex.obj
 0001:0002ad00       ml_generic_out_of_bounds_check 000000018002bd00 f   sfc_mex:sfc_mex.obj
 0001:0002aec0       ml_get_element_value_from_array 000000018002bec0 f   sfc_mex:sfc_mex.obj
 0001:0002b260       _ml_generic_castability_check 000000018002c260 f   sfc_mex:sfc_mex.obj
 0001:0002b9b0       ml_generic_castability_check 000000018002c9b0 f   sfc_mex:sfc_mex.obj
 0001:0002ba50       ml_check_mx_array_for_single_castability 000000018002ca50 f   sfc_mex:sfc_mex.obj
 0001:0002baf0       ml_check_mx_array_for_logical_castability 000000018002caf0 f   sfc_mex:sfc_mex.obj
 0001:0002bb90       ml_check_mx_array_for_int8_castability 000000018002cb90 f   sfc_mex:sfc_mex.obj
 0001:0002bc40       ml_check_mx_array_for_uint8_castability 000000018002cc40 f   sfc_mex:sfc_mex.obj
 0001:0002bca0       ml_check_mx_array_for_int16_castability 000000018002cca0 f   sfc_mex:sfc_mex.obj
 0001:0002bd00       ml_check_mx_array_for_uint16_castability 000000018002cd00 f   sfc_mex:sfc_mex.obj
 0001:0002bd60       ml_check_mx_array_for_int32_castability 000000018002cd60 f   sfc_mex:sfc_mex.obj
 0001:0002bdc0       ml_check_mx_array_for_uint32_castability 000000018002cdc0 f   sfc_mex:sfc_mex.obj
 0001:0002be20       ml_check_mx_array_for_castability 000000018002ce20 f   sfc_mex:sfc_mex.obj
 0001:0002c640       set_data_value             000000018002d640 f   sfc_mex:sfc_mex.obj
 0001:0002c9b0       get_data_value             000000018002d9b0 f   sfc_mex:sfc_mex.obj
 0001:0002cac0       get_next_element_address   000000018002dac0 f   sfc_mex:sfc_mex.obj
 0001:0002cb90       sf_normalize_index         000000018002db90 f   sfc_mex:sfc_mex.obj
 0001:0002cf40       ml_array_index_bound_check 000000018002df40 f   sfc_mex:sfc_mex.obj
 0001:0002dac0       mx_value                   000000018002eac0 f   sfc_mex:sfc_mex.obj
 0001:0002db10       sf_create_numeric_array    000000018002eb10 f   sfc_mex:sfc_mex.obj
 0001:0002dbb0       sf_mex_assign_to_mx_array  000000018002ebb0 f   sfc_mex:sfc_mex.obj
 0001:0002df20       assign_from_mx_array       000000018002ef20 f   sfc_mex:sfc_mex.obj
 0001:0002e680       sf_mex_import_v            000000018002f680 f   sfc_mex:sfc_mex.obj
 0001:0002ed90       get_machine_and_chart_file_number 000000018002fd90 f   sfc_mex:sfc_sf.obj
 0001:0002ee80       get_sfun_block_specialization 000000018002fe80 f   sfc_mex:sfc_sf.obj
 0001:0002ef30       call_sf_machine_global_method_dispatcher 000000018002ff30 f   sfc_mex:sfc_sf.obj
 0001:0002f180       mdl_zeroCrossings_processing 0000000180030180 f   sfc_mex:sfc_sf.obj
 0001:0002f260       mdl_derivatives_processing 0000000180030260 f   sfc_mex:sfc_sf.obj
 0001:0002f540       mdl_outputs_continuous_legacy 0000000180030540 f   sfc_mex:sfc_sf.obj
 0001:0002f5c0       mdl_outputs_processing     00000001800305c0 f   sfc_mex:sfc_sf.obj
 0001:0002f830       mdl_enable_processing      0000000180030830 f   sfc_mex:sfc_sf.obj
 0001:0002f910       mdl_disable_processing     0000000180030910 f   sfc_mex:sfc_sf.obj
 0001:000307a0       sf_call_output_fcn_enable_disable 00000001800317a0 f   sfc_mex:sfc_sf.obj
 0001:00030a20       set_dwork_information_from_mx_array 0000000180031a20 f   sfc_mex:sfc_sf.obj
 0001:00031310       ptr2mxStruct               0000000180032310 f   sfc_mex:sfc_sf.obj
 0001:00031620       SNPRINTF_WRAPPER           0000000180032620 f   sfc_debug:sfcdebug.obj
 0001:00031650       sf_debug_chart_instance_initialized 0000000180032650 f   sfc_debug:sfcdebug.obj
 0001:000317f0       sfrtAddSize                00000001800327f0 f   sfc_debug:sfcdebug.obj
 0001:000318b0       sfrtGenSizeString          00000001800328b0 f   sfc_debug:sfcdebug.obj
 0001:00032000       fill_single_message_info   0000000180033000 f   sfc_debug:sfcdebug.obj
 0001:00032280       sf_debug_sim_status_listener 0000000180033280 f   sfc_debug:sfcdebug.obj
 0001:00032810       sf_debug_form_mask_bits    0000000180033810 f   sfc_debug:sfcdebug.obj
 0001:00032830       sf_debug_form_sf_data_type_offsets 0000000180033830 f   sfc_debug:sfcdebug.obj
 0001:000328f0       sf_debug_free_all          00000001800338f0 f   sfc_debug:sfcdebug.obj
 0001:00032a80       sf_debug_append_debugger_context 0000000180033a80 f   sfc_debug:sfcdebug.obj
 0001:00032df0       local_strdup               0000000180033df0 f   sfc_debug:sfcdebug.obj
 0001:00033d70       sf_debug_em_terminate      0000000180034d70 f   sfc_debug:sfcdebug.obj
 0001:00033db0       sf_debug_push_eml_function 0000000180034db0 f   sfc_debug:sfcdebug.obj
 0001:00033e50       sf_debug_pop_eml_function  0000000180034e50 f   sfc_debug:sfcdebug.obj
 0001:00034af0       sf_debug_get_machine_number_from_id_or_name 0000000180035af0 f   sfc_debug:sfcdebug.obj
 0001:00034c40       sf_debug_get_chart_number_from_id 0000000180035c40 f   sfc_debug:sfcdebug.obj
 0001:00035a20       sf_debug_transfer_control_to_debugger_GUI 0000000180036a20 f   sfc_debug:sfcdebug.obj
 0001:00036990       sf_debug_scripts_rehash    0000000180037990 f   sfc_debug:sfcdebug.obj
 0001:00036ba0       sf_debug_get_script_line_count 0000000180037ba0 f   sfc_debug:sfcdebug.obj
 0001:000375f0       cv_eml_state_cvId          00000001800385f0 f   sfc_debug:sfcdebug.obj
 0001:00037660       cv_eml_trans_cvId          0000000180038660 f   sfc_debug:sfcdebug.obj
 0001:00038ae0       sf_debug_data_array_bounds_error 0000000180039ae0 f   sfc_debug:sfcdebug.obj
 0001:00038e90       eml_debug_runtime_error_doclink 0000000180039e90 f   sfc_debug:sfcdebug.obj
 0001:00039000       sf_debug_runtime_error     000000018003a000 f   sfc_debug:sfcdebug.obj
 0001:00039070       sf_debug_matlab_error      000000018003a070 f   sfc_debug:sfcdebug.obj
 0001:000399e0       sf_debug_data_value_error  000000018003a9e0 f   sfc_debug:sfcdebug.obj
 0001:0003a2b0       sf_debug_data_loss_error   000000018003b2b0 f   sfc_debug:sfcdebug.obj
 0001:0003b1d0       call_cv_range_check        000000018003c1d0 f   sfc_debug:sfcdebug.obj
 0001:0003ba30       sf_debug_invoke_cycle_detection_code 000000018003ca30 f   sfc_debug:sfcdebug.obj
 0001:0003c5a0       sf_reset_debug_info_struct 000000018003d5a0 f   sfc_debug:sfcdebug.obj
 0001:0003cd90       cv_script_cvId             000000018003dd90 f   sfc_debug:sfcdebug.obj
 0001:0003df50       sfc_api_chart_visible      000000018003ef50 f   sfc_debug:sfc_api.obj
 0001:0003dfe0       sfc_api_active_instance    000000018003efe0 f   sfc_debug:sfc_api.obj
 0001:0003e070       sfc_api_machine_load       000000018003f070 f   sfc_debug:sfc_api.obj
 0001:0003e160       sfc_api_debugger_alive     000000018003f160 f   sfc_debug:sfc_api.obj
 0001:0003e170       sfc_api_go                 000000018003f170 f   sfc_debug:sfc_api.obj
 0001:0003e180       sfc_api_step_over          000000018003f180 f   sfc_debug:sfc_api.obj
 0001:0003e190       sfc_api_step_out           000000018003f190 f   sfc_debug:sfc_api.obj
 0001:0003e1a0       sfc_api_resume             000000018003f1a0 f   sfc_debug:sfc_api.obj
 0001:0003e1b0       sfc_api_break              000000018003f1b0 f   sfc_debug:sfc_api.obj
 0001:0003e1c0       sfc_api_stop_debugging     000000018003f1c0 f   sfc_debug:sfc_api.obj
 0001:0003e220       sfc_api_is_cycle_detected  000000018003f220 f   sfc_debug:sfc_api.obj
 0001:0003e280       sfc_api_is_array_bounds_detected 000000018003f280 f   sfc_debug:sfc_api.obj
 0001:0003e2e0       sfc_api_set_disable_all_breakpoints 000000018003f2e0 f   sfc_debug:sfc_api.obj
 0001:0003e360       sfc_api_disable_all_breakpoints_and_go 000000018003f360 f   sfc_debug:sfc_api.obj
 0001:0003e370       sfc_api_close              000000018003f370 f   sfc_debug:sfc_api.obj
 0001:0003e380       sfc_api_browse_data        000000018003f380 f   sfc_debug:sfc_api.obj
 0001:0003e400       sfc_api_watch_data         000000018003f400 f   sfc_debug:sfc_api.obj
 0001:0003e510       sfc_api_extract_message_post_receive_info 000000018003f510 f   sfc_debug:sfc_api.obj
 0001:0003e530       sfc_api_assign_data        000000018003f530 f   sfc_debug:sfc_api.obj
 0001:0003e5e0       sfc_api_whos               000000018003f5e0 f   sfc_debug:sfc_api.obj
 0001:0003e670       sfc_api_get_consistency_info 000000018003f670 f   sfc_debug:sfc_api.obj
 0001:0003e680       sfc_api_browse_trace       000000018003f680 f   sfc_debug:sfc_api.obj
 0001:0003e690       sfc_api_break_on_chart_entry 000000018003f690 f   sfc_debug:sfc_api.obj
 0001:0003e6c0       sfc_api_break_on_event_broadcast 000000018003f6c0 f   sfc_debug:sfc_api.obj
 0001:0003e6f0       sfc_api_break_on_state_entry 000000018003f6f0 f   sfc_debug:sfc_api.obj
 0001:0003e720       sfc_api_set_watch          000000018003f720 f   sfc_debug:sfc_api.obj
 0001:0003e7d0       sfc_api_set_breakpoints    000000018003f7d0 f   sfc_debug:sfc_api.obj
 0001:0003e890       sfc_api_set_eml_breakpoints 000000018003f890 f   sfc_debug:sfc_api.obj
 0001:0003e930       sfc_api_set_script_breakpoints 000000018003f930 f   sfc_debug:sfc_api.obj
 0001:0003e990       sfc_api_add_script_breakpoints 000000018003f990 f   sfc_debug:sfc_api.obj
 0001:0003e9f0       sfc_api_clear_script_breakpoints 000000018003f9f0 f   sfc_debug:sfc_api.obj
 0001:0003ea50       sfc_api_query_script_breakpoints 000000018003fa50 f   sfc_debug:sfc_api.obj
 0001:0003eac0       sfc_api_get_script_id      000000018003fac0 f   sfc_debug:sfc_api.obj
 0001:0003eb80       sfc_api_get_active_states  000000018003fb80 f   sfc_debug:sfc_api.obj
 0001:0003ec10       sfc_api_break_between_times 000000018003fc10 f   sfc_debug:sfc_api.obj
 0001:0003ec80       sfc_api_get_instance_handle 000000018003fc80 f   sfc_debug:sfc_api.obj
 0001:0003ed50       sfc_api_set_animation      000000018003fd50 f   sfc_debug:sfc_api.obj
 0001:0003eda0       sfc_api_select_chart       000000018003fda0 f   sfc_debug:sfc_api.obj
 0001:0003ee10       sfc_api_select_charts      000000018003fe10 f   sfc_debug:sfc_api.obj
 0001:0003ee40       sfc_api_cycle_detection_check 000000018003fe40 f   sfc_debug:sfc_api.obj
 0001:0003ee90       sfc_api_data_range_check   000000018003fe90 f   sfc_debug:sfc_api.obj
 0001:0003eee0       sfc_api_transition_conflict_check 000000018003fee0 f   sfc_debug:sfc_api.obj
 0001:0003ef30       sfc_api_state_consistency_check 000000018003ff30 f   sfc_debug:sfc_api.obj
 0001:0003ef80       sfc_api_set_instance_cv_ids 000000018003ff80 f   sfc_debug:sfc_api.obj
 0001:0003f0b0       sfc_api_set_script_cv_ids  00000001800400b0 f   sfc_debug:sfc_api.obj
 0001:0003f180       sfc_api_get_current_machine_id 0000000180040180 f   sfc_debug:sfc_api.obj
 0001:0003f1b0       sfc_api_get_current_machine_number 00000001800401b0 f   sfc_debug:sfc_api.obj
 0001:0003f1e0       sfc_api_get_current_chart_number 00000001800401e0 f   sfc_debug:sfc_api.obj
 0001:0003f210       sfc_api_get_current_instance_number 0000000180040210 f   sfc_debug:sfc_api.obj
 0001:0003f240       sfc_api_get_current_instance_handle 0000000180040240 f   sfc_debug:sfc_api.obj
 0001:0003f260       sfc_api_get_current_is_minor_time_step 0000000180040260 f   sfc_debug:sfc_api.obj
 0001:0003f290       sfc_api_get_current_machine_name 0000000180040290 f   sfc_debug:sfc_api.obj
 0001:0003f2b0       sfc_api_get_current_chart_id 00000001800402b0 f   sfc_debug:sfc_api.obj
 0001:0003f2e0       sfc_api_get_current_object_type 00000001800402e0 f   sfc_debug:sfc_api.obj
 0001:0003f310       sfc_api_get_current_event_type 0000000180040310 f   sfc_debug:sfc_api.obj
 0001:0003f340       sfc_api_get_current_object_id 0000000180040340 f   sfc_debug:sfc_api.obj
 0001:0003f370       sfc_get_current_active_event_type 0000000180040370 f   sfc_debug:sfc_api.obj
 0001:0003f3a0       sfc_api_get_current_active_event_id 00000001800403a0 f   sfc_debug:sfc_api.obj
 0001:0003f3d0       sfc_api_get_current_simulation_time 00000001800403d0 f   sfc_debug:sfc_api.obj
 0001:0003f3f0       sfc_get_current_tag_type   00000001800403f0 f   sfc_debug:sfc_api.obj
 0001:0003f420       sfc_get_current_coverage_percentage 0000000180040420 f   sfc_debug:sfc_api.obj
 0001:0003f440       sfc_get_current_statement_context 0000000180040440 f   sfc_debug:sfc_api.obj
 0001:0003f460       sfc_get_current_optional_integer 0000000180040460 f   sfc_debug:sfc_api.obj
 0001:0003f490       sfc_get_current_statement_info 0000000180040490 f   sfc_debug:sfc_api.obj
 0001:0003f530       sfc_api_get                0000000180040530 f   sfc_debug:sfc_api.obj
 0001:00040190       sf_debug_sm_fill_state_activity_data 0000000180041190 f   sfc_debug:sfdb_animation.obj
 0001:000429d0       void_ptr_stack_vector_free_total 00000001800439d0 f   sfc_debug:sfdb_data_browse.obj
 0001:00042a50       sf_debug_st_terminate_machine 0000000180043a50 f   sfc_debug:sfdb_data_browse.obj
 0001:00042a90       sf_debug_st_terminate_instance 0000000180043a90 f   sfc_debug:sfdb_data_browse.obj
 0001:00042e40       push_on_to_void_ptr_stack  0000000180043e40 f   sfc_debug:sfdb_data_browse.obj
 0001:00042fd0       pop_from_void_ptr_stack    0000000180043fd0 f   sfc_debug:sfdb_data_browse.obj
 0001:00043100       sf_debug_st_get_data_value 0000000180044100 f   sfc_debug:sfdb_data_browse.obj
 0001:00043630       mx_value                   0000000180044630 f   sfc_debug:sfdb_data_browse.obj
 0001:00043670       sf_debug_st_fill_data_struct 0000000180044670 f   sfc_debug:sfdb_data_browse.obj
 0001:000439b0       data_type_format_strings   00000001800449b0 f   sfc_debug:sfdb_data_browse.obj
 0001:00043a60       sf_debug_st_fill_data      0000000180044a60 f   sfc_debug:sfdb_data_browse.obj
 0001:00044750       sf_debug_hm_get_simulink_handle 0000000180045750 f   sfc_debug:sfdb_handle_management.obj
 0001:00045200       sf_debug_hm_initialize_globals 0000000180046200 f   sfc_debug:sfdb_handle_management.obj
 0001:00045300       sf_debug_hm_get_machine_debug_flag 0000000180046300 f   sfc_debug:sfdb_handle_management.obj
 0001:00045470       sf_debug_hm_get_machine_id 0000000180046470 f   sfc_debug:sfdb_handle_management.obj
 0001:00045590       sf_debug_hm_get_chart_id   0000000180046590 f   sfc_debug:sfdb_handle_management.obj
 0001:00045730       sf_debug_hm_register_executing_SFunction 0000000180046730 f   sfc_debug:sfdb_handle_management.obj
 0001:00045ac0       sf_debug_hm_form_object_boolean_properties 0000000180046ac0 f   sfc_debug:sfdb_handle_management.obj
 0001:00045d90       sf_debug_hm_form_object_properties 0000000180046d90 f   sfc_debug:sfdb_handle_management.obj
 0001:00045fd0       sf_debug_hm_terminate_charts 0000000180046fd0 f   sfc_debug:sfdb_handle_management.obj
 0001:000466b0       sf_debug_hm_terminate_machines 00000001800476b0 f   sfc_debug:sfdb_handle_management.obj
 0001:00048120       sf_debug_ss_copy_dimension 0000000180049120 f   sfc_debug:sfdb_symbol_scope.obj
 0001:000481e0       sf_debug_ss_get_number_elements 00000001800491e0 f   sfc_debug:sfdb_symbol_scope.obj
 0001:00048200       sf_debug_ss_fill_data_struct 0000000180049200 f   sfc_debug:sfdb_symbol_scope.obj
 0001:00048550       sf_debug_ss_reset_data_info 0000000180049550 f   sfc_debug:sfdb_symbol_scope.obj
 0001:000485b0       sf_debug_fill_data_info_by_symbol_scope_entry 00000001800495b0 f   sfc_debug:sfdb_symbol_scope.obj
 0001:00048670       sf_debug_fill_data_info_by_data_vector 0000000180049670 f   sfc_debug:sfdb_symbol_scope.obj
 0001:000488c0       get_data_info_helper       00000001800498c0 f   sfc_debug:sfdb_symbol_scope.obj
 0001:00048bb0       sf_debug_ss_get_data_info  0000000180049bb0 f   sfc_debug:sfdb_symbol_scope.obj
 0001:00048dd0       sf_debug_select_mex_function 0000000180049dd0 f   sfc_debug:sfdb_symbol_scope.obj
 0001:00048e00       sf_debug_is_dyn_matrix_initialized 0000000180049e00 f   sfc_debug:sfdb_symbol_scope.obj
 0001:00048e20       sf_debug_ss_set_data_value_try 0000000180049e20 f   sfc_debug:sfdb_symbol_scope.obj
 0001:00049010       sf_debug_ss_get_data_value 000000018004a010 f   sfc_debug:sfdb_symbol_scope.obj
 0001:00049770       sf_debug_ss_data_bytes_string 000000018004a770 f   sfc_debug:sfdb_symbol_scope.obj
 0001:00049800       sf_debug_ss_data_class_string 000000018004a800 f   sfc_debug:sfdb_symbol_scope.obj
 0001:00049b80       sf_debug_ss_data_size_string 000000018004ab80 f   sfc_debug:sfdb_symbol_scope.obj
 0001:00049c60       sf_debug_ss_data_create_data_info_struct 000000018004ac60 f   sfc_debug:sfdb_symbol_scope.obj
 0001:00049f10       sf_debug_ss_data_create_name_value_pair 000000018004af10 f   sfc_debug:sfdb_symbol_scope.obj
 0001:00049fb0       sf_debug_ss_data_get_whos_info 000000018004afb0 f   sfc_debug:sfdb_symbol_scope.obj
 0001:00049fc0       same_named_data_in_data_array 000000018004afc0 f   sfc_debug:sfdb_symbol_scope.obj
 0001:0004b750       sf_debug_cc_terminate_chart 000000018004c750 f   sfc_debug:sfdb_coverage.obj
 0001:0004ba60       sf_debug_cc_terminate_instance 000000018004ca60 f   sfc_debug:sfdb_coverage.obj
 0001:0004c630       sf_debug_cc_mark_object_if_needed 000000018004d630 f   sfc_debug:sfdb_coverage.obj
 0001:0004ceb0       sf_debug_bm_initialize_eml 000000018004deb0 f   sfc_debug:sfdb_breakpoints.obj
 0001:0004df70       sf_debug_bm_map_debug_tag_to_breakpoint_tag 000000018004ef70 f   sfc_debug:sfdb_breakpoints.obj
 0001:0004e050       sf_debug_bm_is_a_eml_breakpoint_impl 000000018004f050 f   sfc_debug:sfdb_breakpoints.obj
 0001:0004f980       sf_debug_sc_push_on_error_stack 0000000180050980 f   sfc_debug:sfdb_state_consistency.obj
 0001:0004faa0       sf_debug_sc_reset_error_stack 0000000180050aa0 f   sfc_debug:sfdb_state_consistency.obj
 0001:0004fc30       sf_debug_sc_is_state_inconsistent 0000000180050c30 f   sfc_debug:sfdb_state_consistency.obj
 0001:0004ff20       sf_debug_sc_fill_consistency_info 0000000180050f20 f   sfc_debug:sfdb_state_consistency.obj
 0001:000504c0       void_assertion_fcn         00000001800514c0 f   sfc_debug:sfdb_call_stack.obj
 0001:00050a10       sf_debug_tm_fill_local_trace 0000000180051a10 f   sfc_debug:sfdb_call_stack.obj
 0001:00050fb0       sf_debug_cd_terminate_instance 0000000180051fb0 f   sfc_debug:sfdb_cycle_detection.obj
 0001:00051010       sf_debug_cd_free_checksum_stack 0000000180052010 f   sfc_debug:sfdb_cycle_detection.obj
 0001:00051060       sf_debug_cd_reset_pack_strings 0000000180052060 f   sfc_debug:sfdb_cycle_detection.obj
 0001:00051700       md5file_clear              0000000180052700 f   sfc_debug:ckmd5.obj
 0001:00051730       Encode                     0000000180052730 f   sfc_debug:ckmd5.obj
 0001:00051780       Decode                     0000000180052780 f   sfc_debug:ckmd5.obj
 0001:00051820       MD5Transform               0000000180052820 f   sfc_debug:ckmd5.obj
 0001:00052080       md5file_addn               0000000180053080 f   sfc_debug:ckmd5.obj
 0001:00052150       md5file_hash               0000000180053150 f   sfc_debug:ckmd5.obj
 0001:00052650       pre_c_init                 0000000180053650 f   MSVCRT:crtdll.obj
 0001:0005290c       __DllMainCRTStartup        000000018005390c f   MSVCRT:crtdll.obj
 0001:00052ff0       __DllMainCRTStartup$filt$0 0000000180053ff0 f   MSVCRT:crtdll.obj
 0001:00053020       __DllMainCRTStartup$fin$1  0000000180054020 f   MSVCRT:crtdll.obj
 0001:00053039       _onexit$fin$0              0000000180054039 f   MSVCRT:atonexit.obj
 0001:00053060       _IsNonwritableInCurrentImage$filt$0 0000000180054060 f   MSVCRT:pesect.obj
